--------- beginning of main
11-03 10:17:24.962  8445  8445 I TRACKERAUDIT: 0handleNewLocation: triggered
11-03 10:17:24.963  8445  8445 I TRACKERAUDIT: 0handleNewLocation: parkNotificationTimer canceled
11-03 10:17:25.019  8445  8445 I TRACKERAUDIT: 0handleNewLocation: calling storeAndTryTransmitLocationPackage || data: {"accuracy":41.808002,"altitude":883.0,"bearing":343.1,"latitude":-19.93465674,"longitude":-43.9985391,"parked":false,"provider":"gps","speed":0.49,"time":1604408845696}
11-03 10:17:25.074  8445  8445 I TRACKERAUDIT: tryTransmitLocationPackage: calling doTheTransmitionOfLocationPackageThroughCloud
11-03 10:17:25.716  8445  8445 I TRACKERAUDIT: doTheTransmitionOfLocationPackageThroughCloud: transmited package successfuly
11-03 10:17:25.716  8445  8445 I TRACKERAUDIT: tryTransmitLocationPackage: doTheTransmitionOfLocationPackageThroughCloud success
11-03 10:17:25.748  8445  8445 I TRACKERAUDIT: 0handleNewLocation: parkNotificationTimer scheduled
11-03 10:17:30.556  8445  8472 I TRACKERAUDIT: 0handleNewLocation: parkNotificationTimer triggered || data: {"accuracy":41.808002,"altitude":883.0,"bearing":343.1,"latitude":-19.93465674,"longitude":-43.9985391,"originSpeed":0.49,"originTime":1604408845696,"parked":true,"provider":"gps","speed":0.0,"time":1604409450551}
11-03 10:17:30.608  8445  8472 I TRACKERAUDIT: tryTransmitLocationPackage: calling doTheTransmitionOfLocationPackageThroughCloud
11-03 10:17:30.755  8445  8445 I TRACKERAUDIT: transmitOldStoredLocations: reading stored locations to transmit
11-03 10:17:30.773  8445  8445 I TRACKERAUDIT: transmitOldStoredLocations: calling tryTransmitLocationPackage (ID: 000001758E41603C-00000001-B7385011) || data: {"accuracy":41.808002,"altitude":883.0,"bearing":343.1,"latitude":-19.93465674,"longitude":-43.9985391,"parked":true,"provider":"stored:gps","speed":0.0,"time":1604409450551}
11-03 10:17:30.773  8445  8445 I TRACKERAUDIT: tryTransmitLocationPackage: calling doTheTransmitionOfLocationPackageThroughCloud
11-03 10:17:31.210  8445  8472 I TRACKERAUDIT: doTheTransmitionOfLocationPackageThroughCloud: transmited package successfuly
11-03 10:17:31.210  8445  8472 I TRACKERAUDIT: tryTransmitLocationPackage: doTheTransmitionOfLocationPackageThroughCloud success
11-03 10:17:31.368  8445  8445 I TRACKERAUDIT: doTheTransmitionOfLocationPackageThroughCloud: transmited package successfuly
11-03 10:17:31.368  8445  8445 I TRACKERAUDIT: tryTransmitLocationPackage: doTheTransmitionOfLocationPackageThroughCloud success
11-03 10:17:35.256  8445  8445 I TRACKERAUDIT: Device location changed. || data: {"accuracy":13.158,"altitude":883.0999755859375,"latitude":-19.934819,"longitude":-43.9984192,"parked":false,"provider":"network","time":1604409437927}
11-03 10:17:35.256  8445  8445 I TRACKERAUDIT: 1handleNewLocation: triggered
11-03 10:17:35.259  8445  8445 I TRACKERAUDIT: 1handleNewLocation: parkNotificationTimer canceled
11-03 10:17:35.265  8445  8445 I TRACKERAUDIT: 1handleNewLocation: calling storeAndTryTransmitLocationPackage || data: {"accuracy":13.158,"altitude":883.0999755859375,"latitude":-19.934819,"longitude":-43.9984192,"parked":false,"provider":"network","time":1604409437927}
11-03 10:17:35.315  8445  8445 I TRACKERAUDIT: tryTransmitLocationPackage: calling doTheTransmitionOfLocationPackageThroughCloud
11-03 10:17:35.948  8445  8445 I TRACKERAUDIT: doTheTransmitionOfLocationPackageThroughCloud: transmited package successfuly
11-03 10:17:35.949  8445  8445 I TRACKERAUDIT: tryTransmitLocationPackage: doTheTransmitionOfLocationPackageThroughCloud success
11-03 10:17:35.988  8445  8445 I TRACKERAUDIT: 1handleNewLocation: parkNotificationTimer scheduled
11-03 10:17:36.394  8445  8445 I TRACKERAUDIT: transmitOldStoredLocations: reading stored locations to transmit
11-03 10:17:40.793  8445  8485 I TRACKERAUDIT: 1handleNewLocation: parkNotificationTimer triggered || data: {"accuracy":13.158,"altitude":883.0999755859375,"latitude":-19.934819,"longitude":-43.9984192,"originTime":1604409437927,"parked":true,"provider":"network","speed":0.0,"time":1604409460789}
11-03 10:17:40.844  8445  8485 I TRACKERAUDIT: tryTransmitLocationPackage: calling doTheTransmitionOfLocationPackageThroughCloud
11-03 10:17:40.855  8445  8445 I TRACKERAUDIT: Device location changed. || data: {"accuracy":34.304,"altitude":882.0,"bearing":335.8,"latitude":-19.93470351,"longitude":-43.99842338,"parked":false,"provider":"gps","speed":1.93,"time":1604409461638}
11-03 10:17:40.855  8445  8445 I TRACKERAUDIT: 2handleNewLocation: triggered
11-03 10:17:42.522  8445  8485 I TRACKERAUDIT: doTheTransmitionOfLocationPackageThroughCloud: transmited package successfuly
11-03 10:17:42.522  8445  8485 I TRACKERAUDIT: tryTransmitLocationPackage: doTheTransmitionOfLocationPackageThroughCloud success
11-03 10:17:42.553  8445  8445 I TRACKERAUDIT: 2handleNewLocation: parkNotificationTimer canceled
11-03 10:17:42.559  8445  8445 I TRACKERAUDIT: 2handleNewLocation: calling storeAndTryTransmitLocationPackage || data: {"accuracy":34.304,"altitude":882.0,"bearing":335.8,"latitude":-19.93470351,"longitude":-43.99842338,"parked":false,"provider":"gps","speed":1.93,"time":1604409461638}
11-03 10:17:42.589  8445  8445 I TRACKERAUDIT: tryTransmitLocationPackage: calling doTheTransmitionOfLocationPackageThroughCloud
11-03 10:17:43.193  8445  8445 I TRACKERAUDIT: doTheTransmitionOfLocationPackageThroughCloud: transmited package successfuly
11-03 10:17:43.193  8445  8445 I TRACKERAUDIT: tryTransmitLocationPackage: doTheTransmitionOfLocationPackageThroughCloud success
11-03 10:17:43.235  8445  8445 I TRACKERAUDIT: 2handleNewLocation: parkNotificationTimer scheduled
11-03 10:17:43.239  8445  8445 I TRACKERAUDIT: transmitOldStoredLocations: reading stored locations to transmit
11-03 10:17:48.042  8445  8497 I TRACKERAUDIT: 2handleNewLocation: parkNotificationTimer triggered || data: {"accuracy":34.304,"altitude":882.0,"bearing":335.8,"latitude":-19.93470351,"longitude":-43.99842338,"originSpeed":1.93,"originTime":1604409461638,"parked":true,"provider":"gps","speed":0.0,"time":1604409468038}
11-03 10:17:48.079  8445  8497 I TRACKERAUDIT: tryTransmitLocationPackage: calling doTheTransmitionOfLocationPackageThroughCloud
11-03 10:17:48.270  8445  8445 I TRACKERAUDIT: transmitOldStoredLocations: reading stored locations to transmit
11-03 10:17:48.293  8445  8445 I TRACKERAUDIT: transmitOldStoredLocations: calling tryTransmitLocationPackage (ID: 000001758E41A48B-00000005-E98F1ECD) || data: {"accuracy":34.304,"altitude":882.0,"bearing":335.8,"latitude":-19.93470351,"longitude":-43.99842338,"parked":true,"provider":"stored:gps","speed":0.0,"time":1604409468038}
11-03 10:17:48.293  8445  8445 I TRACKERAUDIT: tryTransmitLocationPackage: calling doTheTransmitionOfLocationPackageThroughCloud
11-03 10:17:48.684  8445  8497 I TRACKERAUDIT: doTheTransmitionOfLocationPackageThroughCloud: transmited package successfuly
11-03 10:17:48.684  8445  8497 I TRACKERAUDIT: tryTransmitLocationPackage: doTheTransmitionOfLocationPackageThroughCloud success
11-03 10:17:48.895  8445  8445 I TRACKERAUDIT: doTheTransmitionOfLocationPackageThroughCloud: transmited package successfuly
11-03 10:17:48.896  8445  8445 I TRACKERAUDIT: tryTransmitLocationPackage: doTheTransmitionOfLocationPackageThroughCloud success
11-03 10:17:53.925  8445  8445 I TRACKERAUDIT: transmitOldStoredLocations: reading stored locations to transmit
11-03 10:17:57.855  8445  8445 I TRACKERAUDIT: Device location changed. || data: {"accuracy":18.224,"altitude":883.0,"bearing":151.9,"latitude":-19.93482461,"longitude":-43.99840664,"parked":false,"provider":"gps","speed":0.89,"time":1604409478649}
11-03 10:17:57.855  8445  8445 I TRACKERAUDIT: 3handleNewLocation: triggered
11-03 10:17:57.857  8445  8445 I TRACKERAUDIT: 3handleNewLocation: parkNotificationTimer canceled
11-03 10:17:57.864  8445  8445 I TRACKERAUDIT: 3handleNewLocation: calling storeAndTryTransmitLocationPackage || data: {"accuracy":18.224,"altitude":883.0,"bearing":151.9,"latitude":-19.93482461,"longitude":-43.99840664,"parked":false,"provider":"gps","speed":0.89,"time":1604409478649}
11-03 10:17:57.895  8445  8445 I TRACKERAUDIT: tryTransmitLocationPackage: calling doTheTransmitionOfLocationPackageThroughCloud
11-03 10:17:58.506  8445  8445 I TRACKERAUDIT: doTheTransmitionOfLocationPackageThroughCloud: transmited package successfuly
11-03 10:17:58.506  8445  8445 I TRACKERAUDIT: tryTransmitLocationPackage: doTheTransmitionOfLocationPackageThroughCloud success
11-03 10:17:58.549  8445  8445 I TRACKERAUDIT: 3handleNewLocation: parkNotificationTimer scheduled
11-03 10:17:58.957  8445  8445 I TRACKERAUDIT: transmitOldStoredLocations: reading stored locations to transmit
11-03 10:18:00.853  8445  8445 I TRACKERAUDIT: Device location changed. || data: {"accuracy":13.936001,"altitude":883.0,"bearing":257.0,"latitude":-19.9348334,"longitude":-43.99852251,"parked":false,"provider":"gps","speed":0.53,"time":1604409481649}
11-03 10:18:00.854  8445  8445 I TRACKERAUDIT: 4handleNewLocation: triggered
11-03 10:18:00.855  8445  8445 I TRACKERAUDIT: 4handleNewLocation: parkNotificationTimer canceled
11-03 10:18:00.862  8445  8445 I TRACKERAUDIT: 4handleNewLocation: calling storeAndTryTransmitLocationPackage || data: {"accuracy":13.936001,"altitude":883.0,"bearing":257.0,"latitude":-19.9348334,"longitude":-43.99852251,"parked":false,"provider":"gps","speed":0.53,"time":1604409481649}
11-03 10:18:00.904  8445  8445 I TRACKERAUDIT: tryTransmitLocationPackage: calling doTheTransmitionOfLocationPackageThroughCloud
11-03 10:18:01.517  8445  8445 I TRACKERAUDIT: doTheTransmitionOfLocationPackageThroughCloud: transmited package successfuly
11-03 10:18:01.517  8445  8445 I TRACKERAUDIT: tryTransmitLocationPackage: doTheTransmitionOfLocationPackageThroughCloud success
11-03 10:18:01.559  8445  8445 I TRACKERAUDIT: 4handleNewLocation: parkNotificationTimer scheduled
11-03 10:18:02.851  8445  8445 I TRACKERAUDIT: Device location changed. || data: {"accuracy":15.008,"altitude":883.0,"bearing":158.0,"latitude":-19.93494546,"longitude":-43.99835365,"parked":false,"provider":"gps","speed":0.42,"time":1604409483691}
11-03 10:18:02.851  8445  8445 I TRACKERAUDIT: 5handleNewLocation: triggered
11-03 10:18:02.854  8445  8445 I TRACKERAUDIT: 5handleNewLocation: parkNotificationTimer canceled
11-03 10:18:02.861  8445  8445 I TRACKERAUDIT: 5handleNewLocation: calling storeAndTryTransmitLocationPackage || data: {"accuracy":15.008,"altitude":883.0,"bearing":158.0,"latitude":-19.93494546,"longitude":-43.99835365,"parked":false,"provider":"gps","speed":0.42,"time":1604409483691}
11-03 10:18:02.898  8445  8445 I TRACKERAUDIT: tryTransmitLocationPackage: calling doTheTransmitionOfLocationPackageThroughCloud
11-03 10:18:03.512  8445  8445 I TRACKERAUDIT: doTheTransmitionOfLocationPackageThroughCloud: transmited package successfuly
11-03 10:18:03.512  8445  8445 I TRACKERAUDIT: tryTransmitLocationPackage: doTheTransmitionOfLocationPackageThroughCloud success
11-03 10:18:03.561  8445  8445 I TRACKERAUDIT: 5handleNewLocation: parkNotificationTimer scheduled
11-03 10:18:03.991  8445  8445 I TRACKERAUDIT: transmitOldStoredLocations: reading stored locations to transmit
11-03 10:18:04.856  8445  8445 I TRACKERAUDIT: Device location changed. || data: {"accuracy":28.944,"altitude":883.0,"bearing":358.0,"latitude":-19.93488169,"longitude":-43.99842933,"parked":false,"provider":"gps","speed":2.25,"time":1604409485691}
11-03 10:18:04.856  8445  8445 I TRACKERAUDIT: 6handleNewLocation: triggered
11-03 10:18:04.862  8445  8445 I TRACKERAUDIT: 6handleNewLocation: parkNotificationTimer canceled
11-03 10:18:04.868  8445  8445 I TRACKERAUDIT: 6handleNewLocation: calling storeAndTryTransmitLocationPackage || data: {"accuracy":28.944,"altitude":883.0,"bearing":358.0,"latitude":-19.93488169,"longitude":-43.99842933,"parked":false,"provider":"gps","speed":2.25,"time":1604409485691}
11-03 10:18:04.902  8445  8445 I TRACKERAUDIT: tryTransmitLocationPackage: calling doTheTransmitionOfLocationPackageThroughCloud
11-03 10:18:05.584  8445  8445 I TRACKERAUDIT: doTheTransmitionOfLocationPackageThroughCloud: transmited package successfuly
11-03 10:18:05.584  8445  8445 I TRACKERAUDIT: tryTransmitLocationPackage: doTheTransmitionOfLocationPackageThroughCloud success
11-03 10:18:05.627  8445  8445 I TRACKERAUDIT: 6handleNewLocation: parkNotificationTimer scheduled
11-03 10:18:06.850  8445  8445 I TRACKERAUDIT: Device location changed. || data: {"accuracy":23.584,"altitude":883.0,"bearing":253.7,"latitude":-19.93480792,"longitude":-43.99836801,"parked":false,"provider":"gps","speed":0.91,"time":1604409487691}
11-03 10:18:06.850  8445  8445 I TRACKERAUDIT: 7handleNewLocation: triggered
11-03 10:18:06.852  8445  8445 I TRACKERAUDIT: 7handleNewLocation: parkNotificationTimer canceled
11-03 10:18:06.858  8445  8445 I TRACKERAUDIT: 7handleNewLocation: calling storeAndTryTransmitLocationPackage || data: {"accuracy":23.584,"altitude":883.0,"bearing":253.7,"latitude":-19.93480792,"longitude":-43.99836801,"parked":false,"provider":"gps","speed":0.91,"time":1604409487691}
11-03 10:18:06.897  8445  8445 I TRACKERAUDIT: tryTransmitLocationPackage: calling doTheTransmitionOfLocationPackageThroughCloud
11-03 10:18:07.502  8445  8445 I TRACKERAUDIT: doTheTransmitionOfLocationPackageThroughCloud: transmited package successfuly
11-03 10:18:07.503  8445  8445 I TRACKERAUDIT: tryTransmitLocationPackage: doTheTransmitionOfLocationPackageThroughCloud success
11-03 10:18:07.548  8445  8445 I TRACKERAUDIT: 7handleNewLocation: parkNotificationTimer scheduled
11-03 10:18:08.848  8445  8445 I TRACKERAUDIT: Device location changed. || data: {"accuracy":22.512001,"altitude":883.0,"bearing":17.6,"latitude":-19.93509243,"longitude":-43.99835355,"parked":false,"provider":"gps","speed":1.58,"time":1604409489692}
11-03 10:18:08.848  8445  8445 I TRACKERAUDIT: 8handleNewLocation: triggered
11-03 10:18:08.851  8445  8445 I TRACKERAUDIT: 8handleNewLocation: parkNotificationTimer canceled
11-03 10:18:08.857  8445  8445 I TRACKERAUDIT: 8handleNewLocation: calling storeAndTryTransmitLocationPackage || data: {"accuracy":22.512001,"altitude":883.0,"bearing":17.6,"latitude":-19.93509243,"longitude":-43.99835355,"parked":false,"provider":"gps","speed":1.58,"time":1604409489692}
11-03 10:18:08.894  8445  8445 I TRACKERAUDIT: tryTransmitLocationPackage: calling doTheTransmitionOfLocationPackageThroughCloud
11-03 10:18:09.472  8445  8445 I TRACKERAUDIT: doTheTransmitionOfLocationPackageThroughCloud: transmited package successfuly
11-03 10:18:09.472  8445  8445 I TRACKERAUDIT: tryTransmitLocationPackage: doTheTransmitionOfLocationPackageThroughCloud success
11-03 10:18:09.510  8445  8445 I TRACKERAUDIT: 8handleNewLocation: parkNotificationTimer scheduled
11-03 10:18:09.571  8445  8445 I TRACKERAUDIT: transmitOldStoredLocations: reading stored locations to transmit
11-03 10:18:10.850  8445  8445 I TRACKERAUDIT: Device location changed. || data: {"accuracy":46.096,"altitude":882.0,"bearing":229.1,"latitude":-19.93492944,"longitude":-43.99853032,"parked":false,"provider":"gps","speed":2.14,"time":1604409491691}
11-03 10:18:10.850  8445  8445 I TRACKERAUDIT: 9handleNewLocation: triggered
11-03 10:18:10.854  8445  8445 I TRACKERAUDIT: 9handleNewLocation: parkNotificationTimer canceled
11-03 10:18:10.859  8445  8445 I TRACKERAUDIT: 9handleNewLocation: calling storeAndTryTransmitLocationPackage || data: {"accuracy":46.096,"altitude":882.0,"bearing":229.1,"latitude":-19.93492944,"longitude":-43.99853032,"parked":false,"provider":"gps","speed":2.14,"time":1604409491691}
11-03 10:18:10.893  8445  8445 I TRACKERAUDIT: tryTransmitLocationPackage: calling doTheTransmitionOfLocationPackageThroughCloud
11-03 10:18:11.489  8445  8445 I TRACKERAUDIT: doTheTransmitionOfLocationPackageThroughCloud: transmited package successfuly
11-03 10:18:11.489  8445  8445 I TRACKERAUDIT: tryTransmitLocationPackage: doTheTransmitionOfLocationPackageThroughCloud success
11-03 10:18:11.533  8445  8445 I TRACKERAUDIT: 9handleNewLocation: parkNotificationTimer scheduled
11-03 10:18:12.846  8445  8445 I TRACKERAUDIT: Device location changed. || data: {"accuracy":179.024,"altitude":882.0,"bearing":18.7,"latitude":-19.93454765,"longitude":-43.9981119,"parked":false,"provider":"gps","speed":2.06,"time":1604409493691}
11-03 10:18:12.846  8445  8445 I TRACKERAUDIT: 10handleNewLocation: triggered
11-03 10:18:12.851  8445  8445 I TRACKERAUDIT: 10handleNewLocation: parkNotificationTimer canceled
11-03 10:18:12.856  8445  8445 I TRACKERAUDIT: 10handleNewLocation: calling storeAndTryTransmitLocationPackage || data: {"accuracy":179.024,"altitude":882.0,"bearing":18.7,"latitude":-19.93454765,"longitude":-43.9981119,"parked":false,"provider":"gps","speed":2.06,"time":1604409493691}
11-03 10:18:12.885  8445  8445 I TRACKERAUDIT: tryTransmitLocationPackage: calling doTheTransmitionOfLocationPackageThroughCloud
11-03 10:18:13.468  8445  8445 I TRACKERAUDIT: doTheTransmitionOfLocationPackageThroughCloud: transmited package successfuly
11-03 10:18:13.468  8445  8445 I TRACKERAUDIT: tryTransmitLocationPackage: doTheTransmitionOfLocationPackageThroughCloud success
11-03 10:18:13.514  8445  8445 I TRACKERAUDIT: 10handleNewLocation: parkNotificationTimer scheduled
11-03 10:18:14.594  8445  8445 I TRACKERAUDIT: transmitOldStoredLocations: reading stored locations to transmit
11-03 10:18:14.847  8445  8445 I TRACKERAUDIT: Device location changed. || data: {"accuracy":156.51201,"altitude":881.0,"bearing":177.5,"latitude":-19.93471296,"longitude":-43.99851335,"parked":false,"provider":"gps","speed":1.31,"time":1604409495692}
11-03 10:18:14.848  8445  8445 I TRACKERAUDIT: 11handleNewLocation: triggered
11-03 10:18:14.849  8445  8445 I TRACKERAUDIT: 11handleNewLocation: parkNotificationTimer canceled
11-03 10:18:14.854  8445  8445 I TRACKERAUDIT: 11handleNewLocation: calling storeAndTryTransmitLocationPackage || data: {"accuracy":156.51201,"altitude":881.0,"bearing":177.5,"latitude":-19.93471296,"longitude":-43.99851335,"parked":false,"provider":"gps","speed":1.31,"time":1604409495692}
11-03 10:18:14.889  8445  8445 I TRACKERAUDIT: tryTransmitLocationPackage: calling doTheTransmitionOfLocationPackageThroughCloud
11-03 10:18:15.463  8445  8445 I TRACKERAUDIT: doTheTransmitionOfLocationPackageThroughCloud: transmited package successfuly
11-03 10:18:15.464  8445  8445 I TRACKERAUDIT: tryTransmitLocationPackage: doTheTransmitionOfLocationPackageThroughCloud success
11-03 10:18:15.507  8445  8445 I TRACKERAUDIT: 11handleNewLocation: parkNotificationTimer scheduled
11-03 10:18:16.848  8445  8445 I TRACKERAUDIT: Device location changed. || data: {"accuracy":176.88,"altitude":881.0,"bearing":348.6,"latitude":-19.93488931,"longitude":-43.99864185,"parked":false,"provider":"gps","speed":1.86,"time":1604409497691}
11-03 10:18:16.849  8445  8445 I TRACKERAUDIT: 12handleNewLocation: triggered
11-03 10:18:16.850  8445  8445 I TRACKERAUDIT: 12handleNewLocation: parkNotificationTimer canceled
11-03 10:18:16.854  8445  8445 I TRACKERAUDIT: 12handleNewLocation: calling storeAndTryTransmitLocationPackage || data: {"accuracy":176.88,"altitude":881.0,"bearing":348.6,"latitude":-19.93488931,"longitude":-43.99864185,"parked":false,"provider":"gps","speed":1.86,"time":1604409497691}
11-03 10:18:16.888  8445  8445 I TRACKERAUDIT: tryTransmitLocationPackage: calling doTheTransmitionOfLocationPackageThroughCloud
11-03 10:18:17.467  8445  8445 I TRACKERAUDIT: doTheTransmitionOfLocationPackageThroughCloud: transmited package successfuly
11-03 10:18:17.467  8445  8445 I TRACKERAUDIT: tryTransmitLocationPackage: doTheTransmitionOfLocationPackageThroughCloud success
11-03 10:18:17.503  8445  8445 I TRACKERAUDIT: 12handleNewLocation: parkNotificationTimer scheduled
11-03 10:18:18.849  8445  8445 I TRACKERAUDIT: Device location changed. || data: {"accuracy":46.096,"altitude":880.0,"bearing":315.2,"latitude":-19.93475697,"longitude":-43.99873221,"parked":false,"provider":"gps","speed":1.41,"time":1604409499691}
11-03 10:18:18.850  8445  8445 I TRACKERAUDIT: 13handleNewLocation: triggered
11-03 10:18:18.853  8445  8445 I TRACKERAUDIT: 13handleNewLocation: parkNotificationTimer canceled
11-03 10:18:18.857  8445  8445 I TRACKERAUDIT: 13handleNewLocation: calling storeAndTryTransmitLocationPackage || data: {"accuracy":46.096,"altitude":880.0,"bearing":315.2,"latitude":-19.93475697,"longitude":-43.99873221,"parked":false,"provider":"gps","speed":1.41,"time":1604409499691}
11-03 10:18:18.904  8445  8445 I TRACKERAUDIT: tryTransmitLocationPackage: calling doTheTransmitionOfLocationPackageThroughCloud
11-03 10:18:19.482  8445  8445 I TRACKERAUDIT: doTheTransmitionOfLocationPackageThroughCloud: transmited package successfuly
11-03 10:18:19.483  8445  8445 I TRACKERAUDIT: tryTransmitLocationPackage: doTheTransmitionOfLocationPackageThroughCloud success
11-03 10:18:19.520  8445  8445 I TRACKERAUDIT: 13handleNewLocation: parkNotificationTimer scheduled
11-03 10:18:19.624  8445  8445 I TRACKERAUDIT: transmitOldStoredLocations: reading stored locations to transmit
11-03 10:18:20.848  8445  8445 I TRACKERAUDIT: Device location changed. || data: {"accuracy":39.664,"altitude":881.0,"bearing":228.4,"latitude":-19.93476929,"longitude":-43.99844606,"parked":false,"provider":"gps","speed":1.04,"time":1604409501691}
11-03 10:18:20.849  8445  8445 I TRACKERAUDIT: 14handleNewLocation: triggered
11-03 10:18:20.850  8445  8445 I TRACKERAUDIT: 14handleNewLocation: parkNotificationTimer canceled
11-03 10:18:20.854  8445  8445 I TRACKERAUDIT: 14handleNewLocation: calling storeAndTryTransmitLocationPackage || data: {"accuracy":39.664,"altitude":881.0,"bearing":228.4,"latitude":-19.93476929,"longitude":-43.99844606,"parked":false,"provider":"gps","speed":1.04,"time":1604409501691}
11-03 10:18:20.885  8445  8445 I TRACKERAUDIT: tryTransmitLocationPackage: calling doTheTransmitionOfLocationPackageThroughCloud
11-03 10:18:21.514  8445  8445 I TRACKERAUDIT: doTheTransmitionOfLocationPackageThroughCloud: transmited package successfuly
11-03 10:18:21.515  8445  8445 I TRACKERAUDIT: tryTransmitLocationPackage: doTheTransmitionOfLocationPackageThroughCloud success
11-03 10:18:21.554  8445  8445 I TRACKERAUDIT: 14handleNewLocation: parkNotificationTimer scheduled
11-03 10:18:22.847  8445  8445 I TRACKERAUDIT: Device location changed. || data: {"accuracy":35.376,"altitude":883.0,"bearing":317.5,"latitude":-19.93487541,"longitude":-43.99849782,"parked":false,"provider":"gps","speed":1.46,"time":1604409503691}
11-03 10:18:22.847  8445  8445 I TRACKERAUDIT: 15handleNewLocation: triggered
11-03 10:18:22.849  8445  8445 I TRACKERAUDIT: 15handleNewLocation: parkNotificationTimer canceled
11-03 10:18:22.853  8445  8445 I TRACKERAUDIT: 15handleNewLocation: calling storeAndTryTransmitLocationPackage || data: {"accuracy":35.376,"altitude":883.0,"bearing":317.5,"latitude":-19.93487541,"longitude":-43.99849782,"parked":false,"provider":"gps","speed":1.46,"time":1604409503691}
11-03 10:18:22.878  8445  8445 I TRACKERAUDIT: tryTransmitLocationPackage: calling doTheTransmitionOfLocationPackageThroughCloud
11-03 10:18:23.472  8445  8445 I TRACKERAUDIT: doTheTransmitionOfLocationPackageThroughCloud: transmited package successfuly
11-03 10:18:23.472  8445  8445 I TRACKERAUDIT: tryTransmitLocationPackage: doTheTransmitionOfLocationPackageThroughCloud success
11-03 10:18:23.504  8445  8445 I TRACKERAUDIT: 15handleNewLocation: parkNotificationTimer scheduled
11-03 10:18:24.647  8445  8445 I TRACKERAUDIT: transmitOldStoredLocations: reading stored locations to transmit
11-03 10:18:24.847  8445  8445 I TRACKERAUDIT: Device location changed. || data: {"accuracy":82.544,"altitude":879.0,"bearing":317.5,"latitude":-19.93500578,"longitude":-43.9984569,"parked":false,"provider":"gps","speed":0.15,"time":1604409505670}
11-03 10:18:24.847  8445  8445 I TRACKERAUDIT: 16handleNewLocation: triggered
11-03 10:18:24.849  8445  8445 I TRACKERAUDIT: 16handleNewLocation: parkNotificationTimer canceled
11-03 10:18:24.852  8445  8445 I TRACKERAUDIT: 16handleNewLocation: calling storeAndTryTransmitLocationPackage || data: {"accuracy":82.544,"altitude":879.0,"bearing":317.5,"latitude":-19.93500578,"longitude":-43.9984569,"parked":false,"provider":"gps","speed":0.15,"time":1604409505670}
11-03 10:18:24.876  8445  8445 I TRACKERAUDIT: tryTransmitLocationPackage: calling doTheTransmitionOfLocationPackageThroughCloud
11-03 10:18:25.462  8445  8445 I TRACKERAUDIT: doTheTransmitionOfLocationPackageThroughCloud: transmited package successfuly
11-03 10:18:25.462  8445  8445 I TRACKERAUDIT: tryTransmitLocationPackage: doTheTransmitionOfLocationPackageThroughCloud success
11-03 10:18:25.499  8445  8445 I TRACKERAUDIT: 16handleNewLocation: parkNotificationTimer scheduled
11-03 10:18:28.176  8445  8445 I TRACKERAUDIT: Device location changed. || data: {"accuracy":13.936001,"altitude":881.0,"latitude":-19.93501578,"longitude":-43.99836262,"parked":false,"provider":"gps","speed":0.0,"time":1604409509000}
11-03 10:18:28.177  8445  8445 I TRACKERAUDIT: 17handleNewLocation: triggered
11-03 10:18:28.179  8445  8445 I TRACKERAUDIT: 17handleNewLocation: parkNotificationTimer canceled
11-03 10:18:28.182  8445  8445 I TRACKERAUDIT: 17handleNewLocation: calling storeAndTryTransmitLocationPackage || data: {"accuracy":13.936001,"altitude":881.0,"latitude":-19.93501578,"longitude":-43.99836262,"parked":false,"provider":"gps","speed":0.0,"time":1604409509000}
11-03 10:18:28.212  8445  8445 I TRACKERAUDIT: tryTransmitLocationPackage: calling doTheTransmitionOfLocationPackageThroughCloud
11-03 10:18:30.547  8445  8445 I TRACKERAUDIT: doTheTransmitionOfLocationPackageThroughCloud: transmited package successfuly
11-03 10:18:30.547  8445  8445 I TRACKERAUDIT: tryTransmitLocationPackage: doTheTransmitionOfLocationPackageThroughCloud success
11-03 10:18:30.586  8445  8445 I TRACKERAUDIT: 17handleNewLocation: parkNotificationTimer scheduled
11-03 10:18:30.631  8445  8445 I TRACKERAUDIT: transmitOldStoredLocations: reading stored locations to transmit
11-03 10:18:32.178  8445  8445 I TRACKERAUDIT: Device location changed. || data: {"accuracy":30.016,"altitude":880.0,"latitude":-19.93501966,"longitude":-43.99831306,"parked":false,"provider":"gps","speed":0.0,"time":1604409513000}
11-03 10:18:32.178  8445  8445 I TRACKERAUDIT: 18handleNewLocation: triggered
11-03 10:18:32.180  8445  8445 I TRACKERAUDIT: 18handleNewLocation: parkNotificationTimer canceled
11-03 10:18:32.184  8445  8445 I TRACKERAUDIT: 18handleNewLocation: calling storeAndTryTransmitLocationPackage || data: {"accuracy":30.016,"altitude":880.0,"latitude":-19.93501966,"longitude":-43.99831306,"parked":false,"provider":"gps","speed":0.0,"time":1604409513000}
11-03 10:18:32.213  8445  8445 I TRACKERAUDIT: tryTransmitLocationPackage: calling doTheTransmitionOfLocationPackageThroughCloud
11-03 10:18:32.788  8445  8445 I TRACKERAUDIT: doTheTransmitionOfLocationPackageThroughCloud: transmited package successfuly
11-03 10:18:32.788  8445  8445 I TRACKERAUDIT: tryTransmitLocationPackage: doTheTransmitionOfLocationPackageThroughCloud success
11-03 10:18:32.815  8445  8445 I TRACKERAUDIT: 18handleNewLocation: parkNotificationTimer scheduled
11-03 10:18:35.654  8445  8445 I TRACKERAUDIT: transmitOldStoredLocations: reading stored locations to transmit
11-03 10:18:36.178  8445  8445 I TRACKERAUDIT: Device location changed. || data: {"accuracy":33.232002,"altitude":878.0,"latitude":-19.93494159,"longitude":-43.99833688,"parked":false,"provider":"gps","speed":0.0,"time":1604409517000}
11-03 10:18:36.178  8445  8445 I TRACKERAUDIT: 19handleNewLocation: triggered
11-03 10:18:36.180  8445  8445 I TRACKERAUDIT: 19handleNewLocation: parkNotificationTimer canceled
11-03 10:18:36.183  8445  8445 I TRACKERAUDIT: 19handleNewLocation: calling storeAndTryTransmitLocationPackage || data: {"accuracy":33.232002,"altitude":878.0,"latitude":-19.93494159,"longitude":-43.99833688,"parked":false,"provider":"gps","speed":0.0,"time":1604409517000}
11-03 10:18:36.212  8445  8445 I TRACKERAUDIT: tryTransmitLocationPackage: calling doTheTransmitionOfLocationPackageThroughCloud
11-03 10:18:36.831  8445  8445 I TRACKERAUDIT: doTheTransmitionOfLocationPackageThroughCloud: transmited package successfuly
11-03 10:18:36.831  8445  8445 I TRACKERAUDIT: tryTransmitLocationPackage: doTheTransmitionOfLocationPackageThroughCloud success
11-03 10:18:36.869  8445  8445 I TRACKERAUDIT: 19handleNewLocation: parkNotificationTimer scheduled
11-03 10:18:38.183  8445  8445 I TRACKERAUDIT: Device location changed. || data: {"accuracy":20.368,"altitude":881.0,"latitude":-19.9348439,"longitude":-43.99837559,"parked":false,"provider":"gps","speed":0.0,"time":1604409519000}
11-03 10:18:38.183  8445  8445 I TRACKERAUDIT: 20handleNewLocation: triggered
11-03 10:18:38.185  8445  8445 I TRACKERAUDIT: 20handleNewLocation: parkNotificationTimer canceled
11-03 10:18:38.188  8445  8445 I TRACKERAUDIT: 20handleNewLocation: calling storeAndTryTransmitLocationPackage || data: {"accuracy":20.368,"altitude":881.0,"latitude":-19.9348439,"longitude":-43.99837559,"parked":false,"provider":"gps","speed":0.0,"time":1604409519000}
11-03 10:18:38.217  8445  8445 I TRACKERAUDIT: tryTransmitLocationPackage: calling doTheTransmitionOfLocationPackageThroughCloud
11-03 10:18:38.790  8445  8445 I TRACKERAUDIT: doTheTransmitionOfLocationPackageThroughCloud: transmited package successfuly
11-03 10:18:38.791  8445  8445 I TRACKERAUDIT: tryTransmitLocationPackage: doTheTransmitionOfLocationPackageThroughCloud success
11-03 10:18:38.830  8445  8445 I TRACKERAUDIT: 20handleNewLocation: parkNotificationTimer scheduled
11-03 10:18:40.686  8445  8445 I TRACKERAUDIT: transmitOldStoredLocations: reading stored locations to transmit
11-03 10:18:43.633  8445  8548 I TRACKERAUDIT: 20handleNewLocation: parkNotificationTimer triggered || data: {"accuracy":20.368,"altitude":881.0,"latitude":-19.9348439,"longitude":-43.99837559,"originSpeed":0.0,"originTime":1604409519000,"parked":true,"provider":"gps","speed":0.0,"time":1604409523631}
11-03 10:18:43.665  8445  8548 I TRACKERAUDIT: tryTransmitLocationPackage: calling doTheTransmitionOfLocationPackageThroughCloud
11-03 10:18:44.237  8445  8548 I TRACKERAUDIT: doTheTransmitionOfLocationPackageThroughCloud: transmited package successfuly
11-03 10:18:44.237  8445  8548 I TRACKERAUDIT: tryTransmitLocationPackage: doTheTransmitionOfLocationPackageThroughCloud success
11-03 10:18:45.718  8445  8445 I TRACKERAUDIT: transmitOldStoredLocations: reading stored locations to transmit
11-03 10:18:50.753  8445  8445 I TRACKERAUDIT: transmitOldStoredLocations: reading stored locations to transmit
11-03 10:18:55.772  8445  8445 I TRACKERAUDIT: transmitOldStoredLocations: reading stored locations to transmit
11-03 10:19:00.791  8445  8445 I TRACKERAUDIT: transmitOldStoredLocations: reading stored locations to transmit
11-03 10:19:05.809  8445  8445 I TRACKERAUDIT: transmitOldStoredLocations: reading stored locations to transmit
11-03 10:19:10.827  8445  8445 I TRACKERAUDIT: transmitOldStoredLocations: reading stored locations to transmit
11-03 10:19:15.847  8445  8445 I TRACKERAUDIT: transmitOldStoredLocations: reading stored locations to transmit
11-03 10:19:20.865  8445  8445 I TRACKERAUDIT: transmitOldStoredLocations: reading stored locations to transmit
11-03 10:19:25.883  8445  8445 I TRACKERAUDIT: transmitOldStoredLocations: reading stored locations to transmit
11-03 10:19:30.903  8445  8445 I TRACKERAUDIT: transmitOldStoredLocations: reading stored locations to transmit
11-03 10:19:35.921  8445  8445 I TRACKERAUDIT: transmitOldStoredLocations: reading stored locations to transmit
11-03 10:19:40.939  8445  8445 I TRACKERAUDIT: transmitOldStoredLocations: reading stored locations to transmit
11-03 10:19:45.959  8445  8445 I TRACKERAUDIT: transmitOldStoredLocations: reading stored locations to transmit
11-03 10:19:46.184  8445  8445 I TRACKERAUDIT: Device location changed. || data: {"accuracy":12.864,"altitude":876.0,"bearing":101.7,"latitude":-19.93479464,"longitude":-43.99833984,"parked":false,"provider":"gps","speed":1.46,"time":1604409587000}
11-03 10:19:46.184  8445  8445 I TRACKERAUDIT: 21handleNewLocation: triggered
11-03 10:19:46.186  8445  8445 I TRACKERAUDIT: 21handleNewLocation: parkNotificationTimer canceled
11-03 10:19:46.190  8445  8445 I TRACKERAUDIT: 21handleNewLocation: calling storeAndTryTransmitLocationPackage || data: {"accuracy":12.864,"altitude":876.0,"bearing":101.7,"latitude":-19.93479464,"longitude":-43.99833984,"parked":false,"provider":"gps","speed":1.46,"time":1604409587000}
11-03 10:19:46.248  8445  8445 I TRACKERAUDIT: tryTransmitLocationPackage: calling doTheTransmitionOfLocationPackageThroughCloud
11-03 10:19:46.818  8445  8445 I TRACKERAUDIT: doTheTransmitionOfLocationPackageThroughCloud: transmited package successfuly
11-03 10:19:46.819  8445  8445 I TRACKERAUDIT: tryTransmitLocationPackage: doTheTransmitionOfLocationPackageThroughCloud success
11-03 10:19:46.855  8445  8445 I TRACKERAUDIT: 21handleNewLocation: parkNotificationTimer scheduled
11-03 10:19:50.977  8445  8445 I TRACKERAUDIT: transmitOldStoredLocations: reading stored locations to transmit
11-03 10:19:51.660  8445  8674 I TRACKERAUDIT: 21handleNewLocation: parkNotificationTimer triggered || data: {"accuracy":12.864,"altitude":876.0,"bearing":101.7,"latitude":-19.93479464,"longitude":-43.99833984,"originSpeed":1.46,"originTime":1604409587000,"parked":true,"provider":"gps","speed":0.0,"time":1604409591658}
11-03 10:19:51.693  8445  8674 I TRACKERAUDIT: tryTransmitLocationPackage: calling doTheTransmitionOfLocationPackageThroughCloud
11-03 10:19:52.184  8445  8445 I TRACKERAUDIT: Device location changed. || data: {"accuracy":5.36,"altitude":877.0,"bearing":229.1,"latitude":-19.93483963,"longitude":-43.99837433,"parked":false,"provider":"gps","speed":1.76,"time":1604409593000}
11-03 10:19:52.184  8445  8445 I TRACKERAUDIT: 22handleNewLocation: triggered
11-03 10:19:52.289  8445  8674 I TRACKERAUDIT: doTheTransmitionOfLocationPackageThroughCloud: transmited package successfuly
11-03 10:19:52.290  8445  8674 I TRACKERAUDIT: tryTransmitLocationPackage: doTheTransmitionOfLocationPackageThroughCloud success
11-03 10:19:52.317  8445  8445 I TRACKERAUDIT: 22handleNewLocation: parkNotificationTimer canceled
11-03 10:19:52.320  8445  8445 I TRACKERAUDIT: 22handleNewLocation: calling storeAndTryTransmitLocationPackage || data: {"accuracy":5.36,"altitude":877.0,"bearing":229.1,"latitude":-19.93483963,"longitude":-43.99837433,"parked":false,"provider":"gps","speed":1.76,"time":1604409593000}
11-03 10:19:52.343  8445  8445 I TRACKERAUDIT: tryTransmitLocationPackage: calling doTheTransmitionOfLocationPackageThroughCloud
11-03 10:19:52.912  8445  8445 I TRACKERAUDIT: doTheTransmitionOfLocationPackageThroughCloud: transmited package successfuly
11-03 10:19:52.913  8445  8445 I TRACKERAUDIT: tryTransmitLocationPackage: doTheTransmitionOfLocationPackageThroughCloud success
11-03 10:19:52.948  8445  8445 I TRACKERAUDIT: 22handleNewLocation: parkNotificationTimer scheduled
11-03 10:19:56.006  8445  8445 I TRACKERAUDIT: transmitOldStoredLocations: reading stored locations to transmit
11-03 10:19:56.188  8445  8445 I TRACKERAUDIT: Device location changed. || data: {"accuracy":4.288,"altitude":876.0,"bearing":286.8,"latitude":-19.93487348,"longitude":-43.99840956,"parked":false,"provider":"gps","speed":1.2,"time":1604409597000}
11-03 10:19:56.188  8445  8445 I TRACKERAUDIT: 23handleNewLocation: triggered
11-03 10:19:56.190  8445  8445 I TRACKERAUDIT: 23handleNewLocation: parkNotificationTimer canceled
11-03 10:19:56.194  8445  8445 I TRACKERAUDIT: 23handleNewLocation: calling storeAndTryTransmitLocationPackage || data: {"accuracy":4.288,"altitude":876.0,"bearing":286.8,"latitude":-19.93487348,"longitude":-43.99840956,"parked":false,"provider":"gps","speed":1.2,"time":1604409597000}
11-03 10:19:56.217  8445  8445 I TRACKERAUDIT: tryTransmitLocationPackage: calling doTheTransmitionOfLocationPackageThroughCloud
11-03 10:19:58.477  8445  8445 I TRACKERAUDIT: doTheTransmitionOfLocationPackageThroughCloud: transmited package successfuly
11-03 10:19:58.478  8445  8445 I TRACKERAUDIT: tryTransmitLocationPackage: doTheTransmitionOfLocationPackageThroughCloud success
11-03 10:19:58.513  8445  8445 I TRACKERAUDIT: 23handleNewLocation: parkNotificationTimer scheduled
11-03 10:20:00.184  8445  8445 I TRACKERAUDIT: Device location changed. || data: {"accuracy":6.432,"altitude":878.0,"bearing":273.8,"latitude":-19.93486496,"longitude":-43.99847428,"parked":false,"provider":"gps","speed":1.09,"time":1604409601000}
11-03 10:20:00.184  8445  8445 I TRACKERAUDIT: 24handleNewLocation: triggered
11-03 10:20:00.186  8445  8445 I TRACKERAUDIT: 24handleNewLocation: parkNotificationTimer canceled
11-03 10:20:00.189  8445  8445 I TRACKERAUDIT: 24handleNewLocation: calling storeAndTryTransmitLocationPackage || data: {"accuracy":6.432,"altitude":878.0,"bearing":273.8,"latitude":-19.93486496,"longitude":-43.99847428,"parked":false,"provider":"gps","speed":1.09,"time":1604409601000}
11-03 10:20:00.219  8445  8445 I TRACKERAUDIT: tryTransmitLocationPackage: calling doTheTransmitionOfLocationPackageThroughCloud
11-03 10:20:28.588  8445  8445 I TRACKERAUDIT: doTheTransmitionOfLocationPackageThroughCloud: transmited package successfuly
11-03 10:20:28.588  8445  8445 I TRACKERAUDIT: tryTransmitLocationPackage: doTheTransmitionOfLocationPackageThroughCloud success
11-03 10:20:28.639  8445  8445 I TRACKERAUDIT: 24handleNewLocation: parkNotificationTimer scheduled
11-03 10:20:28.683  8445  8445 I TRACKERAUDIT: transmitOldStoredLocations: reading stored locations to transmit
11-03 10:20:28.706  8445  8445 I TRACKERAUDIT: Device location changed. || data: {"accuracy":13.508,"altitude":883.2999877929688,"latitude":-19.9348024,"longitude":-43.9984594,"parked":false,"provider":"network","time":1604409628099}
11-03 10:20:28.706  8445  8445 I TRACKERAUDIT: 25handleNewLocation: triggered
11-03 10:20:28.707  8445  8445 I TRACKERAUDIT: 25handleNewLocation: parkNotificationTimer canceled
11-03 10:20:28.710  8445  8445 I TRACKERAUDIT: 25handleNewLocation: calling storeAndTryTransmitLocationPackage || data: {"accuracy":13.508,"altitude":883.2999877929688,"latitude":-19.9348024,"longitude":-43.9984594,"parked":false,"provider":"network","time":1604409628099}
11-03 10:20:28.735  8445  8445 I TRACKERAUDIT: tryTransmitLocationPackage: calling doTheTransmitionOfLocationPackageThroughCloud
11-03 10:20:29.399  8445  8445 I TRACKERAUDIT: doTheTransmitionOfLocationPackageThroughCloud: transmited package successfuly
11-03 10:20:29.399  8445  8445 I TRACKERAUDIT: tryTransmitLocationPackage: doTheTransmitionOfLocationPackageThroughCloud success
11-03 10:20:29.431  8445  8445 I TRACKERAUDIT: 25handleNewLocation: parkNotificationTimer scheduled
11-03 10:20:33.709  8445  8445 I TRACKERAUDIT: transmitOldStoredLocations: reading stored locations to transmit
11-03 10:20:34.235  8445  8689 I TRACKERAUDIT: 25handleNewLocation: parkNotificationTimer triggered || data: {"accuracy":13.508,"altitude":883.2999877929688,"latitude":-19.9348024,"longitude":-43.9984594,"originTime":1604409628099,"parked":true,"provider":"network","speed":0.0,"time":1604409634234}
11-03 10:20:34.271  8445  8689 I TRACKERAUDIT: tryTransmitLocationPackage: calling doTheTransmitionOfLocationPackageThroughCloud
11-03 10:20:38.742  8445  8445 I TRACKERAUDIT: transmitOldStoredLocations: reading stored locations to transmit
11-03 10:20:38.757  8445  8445 I TRACKERAUDIT: transmitOldStoredLocations: calling tryTransmitLocationPackage (ID: 000001758E442DBC-0000001F-5092CB7C) || data: {"accuracy":13.508,"altitude":883.2999877929688,"latitude":-19.9348024,"longitude":-43.9984594,"parked":true,"provider":"stored:network","speed":0.0,"time":1604409634234}
11-03 10:20:38.758  8445  8445 I TRACKERAUDIT: tryTransmitLocationPackage: calling doTheTransmitionOfLocationPackageThroughCloud
11-03 10:20:57.200  8445  8445 I TRACKERAUDIT: doTheTransmitionOfLocationPackageThroughCloud: transmited package failed
11-03 10:20:57.200  8445  8445 I TRACKERAUDIT: neder.net.firebase.exception.FirebasePushException: javax.net.ssl.SSLHandshakeException: SSL handshake aborted: ssl=0x95ac96c0: I/O error during system call, Software caused connection abort
11-03 10:20:57.200  8445  8445 I TRACKERAUDIT: 	at neder.net.firebase.FirebaseClient.push(FirebaseClient.java:73)
11-03 10:20:57.200  8445  8445 I TRACKERAUDIT: 	at neder.trackeragent.MainActivity.doTheTransmitionOfLocationPackageThroughCloud(MainActivity.java:396)
11-03 10:20:57.200  8445  8445 I TRACKERAUDIT: 	at neder.trackeragent.MainActivity.tryTransmitLocationPackage(MainActivity.java:281)
11-03 10:20:57.200  8445  8445 I TRACKERAUDIT: 	at neder.trackeragent.MainActivity.transmitOldStoredLocations(MainActivity.java:367)
11-03 10:20:57.200  8445  8445 I TRACKERAUDIT: 	at neder.trackeragent.MainActivity.access$200(MainActivity.java:42)
11-03 10:20:57.200  8445  8445 I TRACKERAUDIT: 	at neder.trackeragent.MainActivity$2.run(MainActivity.java:152)
11-03 10:20:57.200  8445  8445 I TRACKERAUDIT: 	at android.os.Handler.handleCallback(Handler.java:790)
11-03 10:20:57.200  8445  8445 I TRACKERAUDIT: 	at android.os.Handler.dispatchMessage(Handler.java:99)
11-03 10:20:57.200  8445  8445 I TRACKERAUDIT: 	at android.os.Looper.loop(Looper.java:164)
11-03 10:20:57.200  8445  8445 I TRACKERAUDIT: 	at android.app.ActivityThread.main(ActivityThread.java:6626)
11-03 10:20:57.200  8445  8445 I TRACKERAUDIT: 	at java.lang.reflect.Method.invoke(Native Method)
11-03 10:20:57.200  8445  8445 I TRACKERAUDIT: 	at com.android.internal.os.RuntimeInit$MethodAndArgsCaller.run(RuntimeInit.java:438)
11-03 10:20:57.200  8445  8445 I TRACKERAUDIT: 	at com.android.internal.os.ZygoteInit.main(ZygoteInit.java:811)
11-03 10:20:57.200  8445  8445 I TRACKERAUDIT: Caused by: javax.net.ssl.SSLHandshakeException: SSL handshake aborted: ssl=0x95ac96c0: I/O error during system call, Software caused connection abort
11-03 10:20:57.200  8445  8445 I TRACKERAUDIT: 	at com.android.org.conscrypt.NativeCrypto.SSL_do_handshake(Native Method)
11-03 10:20:57.200  8445  8445 I TRACKERAUDIT: 	at com.android.org.conscrypt.SslWrapper.doHandshake(SslWrapper.java:374)
11-03 10:20:57.200  8445  8445 I TRACKERAUDIT: 	at com.android.org.conscrypt.ConscryptFileDescriptorSocket.startHandshake(ConscryptFileDescriptorSocket.java:217)
11-03 10:20:57.200  8445  8445 I TRACKERAUDIT: 	at org.apache.http.conn.ssl.SSLSocketFactory.createSocket(SSLSocketFactory.java:406)
11-03 10:20:57.200  8445  8445 I TRACKERAUDIT: 	at org.apache.http.impl.conn.DefaultClientConnectionOperator.openConnection(DefaultClientConnectionOperator.java:170)
11-03 10:20:57.200  8445  8445 I TRACKERAUDIT: 	at org.apache.http.impl.conn.AbstractPoolEntry.open(AbstractPoolEntry.java:169)
11-03 10:20:57.200  8445  8445 I TRACKERAUDIT: 	at org.apache.http.impl.conn.AbstractPooledConnAdapter.open(AbstractPooledConnAdapter.java:124)
11-03 10:20:57.200  8445  8445 I TRACKERAUDIT: 	at org.apache.http.impl.client.DefaultRequestDirector.execute(DefaultRequestDirector.java:366)
11-03 10:20:57.200  8445  8445 I TRACKERAUDIT: 	at org.apache.http.impl.client.AbstractHttpClient.execute(AbstractHttpClient.java:591)
11-03 10:20:57.200  8445  8445 I TRACKERAUDIT: 	at org.apache.http.impl.client.AbstractHttpClient.execute(AbstractHttpClient.java:513)
11-03 10:20:57.200  8445  8445 I TRACKERAUDIT: 	at org.apache.http.impl.client.AbstractHttpClient.execute(AbstractHttpClient.java:491)
11-03 10:20:57.200  8445  8445 I TRACKERAUDIT: 	at neder.net.firebase.FirebaseClient.push(FirebaseClient.java:66)
11-03 10:20:57.200  8445  8445 I TRACKERAUDIT: 	... 12 more
11-03 10:20:57.201  8445  8445 I TRACKERAUDIT: tryTransmitLocationPackage: doTheTransmitionOfLocationPackageThroughCloud failed. Fail count: 1
11-03 10:20:57.204  8445  8689 I TRACKERAUDIT: doTheTransmitionOfLocationPackageThroughCloud: transmited package failed
11-03 10:20:57.204  8445  8689 I TRACKERAUDIT: neder.net.firebase.exception.FirebasePushException: org.apache.http.conn.HttpHostConnectException: Connection to https://tracker-d7ad1.firebaseio.com refused
11-03 10:20:57.204  8445  8689 I TRACKERAUDIT: 	at neder.net.firebase.FirebaseClient.push(FirebaseClient.java:73)
11-03 10:20:57.204  8445  8689 I TRACKERAUDIT: 	at neder.trackeragent.MainActivity.doTheTransmitionOfLocationPackageThroughCloud(MainActivity.java:396)
11-03 10:20:57.204  8445  8689 I TRACKERAUDIT: 	at neder.trackeragent.MainActivity.tryTransmitLocationPackage(MainActivity.java:281)
11-03 10:20:57.204  8445  8689 I TRACKERAUDIT: 	at neder.trackeragent.MainActivity.storeAndTryTransmitLocationPackage(MainActivity.java:229)
11-03 10:20:57.204  8445  8689 I TRACKERAUDIT: 	at neder.trackeragent.MainActivity.access$400(MainActivity.java:42)
11-03 10:20:57.204  8445  8689 I TRACKERAUDIT: 	at neder.trackeragent.MainActivity$3.run(MainActivity.java:218)
11-03 10:20:57.204  8445  8689 I TRACKERAUDIT: 	at java.util.TimerThread.mainLoop(Timer.java:555)
11-03 10:20:57.204  8445  8689 I TRACKERAUDIT: 	at java.util.TimerThread.run(Timer.java:505)
11-03 10:20:57.204  8445  8689 I TRACKERAUDIT: Caused by: org.apache.http.conn.HttpHostConnectException: Connection to https://tracker-d7ad1.firebaseio.com refused
11-03 10:20:57.204  8445  8689 I TRACKERAUDIT: 	at org.apache.http.impl.conn.DefaultClientConnectionOperator.openConnection(DefaultClientConnectionOperator.java:193)
11-03 10:20:57.204  8445  8689 I TRACKERAUDIT: 	at org.apache.http.impl.conn.AbstractPoolEntry.open(AbstractPoolEntry.java:169)
11-03 10:20:57.204  8445  8689 I TRACKERAUDIT: 	at org.apache.http.impl.conn.AbstractPooledConnAdapter.open(AbstractPooledConnAdapter.java:124)
11-03 10:20:57.204  8445  8689 I TRACKERAUDIT: 	at org.apache.http.impl.client.DefaultRequestDirector.execute(DefaultRequestDirector.java:366)
11-03 10:20:57.204  8445  8689 I TRACKERAUDIT: 	at org.apache.http.impl.client.AbstractHttpClient.execute(AbstractHttpClient.java:591)
11-03 10:20:57.204  8445  8689 I TRACKERAUDIT: 	at org.apache.http.impl.client.AbstractHttpClient.execute(AbstractHttpClient.java:513)
11-03 10:20:57.204  8445  8689 I TRACKERAUDIT: 	at org.apache.http.impl.client.AbstractHttpClient.execute(AbstractHttpClient.java:491)
11-03 10:20:57.204  8445  8689 I TRACKERAUDIT: 	at neder.net.firebase.FirebaseClient.push(FirebaseClient.java:66)
11-03 10:20:57.204  8445  8689 I TRACKERAUDIT: 	... 7 more
11-03 10:20:57.204  8445  8689 I TRACKERAUDIT: Caused by: java.net.ConnectException: failed to connect to /35.201.97.85 (port 443) from /:: (port 37935): connect failed: ECONNABORTED (Software caused connection abort)
11-03 10:20:57.204  8445  8689 I TRACKERAUDIT: 	at libcore.io.IoBridge.connect(IoBridge.java:138)
11-03 10:20:57.204  8445  8689 I TRACKERAUDIT: 	at java.net.PlainSocketImpl.socketConnect(PlainSocketImpl.java:129)
11-03 10:20:57.204  8445  8689 I TRACKERAUDIT: 	at java.net.AbstractPlainSocketImpl.doConnect(AbstractPlainSocketImpl.java:365)
11-03 10:20:57.204  8445  8689 I TRACKERAUDIT: 	at java.net.AbstractPlainSocketImpl.connectToAddress(AbstractPlainSocketImpl.java:209)
11-03 10:20:57.204  8445  8689 I TRACKERAUDIT: 	at java.net.AbstractPlainSocketImpl.connect(AbstractPlainSocketImpl.java:191)
11-03 10:20:57.204  8445  8689 I TRACKERAUDIT: 	at java.net.SocksSocketImpl.connect(SocksSocketImpl.java:357)
11-03 10:20:57.204  8445  8689 I TRACKERAUDIT: 	at java.net.Socket.connect(Socket.java:616)
11-03 10:20:57.204  8445  8689 I TRACKERAUDIT: 	at org.apache.http.conn.scheme.PlainSocketFactory.connectSocket(PlainSocketFactory.java:124)
11-03 10:20:57.204  8445  8689 I TRACKERAUDIT: 	at org.apache.http.impl.conn.DefaultClientConnectionOperator.openConnection(DefaultClientConnectionOperator.java:149)
11-03 10:20:57.204  8445  8689 I TRACKERAUDIT: 	... 14 more
11-03 10:20:57.204  8445  8689 I TRACKERAUDIT: Caused by: android.system.ErrnoException: connect failed: ECONNABORTED (Software caused connection abort)
11-03 10:20:57.204  8445  8689 I TRACKERAUDIT: 	at libcore.io.Linux.connect(Native Method)
11-03 10:20:57.204  8445  8689 I TRACKERAUDIT: 	at libcore.io.BlockGuardOs.connect(BlockGuardOs.java:126)
11-03 10:20:57.204  8445  8689 I TRACKERAUDIT: 	at libcore.io.IoBridge.connectErrno(IoBridge.java:152)
11-03 10:20:57.204  8445  8689 I TRACKERAUDIT: 	at libcore.io.IoBridge.connect(IoBridge.java:130)
11-03 10:20:57.204  8445  8689 I TRACKERAUDIT: 	... 22 more
11-03 10:20:57.205  8445  8689 I TRACKERAUDIT: tryTransmitLocationPackage: doTheTransmitionOfLocationPackageThroughCloud failed. Fail count: 2
11-03 10:21:02.210  8445  8445 I TRACKERAUDIT: transmitOldStoredLocations: reading stored locations to transmit
11-03 10:21:02.224  8445  8445 I TRACKERAUDIT: transmitOldStoredLocations: calling tryTransmitLocationPackage (ID: 000001758E442DBC-0000001F-5092CB7C) || data: {"accuracy":13.508,"altitude":883.2999877929688,"latitude":-19.9348024,"longitude":-43.9984594,"parked":true,"provider":"stored:network","speed":0.0,"time":1604409634234}
11-03 10:21:02.224  8445  8445 I TRACKERAUDIT: tryTransmitLocationPackage: calling doTheTransmitionOfLocationPackageThroughCloud
11-03 10:21:02.264  8445  8445 I TRACKERAUDIT: doTheTransmitionOfLocationPackageThroughCloud: transmited package failed
11-03 10:21:02.265  8445  8445 I TRACKERAUDIT: tryTransmitLocationPackage: doTheTransmitionOfLocationPackageThroughCloud failed. Fail count: 3
11-03 10:21:07.274  8445  8445 I TRACKERAUDIT: transmitOldStoredLocations: reading stored locations to transmit
11-03 10:21:07.287  8445  8445 I TRACKERAUDIT: transmitOldStoredLocations: calling tryTransmitLocationPackage (ID: 000001758E442DBC-0000001F-5092CB7C) || data: {"accuracy":13.508,"altitude":883.2999877929688,"latitude":-19.9348024,"longitude":-43.9984594,"parked":true,"provider":"stored:network","speed":0.0,"time":1604409634234}
