--------- beginning of crash
--------- beginning of main
11-03 20:01:24.405 12635 12635 I TRACKERAUDIT: 0handleNewLocation: triggered
11-03 20:01:24.406 12635 12635 I TRACKERAUDIT: 0handleNewLocation: parkNotificationTimer canceled
11-03 20:01:24.462 12635 12635 I TRACKERAUDIT: 0handleNewLocation: calling storeAndTryTransmitLocationPackage || data: {"accuracy":85.76,"altitude":898.0,"latitude":-19.929821,"longitude":-43.94741571,"parked":false,"provider":"gps","time":1604444302000}
11-03 20:01:24.541 12635 12635 I TRACKERAUDIT: tryTransmitLocationPackage: calling doTheTransmitionOfLocationPackageThroughCloud
11-03 20:01:25.459 12635 12635 I TRACKERAUDIT: doTheTransmitionOfLocationPackageThroughCloud: transmited package successfuly
11-03 20:01:25.460 12635 12635 I TRACKERAUDIT: tryTransmitLocationPackage: doTheTransmitionOfLocationPackageThroughCloud success
11-03 20:01:25.487 12635 12635 I TRACKERAUDIT: 0handleNewLocation: parkNotificationTimer scheduled
11-03 20:01:25.527 12635 12635 I TRACKERAUDIT: Device location changed. || data: {"accuracy":18.629,"altitude":892.5999755859375,"latitude":-19.9298395,"longitude":-43.9471772,"parked":false,"provider":"network","time":1604444468832}
11-03 20:01:25.527 12635 12635 I TRACKERAUDIT: 1handleNewLocation: triggered
11-03 20:01:25.528 12635 12635 I TRACKERAUDIT: 1handleNewLocation: parkNotificationTimer canceled
11-03 20:01:25.530 12635 12635 I TRACKERAUDIT: 1handleNewLocation: calling storeAndTryTransmitLocationPackage || data: {"accuracy":18.629,"altitude":892.5999755859375,"latitude":-19.9298395,"longitude":-43.9471772,"parked":false,"provider":"network","time":1604444468832}
11-03 20:01:25.549 12635 12635 I TRACKERAUDIT: tryTransmitLocationPackage: calling doTheTransmitionOfLocationPackageThroughCloud
11-03 20:01:26.278 12635 12635 I TRACKERAUDIT: doTheTransmitionOfLocationPackageThroughCloud: transmited package successfuly
11-03 20:01:26.278 12635 12635 I TRACKERAUDIT: tryTransmitLocationPackage: doTheTransmitionOfLocationPackageThroughCloud success
11-03 20:01:26.296 12635 12635 I TRACKERAUDIT: 1handleNewLocation: parkNotificationTimer scheduled
11-03 20:01:26.390 12635 12635 I TRACKERAUDIT: Device location changed. || data: {"accuracy":24.656,"altitude":892.5999755859375,"latitude":-19.9298393,"longitude":-43.9470806,"parked":false,"provider":"network","time":1604444485651}
11-03 20:01:26.390 12635 12635 I TRACKERAUDIT: 2handleNewLocation: triggered
11-03 20:01:26.391 12635 12635 I TRACKERAUDIT: 2handleNewLocation: parkNotificationTimer canceled
11-03 20:01:26.394 12635 12635 I TRACKERAUDIT: 2handleNewLocation: calling storeAndTryTransmitLocationPackage || data: {"accuracy":24.656,"altitude":892.5999755859375,"latitude":-19.9298393,"longitude":-43.9470806,"parked":false,"provider":"network","time":1604444485651}
11-03 20:01:26.412 12635 12635 I TRACKERAUDIT: tryTransmitLocationPackage: calling doTheTransmitionOfLocationPackageThroughCloud
11-03 20:01:27.178 12635 12635 I TRACKERAUDIT: doTheTransmitionOfLocationPackageThroughCloud: transmited package successfuly
11-03 20:01:27.178 12635 12635 I TRACKERAUDIT: tryTransmitLocationPackage: doTheTransmitionOfLocationPackageThroughCloud success
11-03 20:01:27.209 12635 12635 I TRACKERAUDIT: 2handleNewLocation: parkNotificationTimer scheduled
11-03 20:01:28.849 12635 12635 I TRACKERAUDIT: Device location changed. || data: {"accuracy":18.224,"altitude":894.0,"bearing":216.3,"latitude":-19.93010796,"longitude":-43.94664746,"parked":false,"provider":"gps","speed":0.2,"time":1604444489712}
11-03 20:01:28.849 12635 12635 I TRACKERAUDIT: 3handleNewLocation: triggered
11-03 20:01:28.851 12635 12635 I TRACKERAUDIT: 3handleNewLocation: parkNotificationTimer canceled
11-03 20:01:28.858 12635 12635 I TRACKERAUDIT: 3handleNewLocation: calling storeAndTryTransmitLocationPackage || data: {"accuracy":18.224,"altitude":894.0,"bearing":216.3,"latitude":-19.93010796,"longitude":-43.94664746,"parked":false,"provider":"gps","speed":0.2,"time":1604444489712}
11-03 20:01:28.886 12635 12635 I TRACKERAUDIT: tryTransmitLocationPackage: calling doTheTransmitionOfLocationPackageThroughCloud
11-03 20:01:29.644 12635 12635 I TRACKERAUDIT: doTheTransmitionOfLocationPackageThroughCloud: transmited package successfuly
11-03 20:01:29.645 12635 12635 I TRACKERAUDIT: tryTransmitLocationPackage: doTheTransmitionOfLocationPackageThroughCloud success
11-03 20:01:29.687 12635 12635 I TRACKERAUDIT: 3handleNewLocation: parkNotificationTimer scheduled
11-03 20:01:30.489 12635 12635 I TRACKERAUDIT: transmitOldStoredLocations: reading stored locations to transmit
11-03 20:01:30.511 12635 12635 I TRACKERAUDIT: transmitOldStoredLocations: calling tryTransmitLocationPackage (ID: 000001758E7C8DB3-000001DD-A3CB21D5) || data: {"accuracy":50.384003,"altitude":899.0,"bearing":269.4,"latitude":-19.92963393,"longitude":-43.94769572,"parked":false,"provider":"stored:gps","speed":0.84,"time":1604413103000}
11-03 20:01:30.511 12635 12635 I TRACKERAUDIT: tryTransmitLocationPackage: calling doTheTransmitionOfLocationPackageThroughCloud
11-03 20:01:31.242 12635 12635 I TRACKERAUDIT: doTheTransmitionOfLocationPackageThroughCloud: transmited package successfuly
11-03 20:01:31.243 12635 12635 I TRACKERAUDIT: tryTransmitLocationPackage: doTheTransmitionOfLocationPackageThroughCloud success
11-03 20:01:31.262 12635 12635 I TRACKERAUDIT: transmitOldStoredLocations: calling tryTransmitLocationPackage (ID: 000001758E7C8D3D-000001DC-2F9FEA9F) || data: {"accuracy":94.336,"altitude":897.0,"latitude":-19.92990558,"longitude":-43.94736899,"parked":true,"provider":"stored:gps","speed":0.0,"time":1604413328700}
11-03 20:01:31.262 12635 12635 I TRACKERAUDIT: tryTransmitLocationPackage: calling doTheTransmitionOfLocationPackageThroughCloud
11-03 20:01:31.963 12635 12635 I TRACKERAUDIT: doTheTransmitionOfLocationPackageThroughCloud: transmited package successfuly
11-03 20:01:31.963 12635 12635 I TRACKERAUDIT: tryTransmitLocationPackage: doTheTransmitionOfLocationPackageThroughCloud success
11-03 20:01:31.993 12635 12635 I TRACKERAUDIT: transmitOldStoredLocations: calling tryTransmitLocationPackage (ID: 000001758E73DEDD-000001DB-ABE000AC) || data: {"accuracy":94.336,"altitude":897.0,"latitude":-19.92990558,"longitude":-43.94736899,"parked":true,"provider":"stored:gps","speed":0.0,"time":1604412759773}
11-03 20:01:31.993 12635 12635 I TRACKERAUDIT: tryTransmitLocationPackage: calling doTheTransmitionOfLocationPackageThroughCloud
11-03 20:01:32.683 12635 12635 I TRACKERAUDIT: doTheTransmitionOfLocationPackageThroughCloud: transmited package successfuly
11-03 20:01:32.684 12635 12635 I TRACKERAUDIT: tryTransmitLocationPackage: doTheTransmitionOfLocationPackageThroughCloud success
11-03 20:01:32.708 12635 12635 I TRACKERAUDIT: transmitOldStoredLocations: calling tryTransmitLocationPackage (ID: 000001758E70434D-000001DA-195343AF) || data: {"accuracy":94.336,"altitude":897.0,"latitude":-19.92990558,"longitude":-43.94736899,"parked":false,"provider":"stored:gps","speed":0.0,"time":1604412524000}
11-03 20:01:32.708 12635 12635 I TRACKERAUDIT: tryTransmitLocationPackage: calling doTheTransmitionOfLocationPackageThroughCloud
11-03 20:01:33.500 12635 12635 I TRACKERAUDIT: doTheTransmitionOfLocationPackageThroughCloud: transmited package successfuly
11-03 20:01:33.500 12635 12635 I TRACKERAUDIT: tryTransmitLocationPackage: doTheTransmitionOfLocationPackageThroughCloud success
11-03 20:01:33.539 12635 12635 I TRACKERAUDIT: Device location changed. || data: {"accuracy":27.872002,"altitude":895.0,"latitude":-19.93001209,"longitude":-43.94655039,"parked":false,"provider":"gps","time":1604444493000}
11-03 20:01:33.539 12635 12635 I TRACKERAUDIT: 4handleNewLocation: triggered
11-03 20:01:33.541 12635 12635 I TRACKERAUDIT: 4handleNewLocation: parkNotificationTimer canceled
11-03 20:01:33.546 12635 12635 I TRACKERAUDIT: 4handleNewLocation: calling storeAndTryTransmitLocationPackage || data: {"accuracy":27.872002,"altitude":895.0,"latitude":-19.93001209,"longitude":-43.94655039,"parked":false,"provider":"gps","time":1604444493000}
11-03 20:01:33.576 12635 12635 I TRACKERAUDIT: tryTransmitLocationPackage: calling doTheTransmitionOfLocationPackageThroughCloud
11-03 20:01:34.367 12635 12635 I TRACKERAUDIT: doTheTransmitionOfLocationPackageThroughCloud: transmited package successfuly
11-03 20:01:34.367 12635 12635 I TRACKERAUDIT: tryTransmitLocationPackage: doTheTransmitionOfLocationPackageThroughCloud success
11-03 20:01:34.406 12635 12635 I TRACKERAUDIT: 4handleNewLocation: parkNotificationTimer scheduled
11-03 20:01:35.162 12635 12635 I TRACKERAUDIT: Device location changed. || data: {"accuracy":16.08,"altitude":912.0,"latitude":-19.93009432,"longitude":-43.94681198,"parked":false,"provider":"gps","speed":0.0,"time":1604444496000}
11-03 20:01:35.162 12635 12635 I TRACKERAUDIT: 5handleNewLocation: triggered
11-03 20:01:35.165 12635 12635 I TRACKERAUDIT: 5handleNewLocation: parkNotificationTimer canceled
11-03 20:01:35.171 12635 12635 I TRACKERAUDIT: 5handleNewLocation: calling storeAndTryTransmitLocationPackage || data: {"accuracy":16.08,"altitude":912.0,"latitude":-19.93009432,"longitude":-43.94681198,"parked":false,"provider":"gps","speed":0.0,"time":1604444496000}
11-03 20:01:35.207 12635 12635 I TRACKERAUDIT: tryTransmitLocationPackage: calling doTheTransmitionOfLocationPackageThroughCloud
11-03 20:01:35.941 12635 12635 I TRACKERAUDIT: doTheTransmitionOfLocationPackageThroughCloud: transmited package successfuly
11-03 20:01:35.941 12635 12635 I TRACKERAUDIT: tryTransmitLocationPackage: doTheTransmitionOfLocationPackageThroughCloud success
11-03 20:01:35.977 12635 12635 I TRACKERAUDIT: 5handleNewLocation: parkNotificationTimer scheduled
11-03 20:01:37.165 12635 12635 I TRACKERAUDIT: Device location changed. || data: {"accuracy":12.864,"altitude":915.0,"latitude":-19.93006228,"longitude":-43.94688781,"parked":false,"provider":"gps","speed":0.0,"time":1604444498000}
11-03 20:01:37.165 12635 12635 I TRACKERAUDIT: 6handleNewLocation: triggered
11-03 20:01:37.169 12635 12635 I TRACKERAUDIT: 6handleNewLocation: parkNotificationTimer canceled
11-03 20:01:37.175 12635 12635 I TRACKERAUDIT: 6handleNewLocation: calling storeAndTryTransmitLocationPackage || data: {"accuracy":12.864,"altitude":915.0,"latitude":-19.93006228,"longitude":-43.94688781,"parked":false,"provider":"gps","speed":0.0,"time":1604444498000}
11-03 20:01:37.204 12635 12635 I TRACKERAUDIT: tryTransmitLocationPackage: calling doTheTransmitionOfLocationPackageThroughCloud
11-03 20:01:37.919 12635 12635 I TRACKERAUDIT: doTheTransmitionOfLocationPackageThroughCloud: transmited package successfuly
11-03 20:01:37.919 12635 12635 I TRACKERAUDIT: tryTransmitLocationPackage: doTheTransmitionOfLocationPackageThroughCloud success
11-03 20:01:37.944 12635 12635 I TRACKERAUDIT: 6handleNewLocation: parkNotificationTimer scheduled
11-03 20:01:38.537 12635 12635 I TRACKERAUDIT: transmitOldStoredLocations: reading stored locations to transmit
11-03 20:01:39.553 12635 12635 I TRACKERAUDIT: Device location changed. || data: {"accuracy":8.576,"altitude":918.0,"latitude":-19.93001457,"longitude":-43.94697139,"parked":false,"provider":"gps","speed":0.0,"time":1604444500000}
11-03 20:01:39.553 12635 12635 I TRACKERAUDIT: 7handleNewLocation: triggered
11-03 20:01:39.555 12635 12635 I TRACKERAUDIT: 7handleNewLocation: parkNotificationTimer canceled
11-03 20:01:39.560 12635 12635 I TRACKERAUDIT: 7handleNewLocation: calling storeAndTryTransmitLocationPackage || data: {"accuracy":8.576,"altitude":918.0,"latitude":-19.93001457,"longitude":-43.94697139,"parked":false,"provider":"gps","speed":0.0,"time":1604444500000}
11-03 20:01:39.592 12635 12635 I TRACKERAUDIT: tryTransmitLocationPackage: calling doTheTransmitionOfLocationPackageThroughCloud
11-03 20:01:40.363 12635 12635 I TRACKERAUDIT: doTheTransmitionOfLocationPackageThroughCloud: transmited package successfuly
11-03 20:01:40.363 12635 12635 I TRACKERAUDIT: tryTransmitLocationPackage: doTheTransmitionOfLocationPackageThroughCloud success
11-03 20:01:40.391 12635 12635 I TRACKERAUDIT: 7handleNewLocation: parkNotificationTimer scheduled
11-03 20:01:43.567 12635 12635 I TRACKERAUDIT: transmitOldStoredLocations: reading stored locations to transmit
11-03 20:01:44.872 12635 12635 I TRACKERAUDIT: Device location changed. || data: {"accuracy":27.907,"altitude":892.5999755859375,"latitude":-19.9299385,"longitude":-43.9470661,"parked":false,"provider":"network","time":1604444488886}
11-03 20:01:44.873 12635 12635 I TRACKERAUDIT: 8handleNewLocation: triggered
11-03 20:01:44.874 12635 12635 I TRACKERAUDIT: 8handleNewLocation: parkNotificationTimer canceled
11-03 20:01:44.878 12635 12635 I TRACKERAUDIT: 8handleNewLocation: calling storeAndTryTransmitLocationPackage || data: {"accuracy":27.907,"altitude":892.5999755859375,"latitude":-19.9299385,"longitude":-43.9470661,"parked":false,"provider":"network","time":1604444488886}
11-03 20:01:44.896 12635 12635 I TRACKERAUDIT: tryTransmitLocationPackage: calling doTheTransmitionOfLocationPackageThroughCloud
11-03 20:01:45.526 12635 12635 I TRACKERAUDIT: doTheTransmitionOfLocationPackageThroughCloud: transmited package successfuly
11-03 20:01:45.526 12635 12635 I TRACKERAUDIT: tryTransmitLocationPackage: doTheTransmitionOfLocationPackageThroughCloud success
11-03 20:01:45.554 12635 12635 I TRACKERAUDIT: 8handleNewLocation: parkNotificationTimer scheduled
11-03 20:01:48.592 12635 12635 I TRACKERAUDIT: transmitOldStoredLocations: reading stored locations to transmit
11-03 20:01:50.359 12635 12732 I TRACKERAUDIT: 8handleNewLocation: parkNotificationTimer triggered || data: {"accuracy":27.907,"altitude":892.5999755859375,"latitude":-19.9299385,"longitude":-43.9470661,"originTime":1604444488886,"parked":true,"provider":"network","speed":0.0,"time":1604444510356}
11-03 20:01:50.389 12635 12732 I TRACKERAUDIT: tryTransmitLocationPackage: calling doTheTransmitionOfLocationPackageThroughCloud
11-03 20:01:51.046 12635 12732 I TRACKERAUDIT: doTheTransmitionOfLocationPackageThroughCloud: transmited package successfuly
11-03 20:01:51.046 12635 12732 I TRACKERAUDIT: tryTransmitLocationPackage: doTheTransmitionOfLocationPackageThroughCloud success
11-03 20:01:53.623 12635 12635 I TRACKERAUDIT: transmitOldStoredLocations: reading stored locations to transmit
11-03 20:01:55.161 12635 12635 I TRACKERAUDIT: Device location changed. || data: {"accuracy":10.72,"altitude":931.0,"bearing":282.4,"latitude":-19.92995019,"longitude":-43.94697207,"parked":false,"provider":"gps","speed":0.57,"time":1604444516000}
11-03 20:01:55.161 12635 12635 I TRACKERAUDIT: 9handleNewLocation: triggered
11-03 20:01:55.163 12635 12635 I TRACKERAUDIT: 9handleNewLocation: parkNotificationTimer canceled
11-03 20:01:55.167 12635 12635 I TRACKERAUDIT: 9handleNewLocation: calling storeAndTryTransmitLocationPackage || data: {"accuracy":10.72,"altitude":931.0,"bearing":282.4,"latitude":-19.92995019,"longitude":-43.94697207,"parked":false,"provider":"gps","speed":0.57,"time":1604444516000}
11-03 20:01:55.196 12635 12635 I TRACKERAUDIT: tryTransmitLocationPackage: calling doTheTransmitionOfLocationPackageThroughCloud
11-03 20:01:55.846 12635 12635 I TRACKERAUDIT: doTheTransmitionOfLocationPackageThroughCloud: transmited package successfuly
11-03 20:01:55.846 12635 12635 I TRACKERAUDIT: tryTransmitLocationPackage: doTheTransmitionOfLocationPackageThroughCloud success
11-03 20:01:55.886 12635 12635 I TRACKERAUDIT: 9handleNewLocation: parkNotificationTimer scheduled
11-03 20:01:57.157 12635 12635 I TRACKERAUDIT: Device location changed. || data: {"accuracy":9.648001,"altitude":923.0,"latitude":-19.9299532,"longitude":-43.94708806,"parked":false,"provider":"gps","speed":0.0,"time":1604444518000}
11-03 20:01:57.157 12635 12635 I TRACKERAUDIT: 10handleNewLocation: triggered
11-03 20:01:57.159 12635 12635 I TRACKERAUDIT: 10handleNewLocation: parkNotificationTimer canceled
11-03 20:01:57.163 12635 12635 I TRACKERAUDIT: 10handleNewLocation: calling storeAndTryTransmitLocationPackage || data: {"accuracy":9.648001,"altitude":923.0,"latitude":-19.9299532,"longitude":-43.94708806,"parked":false,"provider":"gps","speed":0.0,"time":1604444518000}
11-03 20:01:57.187 12635 12635 I TRACKERAUDIT: tryTransmitLocationPackage: calling doTheTransmitionOfLocationPackageThroughCloud
11-03 20:01:57.806 12635 12635 I TRACKERAUDIT: doTheTransmitionOfLocationPackageThroughCloud: transmited package successfuly
11-03 20:01:57.806 12635 12635 I TRACKERAUDIT: tryTransmitLocationPackage: doTheTransmitionOfLocationPackageThroughCloud success
11-03 20:01:57.837 12635 12635 I TRACKERAUDIT: 10handleNewLocation: parkNotificationTimer scheduled
11-03 20:01:58.649 12635 12635 I TRACKERAUDIT: transmitOldStoredLocations: reading stored locations to transmit
11-03 20:02:02.640 12635 12739 I TRACKERAUDIT: 10handleNewLocation: parkNotificationTimer triggered || data: {"accuracy":9.648001,"altitude":923.0,"latitude":-19.9299532,"longitude":-43.94708806,"originSpeed":0.0,"originTime":1604444518000,"parked":true,"provider":"gps","speed":0.0,"time":1604444522638}
11-03 20:02:02.670 12635 12739 I TRACKERAUDIT: tryTransmitLocationPackage: calling doTheTransmitionOfLocationPackageThroughCloud
11-03 20:02:03.359 12635 12739 I TRACKERAUDIT: doTheTransmitionOfLocationPackageThroughCloud: transmited package successfuly
11-03 20:02:03.359 12635 12739 I TRACKERAUDIT: tryTransmitLocationPackage: doTheTransmitionOfLocationPackageThroughCloud success
11-03 20:02:03.677 12635 12635 I TRACKERAUDIT: transmitOldStoredLocations: reading stored locations to transmit
11-03 20:02:07.160 12635 12635 I TRACKERAUDIT: Device location changed. || data: {"accuracy":7.504,"altitude":921.0,"latitude":-19.9299718,"longitude":-43.94713349,"parked":false,"provider":"gps","speed":0.0,"time":1604444528000}
11-03 20:02:07.161 12635 12635 I TRACKERAUDIT: 11handleNewLocation: triggered
11-03 20:02:07.162 12635 12635 I TRACKERAUDIT: 11handleNewLocation: parkNotificationTimer canceled
11-03 20:02:07.166 12635 12635 I TRACKERAUDIT: 11handleNewLocation: calling storeAndTryTransmitLocationPackage || data: {"accuracy":7.504,"altitude":921.0,"latitude":-19.9299718,"longitude":-43.94713349,"parked":false,"provider":"gps","speed":0.0,"time":1604444528000}
11-03 20:02:07.193 12635 12635 I TRACKERAUDIT: tryTransmitLocationPackage: calling doTheTransmitionOfLocationPackageThroughCloud
11-03 20:02:07.922 12635 12635 I TRACKERAUDIT: doTheTransmitionOfLocationPackageThroughCloud: transmited package successfuly
11-03 20:02:07.923 12635 12635 I TRACKERAUDIT: tryTransmitLocationPackage: doTheTransmitionOfLocationPackageThroughCloud success
11-03 20:02:07.954 12635 12635 I TRACKERAUDIT: 11handleNewLocation: parkNotificationTimer scheduled
11-03 20:02:08.702 12635 12635 I TRACKERAUDIT: transmitOldStoredLocations: reading stored locations to transmit
11-03 20:02:09.362 12635 12635 I TRACKERAUDIT: Device location changed. || data: {"accuracy":20.036,"altitude":892.5999755859375,"latitude":-19.9299721,"longitude":-43.9470986,"parked":false,"provider":"network","time":1604444529181}
11-03 20:02:09.362 12635 12635 I TRACKERAUDIT: 12handleNewLocation: triggered
11-03 20:02:09.363 12635 12635 I TRACKERAUDIT: 12handleNewLocation: parkNotificationTimer canceled
11-03 20:02:09.368 12635 12635 I TRACKERAUDIT: 12handleNewLocation: calling storeAndTryTransmitLocationPackage || data: {"accuracy":20.036,"altitude":892.5999755859375,"latitude":-19.9299721,"longitude":-43.9470986,"parked":false,"provider":"network","time":1604444529181}
11-03 20:02:09.383 12635 12635 I TRACKERAUDIT: tryTransmitLocationPackage: calling doTheTransmitionOfLocationPackageThroughCloud
11-03 20:02:10.082 12635 12635 I TRACKERAUDIT: doTheTransmitionOfLocationPackageThroughCloud: transmited package successfuly
11-03 20:02:10.082 12635 12635 I TRACKERAUDIT: tryTransmitLocationPackage: doTheTransmitionOfLocationPackageThroughCloud success
11-03 20:02:10.114 12635 12635 I TRACKERAUDIT: 12handleNewLocation: parkNotificationTimer scheduled
11-03 20:02:13.730 12635 12635 I TRACKERAUDIT: transmitOldStoredLocations: reading stored locations to transmit
11-03 20:02:14.917 12635 12751 I TRACKERAUDIT: 12handleNewLocation: parkNotificationTimer triggered || data: {"accuracy":20.036,"altitude":892.5999755859375,"latitude":-19.9299721,"longitude":-43.9470986,"originTime":1604444529181,"parked":true,"provider":"network","speed":0.0,"time":1604444534915}
11-03 20:02:14.933 12635 12751 I TRACKERAUDIT: tryTransmitLocationPackage: calling doTheTransmitionOfLocationPackageThroughCloud
11-03 20:02:14.950 12635 12751 I TRACKERAUDIT: doTheTransmitionOfLocationPackageThroughCloud: transmited package failed
11-03 20:02:14.950 12635 12751 I TRACKERAUDIT: tryTransmitLocationPackage: doTheTransmitionOfLocationPackageThroughCloud failed. Fail count: 1
11-03 20:02:18.761 12635 12635 I TRACKERAUDIT: transmitOldStoredLocations: reading stored locations to transmit
11-03 20:02:18.777 12635 12635 I TRACKERAUDIT: transmitOldStoredLocations: calling tryTransmitLocationPackage (ID: 000001759058B885-0000000F-BFBA371C) || data: {"accuracy":20.036,"altitude":892.5999755859375,"latitude":-19.9299721,"longitude":-43.9470986,"parked":true,"provider":"stored:network","speed":0.0,"time":1604444534915}
11-03 20:02:18.777 12635 12635 I TRACKERAUDIT: tryTransmitLocationPackage: calling doTheTransmitionOfLocationPackageThroughCloud
11-03 20:02:18.797 12635 12635 I TRACKERAUDIT: doTheTransmitionOfLocationPackageThroughCloud: transmited package failed
11-03 20:02:18.798 12635 12635 I TRACKERAUDIT: tryTransmitLocationPackage: doTheTransmitionOfLocationPackageThroughCloud failed. Fail count: 2
11-03 20:02:23.807 12635 12635 I TRACKERAUDIT: transmitOldStoredLocations: reading stored locations to transmit
11-03 20:02:23.822 12635 12635 I TRACKERAUDIT: transmitOldStoredLocations: calling tryTransmitLocationPackage (ID: 000001759058B885-0000000F-BFBA371C) || data: {"accuracy":20.036,"altitude":892.5999755859375,"latitude":-19.9299721,"longitude":-43.9470986,"parked":true,"provider":"stored:network","speed":0.0,"time":1604444534915}
11-03 20:02:23.822 12635 12635 I TRACKERAUDIT: tryTransmitLocationPackage: calling doTheTransmitionOfLocationPackageThroughCloud
11-03 20:02:23.848 12635 12635 I TRACKERAUDIT: doTheTransmitionOfLocationPackageThroughCloud: transmited package failed
11-03 20:02:23.848 12635 12635 I TRACKERAUDIT: tryTransmitLocationPackage: doTheTransmitionOfLocationPackageThroughCloud failed. Fail count: 3
11-03 20:02:26.117 12635 12635 I TRACKERAUDIT: Device location changed. || data: {"accuracy":19.957,"altitude":892.5999755859375,"latitude":-19.9299339,"longitude":-43.9471117,"parked":false,"provider":"network","time":1604444529181}
11-03 20:02:26.118 12635 12635 I TRACKERAUDIT: 13handleNewLocation: triggered
11-03 20:02:26.119 12635 12635 I TRACKERAUDIT: 13handleNewLocation: parkNotificationTimer canceled
11-03 20:02:26.122 12635 12635 I TRACKERAUDIT: 13handleNewLocation: calling storeAndTryTransmitLocationPackage || data: {"accuracy":19.957,"altitude":892.5999755859375,"latitude":-19.9299339,"longitude":-43.9471117,"parked":false,"provider":"network","time":1604444529181}
11-03 20:02:26.140 12635 12635 I TRACKERAUDIT: tryTransmitLocationPackage: calling doTheTransmitionOfLocationPackageThroughCloud
11-03 20:02:26.816 12635 12635 I TRACKERAUDIT: doTheTransmitionOfLocationPackageThroughCloud: transmited package successfuly
11-03 20:02:26.816 12635 12635 I TRACKERAUDIT: tryTransmitLocationPackage: doTheTransmitionOfLocationPackageThroughCloud success
11-03 20:02:26.847 12635 12635 I TRACKERAUDIT: 13handleNewLocation: parkNotificationTimer scheduled
11-03 20:02:28.856 12635 12635 I TRACKERAUDIT: transmitOldStoredLocations: reading stored locations to transmit
11-03 20:02:28.870 12635 12635 I TRACKERAUDIT: transmitOldStoredLocations: calling tryTransmitLocationPackage (ID: 000001759058B885-0000000F-BFBA371C) || data: {"accuracy":20.036,"altitude":892.5999755859375,"latitude":-19.9299721,"longitude":-43.9470986,"parked":true,"provider":"stored:network","speed":0.0,"time":1604444534915}
11-03 20:02:28.870 12635 12635 I TRACKERAUDIT: tryTransmitLocationPackage: calling doTheTransmitionOfLocationPackageThroughCloud
11-03 20:02:31.138 12635 12635 I TRACKERAUDIT: doTheTransmitionOfLocationPackageThroughCloud: transmited package successfuly
11-03 20:02:31.138 12635 12635 I TRACKERAUDIT: tryTransmitLocationPackage: doTheTransmitionOfLocationPackageThroughCloud success
11-03 20:02:31.650 12635 12805 I TRACKERAUDIT: 13handleNewLocation: parkNotificationTimer triggered || data: {"accuracy":19.957,"altitude":892.5999755859375,"latitude":-19.9299339,"longitude":-43.9471117,"originTime":1604444529181,"parked":true,"provider":"network","speed":0.0,"time":1604444551648}
11-03 20:02:31.682 12635 12805 I TRACKERAUDIT: tryTransmitLocationPackage: calling doTheTransmitionOfLocationPackageThroughCloud
11-03 20:02:32.323 12635 12805 I TRACKERAUDIT: doTheTransmitionOfLocationPackageThroughCloud: transmited package successfuly
11-03 20:02:32.323 12635 12805 I TRACKERAUDIT: tryTransmitLocationPackage: doTheTransmitionOfLocationPackageThroughCloud success
11-03 20:02:36.156 12635 12635 I TRACKERAUDIT: transmitOldStoredLocations: reading stored locations to transmit
11-03 20:02:41.239 12635 12635 I TRACKERAUDIT: transmitOldStoredLocations: reading stored locations to transmit
11-03 20:02:46.257 12635 12635 I TRACKERAUDIT: transmitOldStoredLocations: reading stored locations to transmit
11-03 20:02:47.429 12635 12635 I TRACKERAUDIT: Device location changed. || data: {"accuracy":21.981,"altitude":892.5,"latitude":-19.9299741,"longitude":-43.9471056,"parked":false,"provider":"network","time":1604444567314}
11-03 20:02:47.429 12635 12635 I TRACKERAUDIT: 14handleNewLocation: triggered
11-03 20:02:47.431 12635 12635 I TRACKERAUDIT: 14handleNewLocation: parkNotificationTimer canceled
11-03 20:02:47.435 12635 12635 I TRACKERAUDIT: 14handleNewLocation: calling storeAndTryTransmitLocationPackage || data: {"accuracy":21.981,"altitude":892.5,"latitude":-19.9299741,"longitude":-43.9471056,"parked":false,"provider":"network","time":1604444567314}
11-03 20:02:47.463 12635 12635 I TRACKERAUDIT: tryTransmitLocationPackage: calling doTheTransmitionOfLocationPackageThroughCloud
11-03 20:02:48.320 12635 12635 I TRACKERAUDIT: doTheTransmitionOfLocationPackageThroughCloud: transmited package successfuly
11-03 20:02:48.320 12635 12635 I TRACKERAUDIT: tryTransmitLocationPackage: doTheTransmitionOfLocationPackageThroughCloud success
11-03 20:02:48.350 12635 12635 I TRACKERAUDIT: 14handleNewLocation: parkNotificationTimer scheduled
11-03 20:02:51.190 12635 12635 I TRACKERAUDIT: Device location changed. || data: {"accuracy":9.648001,"altitude":904.0,"latitude":-19.9300292,"longitude":-43.94713126,"parked":false,"provider":"gps","speed":0.0,"time":1604444572000}
11-03 20:02:51.191 12635 12635 I TRACKERAUDIT: 15handleNewLocation: triggered
11-03 20:02:51.192 12635 12635 I TRACKERAUDIT: 15handleNewLocation: parkNotificationTimer canceled
11-03 20:02:51.196 12635 12635 I TRACKERAUDIT: 15handleNewLocation: calling storeAndTryTransmitLocationPackage || data: {"accuracy":9.648001,"altitude":904.0,"latitude":-19.9300292,"longitude":-43.94713126,"parked":false,"provider":"gps","speed":0.0,"time":1604444572000}
11-03 20:02:51.220 12635 12635 I TRACKERAUDIT: tryTransmitLocationPackage: calling doTheTransmitionOfLocationPackageThroughCloud
11-03 20:02:51.877 12635 12635 I TRACKERAUDIT: doTheTransmitionOfLocationPackageThroughCloud: transmited package successfuly
11-03 20:02:51.878 12635 12635 I TRACKERAUDIT: tryTransmitLocationPackage: doTheTransmitionOfLocationPackageThroughCloud success
11-03 20:02:51.907 12635 12635 I TRACKERAUDIT: 15handleNewLocation: parkNotificationTimer scheduled
11-03 20:02:51.944 12635 12635 I TRACKERAUDIT: transmitOldStoredLocations: reading stored locations to transmit
11-03 20:02:56.709 12635 12820 I TRACKERAUDIT: 15handleNewLocation: parkNotificationTimer triggered || data: {"accuracy":9.648001,"altitude":904.0,"latitude":-19.9300292,"longitude":-43.94713126,"originSpeed":0.0,"originTime":1604444572000,"parked":true,"provider":"gps","speed":0.0,"time":1604444576707}
11-03 20:02:56.738 12635 12820 I TRACKERAUDIT: tryTransmitLocationPackage: calling doTheTransmitionOfLocationPackageThroughCloud
11-03 20:02:56.966 12635 12635 I TRACKERAUDIT: transmitOldStoredLocations: reading stored locations to transmit
11-03 20:02:56.979 12635 12635 I TRACKERAUDIT: transmitOldStoredLocations: calling tryTransmitLocationPackage (ID: 0000017590595BC5-00000014-6F99F529) || data: {"accuracy":9.648001,"altitude":904.0,"latitude":-19.9300292,"longitude":-43.94713126,"parked":true,"provider":"stored:gps","speed":0.0,"time":1604444576707}
11-03 20:02:56.979 12635 12635 I TRACKERAUDIT: tryTransmitLocationPackage: calling doTheTransmitionOfLocationPackageThroughCloud
11-03 20:02:57.449 12635 12820 I TRACKERAUDIT: doTheTransmitionOfLocationPackageThroughCloud: transmited package successfuly
11-03 20:02:57.449 12635 12820 I TRACKERAUDIT: tryTransmitLocationPackage: doTheTransmitionOfLocationPackageThroughCloud success
11-03 20:02:57.680 12635 12635 I TRACKERAUDIT: doTheTransmitionOfLocationPackageThroughCloud: transmited package successfuly
11-03 20:02:57.680 12635 12635 I TRACKERAUDIT: tryTransmitLocationPackage: doTheTransmitionOfLocationPackageThroughCloud success
11-03 20:03:02.708 12635 12635 I TRACKERAUDIT: transmitOldStoredLocations: reading stored locations to transmit
11-03 20:03:07.736 12635 12635 I TRACKERAUDIT: transmitOldStoredLocations: reading stored locations to transmit
11-03 20:03:12.756 12635 12635 I TRACKERAUDIT: transmitOldStoredLocations: reading stored locations to transmit
11-03 20:03:17.770 12635 12635 I TRACKERAUDIT: transmitOldStoredLocations: reading stored locations to transmit
11-03 20:03:19.160 12635 12635 I TRACKERAUDIT: Device location changed. || data: {"accuracy":9.648001,"altitude":937.0,"latitude":-19.92998952,"longitude":-43.94710512,"parked":false,"provider":"gps","speed":0.0,"time":1604444600000}
11-03 20:03:19.160 12635 12635 I TRACKERAUDIT: 16handleNewLocation: triggered
11-03 20:03:19.161 12635 12635 I TRACKERAUDIT: 16handleNewLocation: parkNotificationTimer canceled
11-03 20:03:19.165 12635 12635 I TRACKERAUDIT: 16handleNewLocation: calling storeAndTryTransmitLocationPackage || data: {"accuracy":9.648001,"altitude":937.0,"latitude":-19.92998952,"longitude":-43.94710512,"parked":false,"provider":"gps","speed":0.0,"time":1604444600000}
11-03 20:03:19.193 12635 12635 I TRACKERAUDIT: tryTransmitLocationPackage: calling doTheTransmitionOfLocationPackageThroughCloud
11-03 20:03:20.280 12635 12635 I TRACKERAUDIT: doTheTransmitionOfLocationPackageThroughCloud: transmited package successfuly
11-03 20:03:20.280 12635 12635 I TRACKERAUDIT: tryTransmitLocationPackage: doTheTransmitionOfLocationPackageThroughCloud success
11-03 20:03:20.314 12635 12635 I TRACKERAUDIT: 16handleNewLocation: parkNotificationTimer scheduled
11-03 20:03:22.787 12635 12635 I TRACKERAUDIT: transmitOldStoredLocations: reading stored locations to transmit
11-03 20:03:25.116 12635 12837 I TRACKERAUDIT: 16handleNewLocation: parkNotificationTimer triggered || data: {"accuracy":9.648001,"altitude":937.0,"latitude":-19.92998952,"longitude":-43.94710512,"originSpeed":0.0,"originTime":1604444600000,"parked":true,"provider":"gps","speed":0.0,"time":1604444605114}
11-03 20:03:25.146 12635 12837 I TRACKERAUDIT: tryTransmitLocationPackage: calling doTheTransmitionOfLocationPackageThroughCloud
11-03 20:03:25.860 12635 12837 I TRACKERAUDIT: doTheTransmitionOfLocationPackageThroughCloud: transmited package successfuly
11-03 20:03:25.860 12635 12837 I TRACKERAUDIT: tryTransmitLocationPackage: doTheTransmitionOfLocationPackageThroughCloud success
11-03 20:03:27.817 12635 12635 I TRACKERAUDIT: transmitOldStoredLocations: reading stored locations to transmit
11-03 20:03:29.357 12635 12635 I TRACKERAUDIT: Device location changed. || data: {"accuracy":19.898,"altitude":892.5,"latitude":-19.9299242,"longitude":-43.9471003,"parked":false,"provider":"network","time":1604444609226}
11-03 20:03:29.357 12635 12635 I TRACKERAUDIT: 17handleNewLocation: triggered
11-03 20:03:29.358 12635 12635 I TRACKERAUDIT: 17handleNewLocation: parkNotificationTimer canceled
11-03 20:03:29.361 12635 12635 I TRACKERAUDIT: 17handleNewLocation: calling storeAndTryTransmitLocationPackage || data: {"accuracy":19.898,"altitude":892.5,"latitude":-19.9299242,"longitude":-43.9471003,"parked":false,"provider":"network","time":1604444609226}
11-03 20:03:29.383 12635 12635 I TRACKERAUDIT: tryTransmitLocationPackage: calling doTheTransmitionOfLocationPackageThroughCloud
11-03 20:03:30.020 12635 12635 I TRACKERAUDIT: doTheTransmitionOfLocationPackageThroughCloud: transmited package successfuly
11-03 20:03:30.020 12635 12635 I TRACKERAUDIT: tryTransmitLocationPackage: doTheTransmitionOfLocationPackageThroughCloud success
11-03 20:03:30.049 12635 12635 I TRACKERAUDIT: 17handleNewLocation: parkNotificationTimer scheduled
11-03 20:03:32.842 12635 12635 I TRACKERAUDIT: transmitOldStoredLocations: reading stored locations to transmit
11-03 20:03:33.159 12635 12635 I TRACKERAUDIT: Device location changed. || data: {"accuracy":15.008,"altitude":909.0,"latitude":-19.92994262,"longitude":-43.94710617,"parked":false,"provider":"gps","speed":0.0,"time":1604444614000}
11-03 20:03:33.160 12635 12635 I TRACKERAUDIT: 18handleNewLocation: triggered
11-03 20:03:33.161 12635 12635 I TRACKERAUDIT: 18handleNewLocation: parkNotificationTimer canceled
11-03 20:03:33.164 12635 12635 I TRACKERAUDIT: 18handleNewLocation: calling storeAndTryTransmitLocationPackage || data: {"accuracy":15.008,"altitude":909.0,"latitude":-19.92994262,"longitude":-43.94710617,"parked":false,"provider":"gps","speed":0.0,"time":1604444614000}
11-03 20:03:33.191 12635 12635 I TRACKERAUDIT: tryTransmitLocationPackage: calling doTheTransmitionOfLocationPackageThroughCloud
11-03 20:03:33.823 12635 12635 I TRACKERAUDIT: doTheTransmitionOfLocationPackageThroughCloud: transmited package successfuly
11-03 20:03:33.823 12635 12635 I TRACKERAUDIT: tryTransmitLocationPackage: doTheTransmitionOfLocationPackageThroughCloud success
11-03 20:03:33.851 12635 12635 I TRACKERAUDIT: 18handleNewLocation: parkNotificationTimer scheduled
11-03 20:03:37.869 12635 12635 I TRACKERAUDIT: transmitOldStoredLocations: reading stored locations to transmit
11-03 20:03:38.655 12635 12852 I TRACKERAUDIT: 18handleNewLocation: parkNotificationTimer triggered || data: {"accuracy":15.008,"altitude":909.0,"latitude":-19.92994262,"longitude":-43.94710617,"originSpeed":0.0,"originTime":1604444614000,"parked":true,"provider":"gps","speed":0.0,"time":1604444618653}
11-03 20:03:38.686 12635 12852 I TRACKERAUDIT: tryTransmitLocationPackage: calling doTheTransmitionOfLocationPackageThroughCloud
11-03 20:03:39.317 12635 12852 I TRACKERAUDIT: doTheTransmitionOfLocationPackageThroughCloud: transmited package successfuly
11-03 20:03:39.317 12635 12852 I TRACKERAUDIT: tryTransmitLocationPackage: doTheTransmitionOfLocationPackageThroughCloud success
11-03 20:03:42.898 12635 12635 I TRACKERAUDIT: transmitOldStoredLocations: reading stored locations to transmit
11-03 20:03:43.161 12635 12635 I TRACKERAUDIT: Device location changed. || data: {"accuracy":8.576,"altitude":923.0,"latitude":-19.9299626,"longitude":-43.94715294,"parked":false,"provider":"gps","speed":0.0,"time":1604444624000}
11-03 20:03:43.161 12635 12635 I TRACKERAUDIT: 19handleNewLocation: triggered
11-03 20:03:43.163 12635 12635 I TRACKERAUDIT: 19handleNewLocation: parkNotificationTimer canceled
11-03 20:03:43.167 12635 12635 I TRACKERAUDIT: 19handleNewLocation: calling storeAndTryTransmitLocationPackage || data: {"accuracy":8.576,"altitude":923.0,"latitude":-19.9299626,"longitude":-43.94715294,"parked":false,"provider":"gps","speed":0.0,"time":1604444624000}
11-03 20:03:43.193 12635 12635 I TRACKERAUDIT: tryTransmitLocationPackage: calling doTheTransmitionOfLocationPackageThroughCloud
11-03 20:03:43.840 12635 12635 I TRACKERAUDIT: doTheTransmitionOfLocationPackageThroughCloud: transmited package successfuly
11-03 20:03:43.841 12635 12635 I TRACKERAUDIT: tryTransmitLocationPackage: doTheTransmitionOfLocationPackageThroughCloud success
11-03 20:03:43.868 12635 12635 I TRACKERAUDIT: 19handleNewLocation: parkNotificationTimer scheduled
11-03 20:03:46.133 12635 12635 I TRACKERAUDIT: Device location changed. || data: {"accuracy":16.735,"altitude":892.5999755859375,"latitude":-19.9298759,"longitude":-43.9471378,"parked":false,"provider":"network","time":1604444609226}
11-03 20:03:46.133 12635 12635 I TRACKERAUDIT: 20handleNewLocation: triggered
11-03 20:03:46.135 12635 12635 I TRACKERAUDIT: 20handleNewLocation: parkNotificationTimer canceled
11-03 20:03:46.138 12635 12635 I TRACKERAUDIT: 20handleNewLocation: calling storeAndTryTransmitLocationPackage || data: {"accuracy":16.735,"altitude":892.5999755859375,"latitude":-19.9298759,"longitude":-43.9471378,"parked":false,"provider":"network","time":1604444609226}
11-03 20:03:46.163 12635 12635 I TRACKERAUDIT: tryTransmitLocationPackage: calling doTheTransmitionOfLocationPackageThroughCloud
11-03 20:03:46.921 12635 12635 I TRACKERAUDIT: doTheTransmitionOfLocationPackageThroughCloud: transmited package successfuly
11-03 20:03:46.921 12635 12635 I TRACKERAUDIT: tryTransmitLocationPackage: doTheTransmitionOfLocationPackageThroughCloud success
11-03 20:03:46.948 12635 12635 I TRACKERAUDIT: 20handleNewLocation: parkNotificationTimer scheduled
11-03 20:03:47.916 12635 12635 I TRACKERAUDIT: transmitOldStoredLocations: reading stored locations to transmit
11-03 20:03:51.752 12635 12865 I TRACKERAUDIT: 20handleNewLocation: parkNotificationTimer triggered || data: {"accuracy":16.735,"altitude":892.5999755859375,"latitude":-19.9298759,"longitude":-43.9471378,"originTime":1604444609226,"parked":true,"provider":"network","speed":0.0,"time":1604444631750}
11-03 20:03:51.770 12635 12865 I TRACKERAUDIT: tryTransmitLocationPackage: calling doTheTransmitionOfLocationPackageThroughCloud
11-03 20:03:52.439 12635 12865 I TRACKERAUDIT: doTheTransmitionOfLocationPackageThroughCloud: transmited package successfuly
11-03 20:03:52.439 12635 12865 I TRACKERAUDIT: tryTransmitLocationPackage: doTheTransmitionOfLocationPackageThroughCloud success
11-03 20:03:52.948 12635 12635 I TRACKERAUDIT: transmitOldStoredLocations: reading stored locations to transmit
11-03 20:03:57.980 12635 12635 I TRACKERAUDIT: transmitOldStoredLocations: reading stored locations to transmit
11-03 20:04:02.995 12635 12635 I TRACKERAUDIT: transmitOldStoredLocations: reading stored locations to transmit
11-03 20:04:08.013 12635 12635 I TRACKERAUDIT: transmitOldStoredLocations: reading stored locations to transmit
11-03 20:04:09.159 12635 12635 I TRACKERAUDIT: Device location changed. || data: {"accuracy":20.368,"altitude":921.0,"latitude":-19.92998971,"longitude":-43.9471088,"parked":false,"provider":"gps","speed":0.0,"time":1604444650000}
11-03 20:04:09.160 12635 12635 I TRACKERAUDIT: 21handleNewLocation: triggered
11-03 20:04:09.162 12635 12635 I TRACKERAUDIT: 21handleNewLocation: parkNotificationTimer canceled
11-03 20:04:09.166 12635 12635 I TRACKERAUDIT: 21handleNewLocation: calling storeAndTryTransmitLocationPackage || data: {"accuracy":20.368,"altitude":921.0,"latitude":-19.92998971,"longitude":-43.9471088,"parked":false,"provider":"gps","speed":0.0,"time":1604444650000}
11-03 20:04:09.232 12635 12635 I TRACKERAUDIT: tryTransmitLocationPackage: calling doTheTransmitionOfLocationPackageThroughCloud
11-03 20:04:10.089 12635 12635 I TRACKERAUDIT: doTheTransmitionOfLocationPackageThroughCloud: transmited package successfuly
11-03 20:04:10.089 12635 12635 I TRACKERAUDIT: tryTransmitLocationPackage: doTheTransmitionOfLocationPackageThroughCloud success
11-03 20:04:10.126 12635 12635 I TRACKERAUDIT: 21handleNewLocation: parkNotificationTimer scheduled
11-03 20:04:10.167 12635 12635 I TRACKERAUDIT: Device location changed. || data: {"accuracy":23.033,"altitude":892.5999755859375,"latitude":-19.929856,"longitude":-43.9471038,"parked":false,"provider":"network","time":1604444649236}
11-03 20:04:10.167 12635 12635 I TRACKERAUDIT: 22handleNewLocation: triggered
11-03 20:04:10.169 12635 12635 I TRACKERAUDIT: 22handleNewLocation: parkNotificationTimer canceled
11-03 20:04:10.171 12635 12635 I TRACKERAUDIT: 22handleNewLocation: calling storeAndTryTransmitLocationPackage || data: {"accuracy":23.033,"altitude":892.5999755859375,"latitude":-19.929856,"longitude":-43.9471038,"parked":false,"provider":"network","time":1604444649236}
11-03 20:04:10.193 12635 12635 I TRACKERAUDIT: tryTransmitLocationPackage: calling doTheTransmitionOfLocationPackageThroughCloud
11-03 20:04:10.962 12635 12635 I TRACKERAUDIT: doTheTransmitionOfLocationPackageThroughCloud: transmited package successfuly
11-03 20:04:10.962 12635 12635 I TRACKERAUDIT: tryTransmitLocationPackage: doTheTransmitionOfLocationPackageThroughCloud success
11-03 20:04:10.995 12635 12635 I TRACKERAUDIT: 22handleNewLocation: parkNotificationTimer scheduled
11-03 20:04:13.030 12635 12635 I TRACKERAUDIT: transmitOldStoredLocations: reading stored locations to transmit
11-03 20:04:15.799 12635 12888 I TRACKERAUDIT: 22handleNewLocation: parkNotificationTimer triggered || data: {"accuracy":23.033,"altitude":892.5999755859375,"latitude":-19.929856,"longitude":-43.9471038,"originTime":1604444649236,"parked":true,"provider":"network","speed":0.0,"time":1604444655796}
11-03 20:04:15.833 12635 12888 I TRACKERAUDIT: tryTransmitLocationPackage: calling doTheTransmitionOfLocationPackageThroughCloud
11-03 20:04:16.521 12635 12888 I TRACKERAUDIT: doTheTransmitionOfLocationPackageThroughCloud: transmited package successfuly
11-03 20:04:16.521 12635 12888 I TRACKERAUDIT: tryTransmitLocationPackage: doTheTransmitionOfLocationPackageThroughCloud success
11-03 20:04:18.070 12635 12635 I TRACKERAUDIT: transmitOldStoredLocations: reading stored locations to transmit
11-03 20:04:23.103 12635 12635 I TRACKERAUDIT: transmitOldStoredLocations: reading stored locations to transmit
11-03 20:04:25.161 12635 12635 I TRACKERAUDIT: Device location changed. || data: {"accuracy":11.792,"altitude":922.0,"latitude":-19.92999117,"longitude":-43.94716874,"parked":false,"provider":"gps","speed":0.0,"time":1604444666000}
11-03 20:04:25.162 12635 12635 I TRACKERAUDIT: 23handleNewLocation: triggered
11-03 20:04:25.163 12635 12635 I TRACKERAUDIT: 23handleNewLocation: parkNotificationTimer canceled
11-03 20:04:25.166 12635 12635 I TRACKERAUDIT: 23handleNewLocation: calling storeAndTryTransmitLocationPackage || data: {"accuracy":11.792,"altitude":922.0,"latitude":-19.92999117,"longitude":-43.94716874,"parked":false,"provider":"gps","speed":0.0,"time":1604444666000}
11-03 20:04:25.197 12635 12635 I TRACKERAUDIT: tryTransmitLocationPackage: calling doTheTransmitionOfLocationPackageThroughCloud
11-03 20:04:25.882 12635 12635 I TRACKERAUDIT: doTheTransmitionOfLocationPackageThroughCloud: transmited package successfuly
11-03 20:04:25.882 12635 12635 I TRACKERAUDIT: tryTransmitLocationPackage: doTheTransmitionOfLocationPackageThroughCloud success
11-03 20:04:25.914 12635 12635 I TRACKERAUDIT: 23handleNewLocation: parkNotificationTimer scheduled
11-03 20:04:28.118 12635 12635 I TRACKERAUDIT: transmitOldStoredLocations: reading stored locations to transmit
11-03 20:04:30.719 12635 12895 I TRACKERAUDIT: 23handleNewLocation: parkNotificationTimer triggered || data: {"accuracy":11.792,"altitude":922.0,"latitude":-19.92999117,"longitude":-43.94716874,"originSpeed":0.0,"originTime":1604444666000,"parked":true,"provider":"gps","speed":0.0,"time":1604444670717}
11-03 20:04:30.754 12635 12895 I TRACKERAUDIT: tryTransmitLocationPackage: calling doTheTransmitionOfLocationPackageThroughCloud
11-03 20:04:31.480 12635 12895 I TRACKERAUDIT: doTheTransmitionOfLocationPackageThroughCloud: transmited package successfuly
11-03 20:04:31.481 12635 12895 I TRACKERAUDIT: tryTransmitLocationPackage: doTheTransmitionOfLocationPackageThroughCloud success
11-03 20:04:33.155 12635 12635 I TRACKERAUDIT: transmitOldStoredLocations: reading stored locations to transmit
11-03 20:04:38.190 12635 12635 I TRACKERAUDIT: transmitOldStoredLocations: reading stored locations to transmit
11-03 20:04:43.163 12635 12635 I TRACKERAUDIT: Device location changed. || data: {"accuracy":8.576,"altitude":927.0,"latitude":-19.92996831,"longitude":-43.94721007,"parked":false,"provider":"gps","speed":0.0,"time":1604444684000}
11-03 20:04:43.163 12635 12635 I TRACKERAUDIT: 24handleNewLocation: triggered
11-03 20:04:43.165 12635 12635 I TRACKERAUDIT: 24handleNewLocation: parkNotificationTimer canceled
11-03 20:04:43.168 12635 12635 I TRACKERAUDIT: 24handleNewLocation: calling storeAndTryTransmitLocationPackage || data: {"accuracy":8.576,"altitude":927.0,"latitude":-19.92996831,"longitude":-43.94721007,"parked":false,"provider":"gps","speed":0.0,"time":1604444684000}
11-03 20:04:43.204 12635 12635 I TRACKERAUDIT: tryTransmitLocationPackage: calling doTheTransmitionOfLocationPackageThroughCloud
11-03 20:04:44.080 12635 12635 I TRACKERAUDIT: doTheTransmitionOfLocationPackageThroughCloud: transmited package successfuly
11-03 20:04:44.080 12635 12635 I TRACKERAUDIT: tryTransmitLocationPackage: doTheTransmitionOfLocationPackageThroughCloud success
11-03 20:04:44.119 12635 12635 I TRACKERAUDIT: 24handleNewLocation: parkNotificationTimer scheduled
11-03 20:04:44.157 12635 12635 I TRACKERAUDIT: transmitOldStoredLocations: reading stored locations to transmit
11-03 20:04:48.920 12635 12901 I TRACKERAUDIT: 24handleNewLocation: parkNotificationTimer triggered || data: {"accuracy":8.576,"altitude":927.0,"latitude":-19.92996831,"longitude":-43.94721007,"originSpeed":0.0,"originTime":1604444684000,"parked":true,"provider":"gps","speed":0.0,"time":1604444688919}
11-03 20:04:48.952 12635 12901 I TRACKERAUDIT: tryTransmitLocationPackage: calling doTheTransmitionOfLocationPackageThroughCloud
11-03 20:04:49.184 12635 12635 I TRACKERAUDIT: transmitOldStoredLocations: reading stored locations to transmit
11-03 20:04:49.197 12635 12635 I TRACKERAUDIT: transmitOldStoredLocations: calling tryTransmitLocationPackage (ID: 00000175905B1219-00000023-9E816CA9) || data: {"accuracy":8.576,"altitude":927.0,"latitude":-19.92996831,"longitude":-43.94721007,"parked":true,"provider":"stored:gps","speed":0.0,"time":1604444688919}
11-03 20:04:49.197 12635 12635 I TRACKERAUDIT: tryTransmitLocationPackage: calling doTheTransmitionOfLocationPackageThroughCloud
11-03 20:04:49.639 12635 12901 I TRACKERAUDIT: doTheTransmitionOfLocationPackageThroughCloud: transmited package successfuly
11-03 20:04:49.640 12635 12901 I TRACKERAUDIT: tryTransmitLocationPackage: doTheTransmitionOfLocationPackageThroughCloud success
11-03 20:04:49.846 12635 12635 I TRACKERAUDIT: doTheTransmitionOfLocationPackageThroughCloud: transmited package successfuly
11-03 20:04:49.846 12635 12635 I TRACKERAUDIT: tryTransmitLocationPackage: doTheTransmitionOfLocationPackageThroughCloud success
11-03 20:04:51.466 12635 12635 I TRACKERAUDIT: Device location changed. || data: {"accuracy":24.676,"altitude":892.3999633789062,"latitude":-19.929887,"longitude":-43.9471529,"parked":false,"provider":"network","time":1604444691339}
11-03 20:04:51.466 12635 12635 I TRACKERAUDIT: 25handleNewLocation: triggered
11-03 20:04:51.467 12635 12635 I TRACKERAUDIT: 25handleNewLocation: parkNotificationTimer canceled
11-03 20:04:51.470 12635 12635 I TRACKERAUDIT: 25handleNewLocation: calling storeAndTryTransmitLocationPackage || data: {"accuracy":24.676,"altitude":892.3999633789062,"latitude":-19.929887,"longitude":-43.9471529,"parked":false,"provider":"network","time":1604444691339}
11-03 20:04:51.492 12635 12635 I TRACKERAUDIT: tryTransmitLocationPackage: calling doTheTransmitionOfLocationPackageThroughCloud
11-03 20:04:52.159 12635 12635 I TRACKERAUDIT: doTheTransmitionOfLocationPackageThroughCloud: transmited package successfuly
11-03 20:04:52.160 12635 12635 I TRACKERAUDIT: tryTransmitLocationPackage: doTheTransmitionOfLocationPackageThroughCloud success
11-03 20:04:52.197 12635 12635 I TRACKERAUDIT: 25handleNewLocation: parkNotificationTimer scheduled
11-03 20:04:54.878 12635 12635 I TRACKERAUDIT: transmitOldStoredLocations: reading stored locations to transmit
11-03 20:04:56.999 12635 12907 I TRACKERAUDIT: 25handleNewLocation: parkNotificationTimer triggered || data: {"accuracy":24.676,"altitude":892.3999633789062,"latitude":-19.929887,"longitude":-43.9471529,"originTime":1604444691339,"parked":true,"provider":"network","speed":0.0,"time":1604444696997}
11-03 20:04:57.026 12635 12907 I TRACKERAUDIT: tryTransmitLocationPackage: calling doTheTransmitionOfLocationPackageThroughCloud
11-03 20:04:57.688 12635 12907 I TRACKERAUDIT: doTheTransmitionOfLocationPackageThroughCloud: transmited package successfuly
11-03 20:04:57.688 12635 12907 I TRACKERAUDIT: tryTransmitLocationPackage: doTheTransmitionOfLocationPackageThroughCloud success
11-03 20:04:59.913 12635 12635 I TRACKERAUDIT: transmitOldStoredLocations: reading stored locations to transmit
11-03 20:05:04.946 12635 12635 I TRACKERAUDIT: transmitOldStoredLocations: reading stored locations to transmit
11-03 20:05:05.164 12635 12635 I TRACKERAUDIT: Device location changed. || data: {"accuracy":8.576,"altitude":923.0,"latitude":-19.92997512,"longitude":-43.94713955,"parked":false,"provider":"gps","speed":0.0,"time":1604444706000}
11-03 20:05:05.164 12635 12635 I TRACKERAUDIT: 26handleNewLocation: triggered
11-03 20:05:05.165 12635 12635 I TRACKERAUDIT: 26handleNewLocation: parkNotificationTimer canceled
