11-03 20:10:00.207 12635 12635 I TRACKERAUDIT: doTheTransmitionOfLocationPackageThroughCloud: transmited package successfuly
11-03 20:10:00.207 12635 12635 I TRACKERAUDIT: tryTransmitLocationPackage: doTheTransmitionOfLocationPackageThroughCloud success
11-03 20:10:00.236 12635 12635 I TRACKERAUDIT: 50handleNewLocation: parkNotificationTimer scheduled
11-03 20:10:00.523 12635 12635 I TRACKERAUDIT: transmitOldStoredLocations: reading stored locations to transmit
11-03 20:10:05.038 12635 13176 I TRACKERAUDIT: 50handleNewLocation: parkNotificationTimer triggered || data: {"accuracy":23.765,"altitude":892.5999755859375,"latitude":-19.930063,"longitude":-43.9473251,"originTime":1604444999427,"parked":true,"provider":"network","speed":0.0,"time":1604445005037}
11-03 20:10:05.128 12635 13176 I TRACKERAUDIT: tryTransmitLocationPackage: calling doTheTransmitionOfLocationPackageThroughCloud
11-03 20:10:05.553 12635 12635 I TRACKERAUDIT: transmitOldStoredLocations: reading stored locations to transmit
11-03 20:10:05.563 12635 12635 I TRACKERAUDIT: transmitOldStoredLocations: calling tryTransmitLocationPackage (ID: 00000175905FE4EE-00000051-BA8B7966) || data: {"accuracy":23.765,"altitude":892.5999755859375,"latitude":-19.930063,"longitude":-43.9473251,"parked":true,"provider":"stored:network","speed":0.0,"time":1604445005037}
11-03 20:10:05.563 12635 12635 I TRACKERAUDIT: tryTransmitLocationPackage: calling doTheTransmitionOfLocationPackageThroughCloud
11-03 20:10:05.800 12635 13176 I TRACKERAUDIT: doTheTransmitionOfLocationPackageThroughCloud: transmited package successfuly
11-03 20:10:05.800 12635 13176 I TRACKERAUDIT: tryTransmitLocationPackage: doTheTransmitionOfLocationPackageThroughCloud success
11-03 20:10:06.197 12635 12635 I TRACKERAUDIT: doTheTransmitionOfLocationPackageThroughCloud: transmited package successfuly
11-03 20:10:06.198 12635 12635 I TRACKERAUDIT: tryTransmitLocationPackage: doTheTransmitionOfLocationPackageThroughCloud success
11-03 20:10:11.227 12635 12635 I TRACKERAUDIT: transmitOldStoredLocations: reading stored locations to transmit
11-03 20:10:16.267 12635 12635 I TRACKERAUDIT: transmitOldStoredLocations: reading stored locations to transmit
11-03 20:10:21.283 12635 12635 I TRACKERAUDIT: transmitOldStoredLocations: reading stored locations to transmit
11-03 20:10:23.154 12635 12635 I TRACKERAUDIT: Device location changed. || data: {"accuracy":8.576,"altitude":892.0,"latitude":-19.92983094,"longitude":-43.9472833,"parked":false,"provider":"gps","speed":0.0,"time":1604445024000}
11-03 20:10:23.155 12635 12635 I TRACKERAUDIT: 51handleNewLocation: triggered
11-03 20:10:23.157 12635 12635 I TRACKERAUDIT: 51handleNewLocation: parkNotificationTimer canceled
11-03 20:10:23.159 12635 12635 I TRACKERAUDIT: 51handleNewLocation: calling storeAndTryTransmitLocationPackage || data: {"accuracy":8.576,"altitude":892.0,"latitude":-19.92983094,"longitude":-43.9472833,"parked":false,"provider":"gps","speed":0.0,"time":1604445024000}
11-03 20:10:23.216 12635 12635 I TRACKERAUDIT: tryTransmitLocationPackage: calling doTheTransmitionOfLocationPackageThroughCloud
11-03 20:10:23.998 12635 12635 I TRACKERAUDIT: doTheTransmitionOfLocationPackageThroughCloud: transmited package successfuly
11-03 20:10:23.998 12635 12635 I TRACKERAUDIT: tryTransmitLocationPackage: doTheTransmitionOfLocationPackageThroughCloud success
11-03 20:10:24.027 12635 12635 I TRACKERAUDIT: 51handleNewLocation: parkNotificationTimer scheduled
11-03 20:10:26.295 12635 12635 I TRACKERAUDIT: transmitOldStoredLocations: reading stored locations to transmit
11-03 20:10:28.829 12635 13184 I TRACKERAUDIT: 51handleNewLocation: parkNotificationTimer triggered || data: {"accuracy":8.576,"altitude":892.0,"latitude":-19.92983094,"longitude":-43.9472833,"originSpeed":0.0,"originTime":1604445024000,"parked":true,"provider":"gps","speed":0.0,"time":1604445028828}
11-03 20:10:28.852 12635 13184 I TRACKERAUDIT: tryTransmitLocationPackage: calling doTheTransmitionOfLocationPackageThroughCloud
11-03 20:10:29.532 12635 13184 I TRACKERAUDIT: doTheTransmitionOfLocationPackageThroughCloud: transmited package successfuly
11-03 20:10:29.532 12635 13184 I TRACKERAUDIT: tryTransmitLocationPackage: doTheTransmitionOfLocationPackageThroughCloud success
11-03 20:10:31.324 12635 12635 I TRACKERAUDIT: transmitOldStoredLocations: reading stored locations to transmit
11-03 20:10:36.353 12635 12635 I TRACKERAUDIT: transmitOldStoredLocations: reading stored locations to transmit
11-03 20:10:39.165 12635 12635 I TRACKERAUDIT: Device location changed. || data: {"accuracy":9.648001,"altitude":894.0,"bearing":122.8,"latitude":-19.92987762,"longitude":-43.94729401,"parked":false,"provider":"gps","speed":0.33,"time":1604445040000}
11-03 20:10:39.165 12635 12635 I TRACKERAUDIT: 52handleNewLocation: triggered
11-03 20:10:39.167 12635 12635 I TRACKERAUDIT: 52handleNewLocation: parkNotificationTimer canceled
11-03 20:10:39.168 12635 12635 I TRACKERAUDIT: 52handleNewLocation: calling storeAndTryTransmitLocationPackage || data: {"accuracy":9.648001,"altitude":894.0,"bearing":122.8,"latitude":-19.92987762,"longitude":-43.94729401,"parked":false,"provider":"gps","speed":0.33,"time":1604445040000}
11-03 20:10:39.240 12635 12635 I TRACKERAUDIT: tryTransmitLocationPackage: calling doTheTransmitionOfLocationPackageThroughCloud
11-03 20:10:39.918 12635 12635 I TRACKERAUDIT: doTheTransmitionOfLocationPackageThroughCloud: transmited package successfuly
11-03 20:10:39.919 12635 12635 I TRACKERAUDIT: tryTransmitLocationPackage: doTheTransmitionOfLocationPackageThroughCloud success
11-03 20:10:39.949 12635 12635 I TRACKERAUDIT: 52handleNewLocation: parkNotificationTimer scheduled
11-03 20:10:39.974 12635 12635 I TRACKERAUDIT: Device location changed. || data: {"accuracy":21.942,"altitude":892.5999755859375,"latitude":-19.9300365,"longitude":-43.9474106,"parked":false,"provider":"network","time":1604445039354}
11-03 20:10:39.974 12635 12635 I TRACKERAUDIT: 53handleNewLocation: triggered
11-03 20:10:39.976 12635 12635 I TRACKERAUDIT: 53handleNewLocation: parkNotificationTimer canceled
11-03 20:10:39.978 12635 12635 I TRACKERAUDIT: 53handleNewLocation: calling storeAndTryTransmitLocationPackage || data: {"accuracy":21.942,"altitude":892.5999755859375,"latitude":-19.9300365,"longitude":-43.9474106,"parked":false,"provider":"network","time":1604445039354}
11-03 20:10:39.997 12635 12635 I TRACKERAUDIT: tryTransmitLocationPackage: calling doTheTransmitionOfLocationPackageThroughCloud
11-03 20:10:40.678 12635 12635 I TRACKERAUDIT: doTheTransmitionOfLocationPackageThroughCloud: transmited package successfuly
11-03 20:10:40.679 12635 12635 I TRACKERAUDIT: tryTransmitLocationPackage: doTheTransmitionOfLocationPackageThroughCloud success
11-03 20:10:40.708 12635 12635 I TRACKERAUDIT: 53handleNewLocation: parkNotificationTimer scheduled
11-03 20:10:41.362 12635 12635 I TRACKERAUDIT: transmitOldStoredLocations: reading stored locations to transmit
11-03 20:10:45.160 12635 12635 I TRACKERAUDIT: Device location changed. || data: {"accuracy":7.504,"altitude":885.0,"bearing":167.6,"latitude":-19.9299421,"longitude":-43.94733193,"parked":false,"provider":"gps","speed":0.45,"time":1604445046000}
11-03 20:10:45.160 12635 12635 I TRACKERAUDIT: 54handleNewLocation: triggered
11-03 20:10:45.161 12635 12635 I TRACKERAUDIT: 54handleNewLocation: parkNotificationTimer canceled
11-03 20:10:45.163 12635 12635 I TRACKERAUDIT: 54handleNewLocation: calling storeAndTryTransmitLocationPackage || data: {"accuracy":7.504,"altitude":885.0,"bearing":167.6,"latitude":-19.9299421,"longitude":-43.94733193,"parked":false,"provider":"gps","speed":0.45,"time":1604445046000}
11-03 20:10:45.241 12635 12635 I TRACKERAUDIT: tryTransmitLocationPackage: calling doTheTransmitionOfLocationPackageThroughCloud
11-03 20:10:45.894 12635 12635 I TRACKERAUDIT: doTheTransmitionOfLocationPackageThroughCloud: transmited package successfuly
11-03 20:10:45.895 12635 12635 I TRACKERAUDIT: tryTransmitLocationPackage: doTheTransmitionOfLocationPackageThroughCloud success
11-03 20:10:45.921 12635 12635 I TRACKERAUDIT: 54handleNewLocation: parkNotificationTimer scheduled
11-03 20:10:46.386 12635 12635 I TRACKERAUDIT: transmitOldStoredLocations: reading stored locations to transmit
11-03 20:10:50.724 12635 13192 I TRACKERAUDIT: 54handleNewLocation: parkNotificationTimer triggered || data: {"accuracy":7.504,"altitude":885.0,"bearing":167.6,"latitude":-19.9299421,"longitude":-43.94733193,"originSpeed":0.45,"originTime":1604445046000,"parked":true,"provider":"gps","speed":0.0,"time":1604445050723}
11-03 20:10:50.817 12635 13192 I TRACKERAUDIT: tryTransmitLocationPackage: calling doTheTransmitionOfLocationPackageThroughCloud
11-03 20:10:51.413 12635 12635 I TRACKERAUDIT: transmitOldStoredLocations: reading stored locations to transmit
11-03 20:10:51.423 12635 12635 I TRACKERAUDIT: transmitOldStoredLocations: calling tryTransmitLocationPackage (ID: 0000017590609764-00000057-EF69FE59) || data: {"accuracy":7.504,"altitude":885.0,"bearing":167.6,"latitude":-19.9299421,"longitude":-43.94733193,"parked":true,"provider":"stored:gps","speed":0.0,"time":1604445050723}
11-03 20:10:51.423 12635 12635 I TRACKERAUDIT: tryTransmitLocationPackage: calling doTheTransmitionOfLocationPackageThroughCloud
11-03 20:10:51.570 12635 13192 I TRACKERAUDIT: doTheTransmitionOfLocationPackageThroughCloud: transmited package successfuly
11-03 20:10:51.571 12635 13192 I TRACKERAUDIT: tryTransmitLocationPackage: doTheTransmitionOfLocationPackageThroughCloud success
11-03 20:10:52.039 12635 12635 I TRACKERAUDIT: doTheTransmitionOfLocationPackageThroughCloud: transmited package successfuly
11-03 20:10:52.039 12635 12635 I TRACKERAUDIT: tryTransmitLocationPackage: doTheTransmitionOfLocationPackageThroughCloud success
11-03 20:10:57.064 12635 12635 I TRACKERAUDIT: transmitOldStoredLocations: reading stored locations to transmit
11-03 20:11:02.092 12635 12635 I TRACKERAUDIT: transmitOldStoredLocations: reading stored locations to transmit
11-03 20:11:07.108 12635 12635 I TRACKERAUDIT: transmitOldStoredLocations: reading stored locations to transmit
11-03 20:11:11.238 12635 12635 I TRACKERAUDIT: tryTransmitLocationPackage: calling doTheTransmitionOfLocationPackageThroughCloud
11-03 20:11:11.844 12635 12635 I TRACKERAUDIT: doTheTransmitionOfLocationPackageThroughCloud: transmited package successfuly
11-03 20:11:11.844 12635 12635 I TRACKERAUDIT: tryTransmitLocationPackage: doTheTransmitionOfLocationPackageThroughCloud success
11-03 20:11:11.871 12635 12635 I TRACKERAUDIT: 55handleNewLocation: parkNotificationTimer scheduled
11-03 20:11:12.118 12635 12635 I TRACKERAUDIT: transmitOldStoredLocations: reading stored locations to transmit
11-03 20:11:16.674 12635 13197 I TRACKERAUDIT: 55handleNewLocation: parkNotificationTimer triggered || data: {"accuracy":20.368,"altitude":885.0,"latitude":-19.9298975,"longitude":-43.94731961,"originSpeed":0.0,"originTime":1604445072000,"parked":true,"provider":"gps","speed":0.0,"time":1604445076673}
11-03 20:11:16.696 12635 13197 I TRACKERAUDIT: tryTransmitLocationPackage: calling doTheTransmitionOfLocationPackageThroughCloud
11-03 20:11:17.147 12635 12635 I TRACKERAUDIT: transmitOldStoredLocations: reading stored locations to transmit
11-03 20:11:17.158 12635 12635 I TRACKERAUDIT: transmitOldStoredLocations: calling tryTransmitLocationPackage (ID: 000001759060FCC2-00000059-253335D0) || data: {"accuracy":20.368,"altitude":885.0,"latitude":-19.9298975,"longitude":-43.94731961,"parked":true,"provider":"stored:gps","speed":0.0,"time":1604445076673}
11-03 20:11:17.158 12635 12635 I TRACKERAUDIT: tryTransmitLocationPackage: calling doTheTransmitionOfLocationPackageThroughCloud
11-03 20:11:17.320 12635 13197 I TRACKERAUDIT: doTheTransmitionOfLocationPackageThroughCloud: transmited package successfuly
11-03 20:11:17.321 12635 13197 I TRACKERAUDIT: tryTransmitLocationPackage: doTheTransmitionOfLocationPackageThroughCloud success
11-03 20:11:17.758 12635 12635 I TRACKERAUDIT: doTheTransmitionOfLocationPackageThroughCloud: transmited package successfuly
11-03 20:11:17.758 12635 12635 I TRACKERAUDIT: tryTransmitLocationPackage: doTheTransmitionOfLocationPackageThroughCloud success
11-03 20:11:21.155 12635 12635 I TRACKERAUDIT: Device location changed. || data: {"accuracy":11.792,"altitude":889.0,"latitude":-19.92995317,"longitude":-43.94734452,"parked":false,"provider":"gps","speed":0.0,"time":1604445082000}
11-03 20:11:21.155 12635 12635 I TRACKERAUDIT: 56handleNewLocation: triggered
11-03 20:11:21.157 12635 12635 I TRACKERAUDIT: 56handleNewLocation: parkNotificationTimer canceled
11-03 20:11:21.158 12635 12635 I TRACKERAUDIT: 56handleNewLocation: calling storeAndTryTransmitLocationPackage || data: {"accuracy":11.792,"altitude":889.0,"latitude":-19.92995317,"longitude":-43.94734452,"parked":false,"provider":"gps","speed":0.0,"time":1604445082000}
11-03 20:11:21.186 12635 12635 I TRACKERAUDIT: tryTransmitLocationPackage: calling doTheTransmitionOfLocationPackageThroughCloud
11-03 20:11:21.802 12635 12635 I TRACKERAUDIT: doTheTransmitionOfLocationPackageThroughCloud: transmited package successfuly
11-03 20:11:21.802 12635 12635 I TRACKERAUDIT: tryTransmitLocationPackage: doTheTransmitionOfLocationPackageThroughCloud success
11-03 20:11:21.836 12635 12635 I TRACKERAUDIT: 56handleNewLocation: parkNotificationTimer scheduled
11-03 20:11:22.781 12635 12635 I TRACKERAUDIT: transmitOldStoredLocations: reading stored locations to transmit
11-03 20:11:23.161 12635 12635 I TRACKERAUDIT: Device location changed. || data: {"accuracy":10.72,"altitude":893.0,"latitude":-19.93000025,"longitude":-43.94734872,"parked":false,"provider":"gps","speed":0.0,"time":1604445084000}
11-03 20:11:23.161 12635 12635 I TRACKERAUDIT: 57handleNewLocation: triggered
11-03 20:11:23.165 12635 12635 I TRACKERAUDIT: 57handleNewLocation: parkNotificationTimer canceled
11-03 20:11:23.167 12635 12635 I TRACKERAUDIT: 57handleNewLocation: calling storeAndTryTransmitLocationPackage || data: {"accuracy":10.72,"altitude":893.0,"latitude":-19.93000025,"longitude":-43.94734872,"parked":false,"provider":"gps","speed":0.0,"time":1604445084000}
11-03 20:11:23.194 12635 12635 I TRACKERAUDIT: tryTransmitLocationPackage: calling doTheTransmitionOfLocationPackageThroughCloud
11-03 20:11:23.823 12635 12635 I TRACKERAUDIT: doTheTransmitionOfLocationPackageThroughCloud: transmited package successfuly
11-03 20:11:23.823 12635 12635 I TRACKERAUDIT: tryTransmitLocationPackage: doTheTransmitionOfLocationPackageThroughCloud success
11-03 20:11:23.852 12635 12635 I TRACKERAUDIT: 57handleNewLocation: parkNotificationTimer scheduled
11-03 20:11:27.157 12635 12635 I TRACKERAUDIT: Device location changed. || data: {"accuracy":10.72,"altitude":893.0,"latitude":-19.93005494,"longitude":-43.9473514,"parked":false,"provider":"gps","speed":0.0,"time":1604445088000}
11-03 20:11:27.158 12635 12635 I TRACKERAUDIT: 58handleNewLocation: triggered
11-03 20:11:27.159 12635 12635 I TRACKERAUDIT: 58handleNewLocation: parkNotificationTimer canceled
11-03 20:11:27.161 12635 12635 I TRACKERAUDIT: 58handleNewLocation: calling storeAndTryTransmitLocationPackage || data: {"accuracy":10.72,"altitude":893.0,"latitude":-19.93005494,"longitude":-43.9473514,"parked":false,"provider":"gps","speed":0.0,"time":1604445088000}
11-03 20:11:27.186 12635 12635 I TRACKERAUDIT: tryTransmitLocationPackage: calling doTheTransmitionOfLocationPackageThroughCloud
11-03 20:11:27.795 12635 12635 I TRACKERAUDIT: doTheTransmitionOfLocationPackageThroughCloud: transmited package successfuly
11-03 20:11:27.795 12635 12635 I TRACKERAUDIT: tryTransmitLocationPackage: doTheTransmitionOfLocationPackageThroughCloud success
11-03 20:11:27.826 12635 12635 I TRACKERAUDIT: 58handleNewLocation: parkNotificationTimer scheduled
11-03 20:11:27.849 12635 12635 I TRACKERAUDIT: transmitOldStoredLocations: reading stored locations to transmit
11-03 20:11:32.629 12635 13209 I TRACKERAUDIT: 58handleNewLocation: parkNotificationTimer triggered || data: {"accuracy":10.72,"altitude":893.0,"latitude":-19.93005494,"longitude":-43.9473514,"originSpeed":0.0,"originTime":1604445088000,"parked":true,"provider":"gps","speed":0.0,"time":1604445092628}
11-03 20:11:32.657 12635 13209 I TRACKERAUDIT: tryTransmitLocationPackage: calling doTheTransmitionOfLocationPackageThroughCloud
11-03 20:11:32.872 12635 12635 I TRACKERAUDIT: transmitOldStoredLocations: reading stored locations to transmit
11-03 20:11:32.880 12635 12635 I TRACKERAUDIT: transmitOldStoredLocations: calling tryTransmitLocationPackage (ID: 0000017590613B15-0000005D-3E45FAD4) || data: {"accuracy":10.72,"altitude":893.0,"latitude":-19.93005494,"longitude":-43.9473514,"parked":true,"provider":"stored:gps","speed":0.0,"time":1604445092628}
11-03 20:11:32.880 12635 12635 I TRACKERAUDIT: tryTransmitLocationPackage: calling doTheTransmitionOfLocationPackageThroughCloud
11-03 20:11:34.408 12635 12635 I TRACKERAUDIT: doTheTransmitionOfLocationPackageThroughCloud: transmited package successfuly
11-03 20:11:34.408 12635 13209 I TRACKERAUDIT: doTheTransmitionOfLocationPackageThroughCloud: transmited package successfuly
11-03 20:11:34.408 12635 13209 I TRACKERAUDIT: tryTransmitLocationPackage: doTheTransmitionOfLocationPackageThroughCloud success
11-03 20:11:34.408 12635 12635 I TRACKERAUDIT: tryTransmitLocationPackage: doTheTransmitionOfLocationPackageThroughCloud success
11-03 20:11:39.432 12635 12635 I TRACKERAUDIT: transmitOldStoredLocations: reading stored locations to transmit
11-03 20:11:44.460 12635 12635 I TRACKERAUDIT: transmitOldStoredLocations: reading stored locations to transmit
11-03 20:11:49.159 12635 12635 I TRACKERAUDIT: Device location changed. || data: {"accuracy":7.504,"altitude":889.0,"bearing":160.0,"latitude":-19.93010058,"longitude":-43.9473781,"parked":false,"provider":"gps","speed":0.55,"time":1604445110000}
11-03 20:11:49.159 12635 12635 I TRACKERAUDIT: 59handleNewLocation: triggered
11-03 20:11:49.161 12635 12635 I TRACKERAUDIT: 59handleNewLocation: parkNotificationTimer canceled
11-03 20:11:49.163 12635 12635 I TRACKERAUDIT: 59handleNewLocation: calling storeAndTryTransmitLocationPackage || data: {"accuracy":7.504,"altitude":889.0,"bearing":160.0,"latitude":-19.93010058,"longitude":-43.9473781,"parked":false,"provider":"gps","speed":0.55,"time":1604445110000}
11-03 20:11:49.193 12635 12635 I TRACKERAUDIT: tryTransmitLocationPackage: calling doTheTransmitionOfLocationPackageThroughCloud
11-03 20:11:50.116 12635 12635 I TRACKERAUDIT: doTheTransmitionOfLocationPackageThroughCloud: transmited package successfuly
11-03 20:11:50.116 12635 12635 I TRACKERAUDIT: tryTransmitLocationPackage: doTheTransmitionOfLocationPackageThroughCloud success
11-03 20:11:50.140 12635 12635 I TRACKERAUDIT: 59handleNewLocation: parkNotificationTimer scheduled
11-03 20:11:50.163 12635 12635 I TRACKERAUDIT: transmitOldStoredLocations: reading stored locations to transmit
11-03 20:11:54.943 12635 13215 I TRACKERAUDIT: 59handleNewLocation: parkNotificationTimer triggered || data: {"accuracy":7.504,"altitude":889.0,"bearing":160.0,"latitude":-19.93010058,"longitude":-43.9473781,"originSpeed":0.55,"originTime":1604445110000,"parked":true,"provider":"gps","speed":0.0,"time":1604445114942}
11-03 20:11:54.970 12635 13215 I TRACKERAUDIT: tryTransmitLocationPackage: calling doTheTransmitionOfLocationPackageThroughCloud
11-03 20:11:55.164 12635 12635 I TRACKERAUDIT: Device location changed. || data: {"accuracy":7.504,"altitude":886.0,"bearing":357.5,"latitude":-19.93003885,"longitude":-43.94738287,"parked":false,"provider":"gps","speed":0.31,"time":1604445116000}
11-03 20:11:55.164 12635 12635 I TRACKERAUDIT: 60handleNewLocation: triggered
11-03 20:11:55.637 12635 13215 I TRACKERAUDIT: doTheTransmitionOfLocationPackageThroughCloud: transmited package successfuly
11-03 20:11:55.637 12635 13215 I TRACKERAUDIT: tryTransmitLocationPackage: doTheTransmitionOfLocationPackageThroughCloud success
11-03 20:11:55.661 12635 12635 I TRACKERAUDIT: 60handleNewLocation: parkNotificationTimer canceled
11-03 20:11:55.662 12635 12635 I TRACKERAUDIT: 60handleNewLocation: calling storeAndTryTransmitLocationPackage || data: {"accuracy":7.504,"altitude":886.0,"bearing":357.5,"latitude":-19.93003885,"longitude":-43.94738287,"parked":false,"provider":"gps","speed":0.31,"time":1604445116000}
11-03 20:11:55.682 12635 12635 I TRACKERAUDIT: tryTransmitLocationPackage: calling doTheTransmitionOfLocationPackageThroughCloud
11-03 20:11:56.318 12635 12635 I TRACKERAUDIT: doTheTransmitionOfLocationPackageThroughCloud: transmited package successfuly
11-03 20:11:56.318 12635 12635 I TRACKERAUDIT: tryTransmitLocationPackage: doTheTransmitionOfLocationPackageThroughCloud success
11-03 20:11:56.350 12635 12635 I TRACKERAUDIT: 60handleNewLocation: parkNotificationTimer scheduled
11-03 20:11:56.352 12635 12635 I TRACKERAUDIT: transmitOldStoredLocations: reading stored locations to transmit
11-03 20:11:59.476 12635 12635 I TRACKERAUDIT: Device location changed. || data: {"accuracy":23.239,"altitude":892.8999633789062,"latitude":-19.9300812,"longitude":-43.9473813,"parked":false,"provider":"network","time":1604445119379}
11-03 20:11:59.476 12635 12635 I TRACKERAUDIT: 61handleNewLocation: triggered
11-03 20:11:59.477 12635 12635 I TRACKERAUDIT: 61handleNewLocation: parkNotificationTimer canceled
11-03 20:11:59.478 12635 12635 I TRACKERAUDIT: 61handleNewLocation: calling storeAndTryTransmitLocationPackage || data: {"accuracy":23.239,"altitude":892.8999633789062,"latitude":-19.9300812,"longitude":-43.9473813,"parked":false,"provider":"network","time":1604445119379}
11-03 20:11:59.809 12635 12635 I TRACKERAUDIT: tryTransmitLocationPackage: calling doTheTransmitionOfLocationPackageThroughCloud
11-03 20:12:00.478 12635 12635 I TRACKERAUDIT: doTheTransmitionOfLocationPackageThroughCloud: transmited package successfuly
11-03 20:12:00.478 12635 12635 I TRACKERAUDIT: tryTransmitLocationPackage: doTheTransmitionOfLocationPackageThroughCloud success
11-03 20:12:00.509 12635 12635 I TRACKERAUDIT: 61handleNewLocation: parkNotificationTimer scheduled
11-03 20:12:01.368 12635 12635 I TRACKERAUDIT: transmitOldStoredLocations: reading stored locations to transmit
11-03 20:12:05.153 12635 12635 I TRACKERAUDIT: Device location changed. || data: {"accuracy":12.864,"altitude":889.0,"bearing":346.7,"latitude":-19.92999253,"longitude":-43.94740036,"parked":false,"provider":"gps","speed":1.88,"time":1604445126000}
11-03 20:12:05.153 12635 12635 I TRACKERAUDIT: 62handleNewLocation: triggered
11-03 20:12:05.155 12635 12635 I TRACKERAUDIT: 62handleNewLocation: parkNotificationTimer canceled
11-03 20:12:05.156 12635 12635 I TRACKERAUDIT: 62handleNewLocation: calling storeAndTryTransmitLocationPackage || data: {"accuracy":12.864,"altitude":889.0,"bearing":346.7,"latitude":-19.92999253,"longitude":-43.94740036,"parked":false,"provider":"gps","speed":1.88,"time":1604445126000}
11-03 20:12:05.181 12635 12635 I TRACKERAUDIT: tryTransmitLocationPackage: calling doTheTransmitionOfLocationPackageThroughCloud
11-03 20:12:05.837 12635 12635 I TRACKERAUDIT: doTheTransmitionOfLocationPackageThroughCloud: transmited package successfuly
11-03 20:12:05.837 12635 12635 I TRACKERAUDIT: tryTransmitLocationPackage: doTheTransmitionOfLocationPackageThroughCloud success
11-03 20:12:05.864 12635 12635 I TRACKERAUDIT: 62handleNewLocation: parkNotificationTimer scheduled
11-03 20:12:06.390 12635 12635 I TRACKERAUDIT: transmitOldStoredLocations: reading stored locations to transmit
11-03 20:12:10.665 12635 13229 I TRACKERAUDIT: 62handleNewLocation: parkNotificationTimer triggered || data: {"accuracy":12.864,"altitude":889.0,"bearing":346.7,"latitude":-19.92999253,"longitude":-43.94740036,"originSpeed":1.88,"originTime":1604445126000,"parked":true,"provider":"gps","speed":0.0,"time":1604445130664}
11-03 20:12:10.756 12635 13229 I TRACKERAUDIT: tryTransmitLocationPackage: calling doTheTransmitionOfLocationPackageThroughCloud
11-03 20:12:11.160 12635 12635 I TRACKERAUDIT: Device location changed. || data: {"accuracy":17.152,"altitude":888.0,"bearing":283.7,"latitude":-19.92995482,"longitude":-43.94746505,"parked":false,"provider":"gps","speed":1.73,"time":1604445132000}
11-03 20:12:11.160 12635 12635 I TRACKERAUDIT: 63handleNewLocation: triggered
11-03 20:12:11.397 12635 13229 I TRACKERAUDIT: doTheTransmitionOfLocationPackageThroughCloud: transmited package successfuly
11-03 20:12:11.397 12635 13229 I TRACKERAUDIT: tryTransmitLocationPackage: doTheTransmitionOfLocationPackageThroughCloud success
11-03 20:12:11.423 12635 12635 I TRACKERAUDIT: 63handleNewLocation: parkNotificationTimer canceled
11-03 20:12:11.425 12635 12635 I TRACKERAUDIT: 63handleNewLocation: calling storeAndTryTransmitLocationPackage || data: {"accuracy":17.152,"altitude":888.0,"bearing":283.7,"latitude":-19.92995482,"longitude":-43.94746505,"parked":false,"provider":"gps","speed":1.73,"time":1604445132000}
11-03 20:12:11.441 12635 12635 I TRACKERAUDIT: tryTransmitLocationPackage: calling doTheTransmitionOfLocationPackageThroughCloud
11-03 20:12:12.077 12635 12635 I TRACKERAUDIT: doTheTransmitionOfLocationPackageThroughCloud: transmited package successfuly
11-03 20:12:12.077 12635 12635 I TRACKERAUDIT: tryTransmitLocationPackage: doTheTransmitionOfLocationPackageThroughCloud success
11-03 20:12:12.120 12635 12635 I TRACKERAUDIT: 63handleNewLocation: parkNotificationTimer scheduled
11-03 20:12:12.122 12635 12635 I TRACKERAUDIT: transmitOldStoredLocations: reading stored locations to transmit
11-03 20:12:13.162 12635 12635 I TRACKERAUDIT: Device location changed. || data: {"accuracy":8.576,"altitude":887.0,"bearing":263.3,"latitude":-19.92997007,"longitude":-43.94752166,"parked":false,"provider":"gps","speed":2.9,"time":1604445134000}
11-03 20:12:13.162 12635 12635 I TRACKERAUDIT: 64handleNewLocation: triggered
11-03 20:12:13.163 12635 12635 I TRACKERAUDIT: 64handleNewLocation: parkNotificationTimer canceled
11-03 20:12:13.165 12635 12635 I TRACKERAUDIT: 64handleNewLocation: calling storeAndTryTransmitLocationPackage || data: {"accuracy":8.576,"altitude":887.0,"bearing":263.3,"latitude":-19.92997007,"longitude":-43.94752166,"parked":false,"provider":"gps","speed":2.9,"time":1604445134000}
11-03 20:12:13.188 12635 12635 I TRACKERAUDIT: tryTransmitLocationPackage: calling doTheTransmitionOfLocationPackageThroughCloud
11-03 20:12:13.837 12635 12635 I TRACKERAUDIT: doTheTransmitionOfLocationPackageThroughCloud: transmited package successfuly
11-03 20:12:13.837 12635 12635 I TRACKERAUDIT: tryTransmitLocationPackage: doTheTransmitionOfLocationPackageThroughCloud success
11-03 20:12:13.864 12635 12635 I TRACKERAUDIT: 64handleNewLocation: parkNotificationTimer scheduled
11-03 20:12:15.160 12635 12635 I TRACKERAUDIT: Device location changed. || data: {"accuracy":8.576,"altitude":888.0,"bearing":265.1,"latitude":-19.92997925,"longitude":-43.94758797,"parked":false,"provider":"gps","speed":3.83,"time":1604445136000}
11-03 20:12:15.160 12635 12635 I TRACKERAUDIT: 65handleNewLocation: triggered
11-03 20:12:15.162 12635 12635 I TRACKERAUDIT: 65handleNewLocation: parkNotificationTimer canceled
11-03 20:12:15.163 12635 12635 I TRACKERAUDIT: 65handleNewLocation: calling storeAndTryTransmitLocationPackage || data: {"accuracy":8.576,"altitude":888.0,"bearing":265.1,"latitude":-19.92997925,"longitude":-43.94758797,"parked":false,"provider":"gps","speed":3.83,"time":1604445136000}
11-03 20:12:15.185 12635 12635 I TRACKERAUDIT: tryTransmitLocationPackage: calling doTheTransmitionOfLocationPackageThroughCloud
11-03 20:12:15.837 12635 12635 I TRACKERAUDIT: doTheTransmitionOfLocationPackageThroughCloud: transmited package successfuly
11-03 20:12:15.837 12635 12635 I TRACKERAUDIT: tryTransmitLocationPackage: doTheTransmitionOfLocationPackageThroughCloud success
11-03 20:12:15.861 12635 12635 I TRACKERAUDIT: 65handleNewLocation: parkNotificationTimer scheduled
11-03 20:12:17.140 12635 12635 I TRACKERAUDIT: transmitOldStoredLocations: reading stored locations to transmit
11-03 20:12:17.169 12635 12635 I TRACKERAUDIT: Device location changed. || data: {"accuracy":7.504,"altitude":889.0,"bearing":272.3,"latitude":-19.92997238,"longitude":-43.94768344,"parked":false,"provider":"gps","speed":4.36,"time":1604445138000}
11-03 20:12:17.169 12635 12635 I TRACKERAUDIT: 66handleNewLocation: triggered
11-03 20:12:17.170 12635 12635 I TRACKERAUDIT: 66handleNewLocation: parkNotificationTimer canceled
11-03 20:12:17.171 12635 12635 I TRACKERAUDIT: 66handleNewLocation: calling storeAndTryTransmitLocationPackage || data: {"accuracy":7.504,"altitude":889.0,"bearing":272.3,"latitude":-19.92997238,"longitude":-43.94768344,"parked":false,"provider":"gps","speed":4.36,"time":1604445138000}
11-03 20:12:17.187 12635 12635 I TRACKERAUDIT: tryTransmitLocationPackage: calling doTheTransmitionOfLocationPackageThroughCloud
11-03 20:12:17.837 12635 12635 I TRACKERAUDIT: doTheTransmitionOfLocationPackageThroughCloud: transmited package successfuly
11-03 20:12:17.837 12635 12635 I TRACKERAUDIT: tryTransmitLocationPackage: doTheTransmitionOfLocationPackageThroughCloud success
11-03 20:12:17.860 12635 12635 I TRACKERAUDIT: 66handleNewLocation: parkNotificationTimer scheduled
11-03 20:12:19.156 12635 12635 I TRACKERAUDIT: Device location changed. || data: {"accuracy":10.72,"altitude":890.0,"bearing":276.9,"latitude":-19.92993421,"longitude":-43.94785355,"parked":false,"provider":"gps","speed":5.46,"time":1604445140000}
11-03 20:12:19.157 12635 12635 I TRACKERAUDIT: 67handleNewLocation: triggered
11-03 20:12:19.158 12635 12635 I TRACKERAUDIT: 67handleNewLocation: parkNotificationTimer canceled
11-03 20:12:19.160 12635 12635 I TRACKERAUDIT: 67handleNewLocation: calling storeAndTryTransmitLocationPackage || data: {"accuracy":10.72,"altitude":890.0,"bearing":276.9,"latitude":-19.92993421,"longitude":-43.94785355,"parked":false,"provider":"gps","speed":5.46,"time":1604445140000}
11-03 20:12:19.184 12635 12635 I TRACKERAUDIT: tryTransmitLocationPackage: calling doTheTransmitionOfLocationPackageThroughCloud
11-03 20:12:19.884 12635 12635 I TRACKERAUDIT: doTheTransmitionOfLocationPackageThroughCloud: transmited package successfuly
11-03 20:12:19.884 12635 12635 I TRACKERAUDIT: tryTransmitLocationPackage: doTheTransmitionOfLocationPackageThroughCloud success
11-03 20:12:19.910 12635 12635 I TRACKERAUDIT: 67handleNewLocation: parkNotificationTimer scheduled
11-03 20:12:21.159 12635 12635 I TRACKERAUDIT: Device location changed. || data: {"accuracy":10.72,"altitude":886.0,"bearing":274.2,"latitude":-19.92990009,"longitude":-43.94802809,"parked":false,"provider":"gps","speed":6.93,"time":1604445142000}
11-03 20:12:21.159 12635 12635 I TRACKERAUDIT: 68handleNewLocation: triggered
11-03 20:12:21.161 12635 12635 I TRACKERAUDIT: 68handleNewLocation: parkNotificationTimer canceled
11-03 20:12:21.163 12635 12635 I TRACKERAUDIT: 68handleNewLocation: calling storeAndTryTransmitLocationPackage || data: {"accuracy":10.72,"altitude":886.0,"bearing":274.2,"latitude":-19.92990009,"longitude":-43.94802809,"parked":false,"provider":"gps","speed":6.93,"time":1604445142000}
11-03 20:12:21.184 12635 12635 I TRACKERAUDIT: tryTransmitLocationPackage: calling doTheTransmitionOfLocationPackageThroughCloud
11-03 20:12:21.957 12635 12635 I TRACKERAUDIT: doTheTransmitionOfLocationPackageThroughCloud: transmited package successfuly
11-03 20:12:21.957 12635 12635 I TRACKERAUDIT: tryTransmitLocationPackage: doTheTransmitionOfLocationPackageThroughCloud success
11-03 20:12:21.985 12635 12635 I TRACKERAUDIT: 68handleNewLocation: parkNotificationTimer scheduled
11-03 20:12:22.169 12635 12635 I TRACKERAUDIT: transmitOldStoredLocations: reading stored locations to transmit
11-03 20:12:23.168 12635 12635 I TRACKERAUDIT: Device location changed. || data: {"accuracy":13.936001,"altitude":886.0,"bearing":284.2,"latitude":-19.92983539,"longitude":-43.94821683,"parked":false,"provider":"gps","speed":9.25,"time":1604445144000}
11-03 20:12:23.168 12635 12635 I TRACKERAUDIT: 69handleNewLocation: triggered
11-03 20:12:23.169 12635 12635 I TRACKERAUDIT: 69handleNewLocation: parkNotificationTimer canceled
11-03 20:12:23.171 12635 12635 I TRACKERAUDIT: 69handleNewLocation: calling storeAndTryTransmitLocationPackage || data: {"accuracy":13.936001,"altitude":886.0,"bearing":284.2,"latitude":-19.92983539,"longitude":-43.94821683,"parked":false,"provider":"gps","speed":9.25,"time":1604445144000}
11-03 20:12:23.194 12635 12635 I TRACKERAUDIT: tryTransmitLocationPackage: calling doTheTransmitionOfLocationPackageThroughCloud
11-03 20:12:24.133 12635 12635 I TRACKERAUDIT: doTheTransmitionOfLocationPackageThroughCloud: transmited package successfuly
11-03 20:12:24.133 12635 12635 I TRACKERAUDIT: tryTransmitLocationPackage: doTheTransmitionOfLocationPackageThroughCloud success
11-03 20:12:24.163 12635 12635 I TRACKERAUDIT: 69handleNewLocation: parkNotificationTimer scheduled
11-03 20:12:25.163 12635 12635 I TRACKERAUDIT: Device location changed. || data: {"accuracy":8.576,"altitude":891.0,"bearing":290.2,"latitude":-19.92976753,"longitude":-43.94840621,"parked":false,"provider":"gps","speed":9.7,"time":1604445146000}
11-03 20:12:25.164 12635 12635 I TRACKERAUDIT: 70handleNewLocation: triggered
11-03 20:12:25.165 12635 12635 I TRACKERAUDIT: 70handleNewLocation: parkNotificationTimer canceled
11-03 20:12:25.167 12635 12635 I TRACKERAUDIT: 70handleNewLocation: calling storeAndTryTransmitLocationPackage || data: {"accuracy":8.576,"altitude":891.0,"bearing":290.2,"latitude":-19.92976753,"longitude":-43.94840621,"parked":false,"provider":"gps","speed":9.7,"time":1604445146000}
11-03 20:12:25.189 12635 12635 I TRACKERAUDIT: tryTransmitLocationPackage: calling doTheTransmitionOfLocationPackageThroughCloud
11-03 20:12:25.853 12635 12635 I TRACKERAUDIT: doTheTransmitionOfLocationPackageThroughCloud: transmited package successfuly
11-03 20:12:25.853 12635 12635 I TRACKERAUDIT: tryTransmitLocationPackage: doTheTransmitionOfLocationPackageThroughCloud success
11-03 20:12:25.883 12635 12635 I TRACKERAUDIT: 70handleNewLocation: parkNotificationTimer scheduled
11-03 20:12:27.163 12635 12635 I TRACKERAUDIT: Device location changed. || data: {"accuracy":8.576,"altitude":890.0,"bearing":289.4,"latitude":-19.92972045,"longitude":-43.9485578,"parked":false,"provider":"gps","speed":8.55,"time":1604445148000}
11-03 20:12:27.163 12635 12635 I TRACKERAUDIT: 71handleNewLocation: triggered
11-03 20:12:27.165 12635 12635 I TRACKERAUDIT: 71handleNewLocation: parkNotificationTimer canceled
11-03 20:12:27.167 12635 12635 I TRACKERAUDIT: 71handleNewLocation: calling storeAndTryTransmitLocationPackage || data: {"accuracy":8.576,"altitude":890.0,"bearing":289.4,"latitude":-19.92972045,"longitude":-43.9485578,"parked":false,"provider":"gps","speed":8.55,"time":1604445148000}
11-03 20:12:27.190 12635 12635 I TRACKERAUDIT: tryTransmitLocationPackage: calling doTheTransmitionOfLocationPackageThroughCloud
11-03 20:12:28.000 12635 12635 I TRACKERAUDIT: doTheTransmitionOfLocationPackageThroughCloud: transmited package successfuly
11-03 20:12:28.000 12635 12635 I TRACKERAUDIT: tryTransmitLocationPackage: doTheTransmitionOfLocationPackageThroughCloud success
11-03 20:12:28.027 12635 12635 I TRACKERAUDIT: 71handleNewLocation: parkNotificationTimer scheduled
11-03 20:12:28.052 12635 12635 I TRACKERAUDIT: transmitOldStoredLocations: reading stored locations to transmit
11-03 20:12:29.163 12635 12635 I TRACKERAUDIT: Device location changed. || data: {"accuracy":5.36,"altitude":896.0,"bearing":275.7,"latitude":-19.92974977,"longitude":-43.94867863,"parked":false,"provider":"gps","speed":6.61,"time":1604445150000}
11-03 20:12:29.163 12635 12635 I TRACKERAUDIT: 72handleNewLocation: triggered
11-03 20:12:29.164 12635 12635 I TRACKERAUDIT: 72handleNewLocation: parkNotificationTimer canceled
11-03 20:12:29.166 12635 12635 I TRACKERAUDIT: 72handleNewLocation: calling storeAndTryTransmitLocationPackage || data: {"accuracy":5.36,"altitude":896.0,"bearing":275.7,"latitude":-19.92974977,"longitude":-43.94867863,"parked":false,"provider":"gps","speed":6.61,"time":1604445150000}
11-03 20:12:29.188 12635 12635 I TRACKERAUDIT: tryTransmitLocationPackage: calling doTheTransmitionOfLocationPackageThroughCloud
11-03 20:12:29.839 12635 12635 I TRACKERAUDIT: doTheTransmitionOfLocationPackageThroughCloud: transmited package successfuly
11-03 20:12:29.840 12635 12635 I TRACKERAUDIT: tryTransmitLocationPackage: doTheTransmitionOfLocationPackageThroughCloud success
11-03 20:12:29.866 12635 12635 I TRACKERAUDIT: 72handleNewLocation: parkNotificationTimer scheduled
11-03 20:12:31.159 12635 12635 I TRACKERAUDIT: Device location changed. || data: {"accuracy":6.432,"altitude":895.0,"bearing":255.5,"latitude":-19.92973505,"longitude":-43.94878296,"parked":false,"provider":"gps","speed":5.16,"time":1604445152000}
11-03 20:12:31.159 12635 12635 I TRACKERAUDIT: 73handleNewLocation: triggered
11-03 20:12:31.160 12635 12635 I TRACKERAUDIT: 73handleNewLocation: parkNotificationTimer canceled
11-03 20:12:31.162 12635 12635 I TRACKERAUDIT: 73handleNewLocation: calling storeAndTryTransmitLocationPackage || data: {"accuracy":6.432,"altitude":895.0,"bearing":255.5,"latitude":-19.92973505,"longitude":-43.94878296,"parked":false,"provider":"gps","speed":5.16,"time":1604445152000}
11-03 20:12:31.184 12635 12635 I TRACKERAUDIT: tryTransmitLocationPackage: calling doTheTransmitionOfLocationPackageThroughCloud
11-03 20:12:31.790 12635 12635 I TRACKERAUDIT: doTheTransmitionOfLocationPackageThroughCloud: transmited package successfuly
11-03 20:12:31.790 12635 12635 I TRACKERAUDIT: tryTransmitLocationPackage: doTheTransmitionOfLocationPackageThroughCloud success
11-03 20:12:31.809 12635 12635 I TRACKERAUDIT: 73handleNewLocation: parkNotificationTimer scheduled
11-03 20:12:33.079 12635 12635 I TRACKERAUDIT: transmitOldStoredLocations: reading stored locations to transmit
11-03 20:12:33.152 12635 12635 I TRACKERAUDIT: Device location changed. || data: {"accuracy":8.576,"altitude":894.0,"bearing":285.5,"latitude":-19.92972208,"longitude":-43.94887286,"parked":false,"provider":"gps","speed":6.03,"time":1604445154000}
11-03 20:12:33.152 12635 12635 I TRACKERAUDIT: 74handleNewLocation: triggered
11-03 20:12:33.153 12635 12635 I TRACKERAUDIT: 74handleNewLocation: parkNotificationTimer canceled
11-03 20:12:33.155 12635 12635 I TRACKERAUDIT: 74handleNewLocation: calling storeAndTryTransmitLocationPackage || data: {"accuracy":8.576,"altitude":894.0,"bearing":285.5,"latitude":-19.92972208,"longitude":-43.94887286,"parked":false,"provider":"gps","speed":6.03,"time":1604445154000}
11-03 20:12:33.171 12635 12635 I TRACKERAUDIT: tryTransmitLocationPackage: calling doTheTransmitionOfLocationPackageThroughCloud
11-03 20:12:33.760 12635 12635 I TRACKERAUDIT: doTheTransmitionOfLocationPackageThroughCloud: transmited package successfuly
11-03 20:12:33.760 12635 12635 I TRACKERAUDIT: tryTransmitLocationPackage: doTheTransmitionOfLocationPackageThroughCloud success
11-03 20:12:33.788 12635 12635 I TRACKERAUDIT: 74handleNewLocation: parkNotificationTimer scheduled
11-03 20:12:35.154 12635 12635 I TRACKERAUDIT: Device location changed. || data: {"accuracy":17.152,"altitude":894.0,"bearing":283.1,"latitude":-19.92971175,"longitude":-43.9489527,"parked":false,"provider":"gps","speed":4.61,"time":1604445156000}
11-03 20:12:35.154 12635 12635 I TRACKERAUDIT: 75handleNewLocation: triggered
11-03 20:12:35.156 12635 12635 I TRACKERAUDIT: 75handleNewLocation: parkNotificationTimer canceled
11-03 20:12:35.157 12635 12635 I TRACKERAUDIT: 75handleNewLocation: calling storeAndTryTransmitLocationPackage || data: {"accuracy":17.152,"altitude":894.0,"bearing":283.1,"latitude":-19.92971175,"longitude":-43.9489527,"parked":false,"provider":"gps","speed":4.61,"time":1604445156000}
11-03 20:12:35.178 12635 12635 I TRACKERAUDIT: tryTransmitLocationPackage: calling doTheTransmitionOfLocationPackageThroughCloud
11-03 20:12:35.870 12635 12635 I TRACKERAUDIT: doTheTransmitionOfLocationPackageThroughCloud: transmited package successfuly
11-03 20:12:35.871 12635 12635 I TRACKERAUDIT: tryTransmitLocationPackage: doTheTransmitionOfLocationPackageThroughCloud success
11-03 20:12:35.898 12635 12635 I TRACKERAUDIT: 75handleNewLocation: parkNotificationTimer scheduled
11-03 20:12:37.156 12635 12635 I TRACKERAUDIT: Device location changed. || data: {"accuracy":27.872002,"altitude":895.0,"bearing":286.2,"latitude":-19.9296766,"longitude":-43.94907597,"parked":false,"provider":"gps","speed":5.98,"time":1604445158000}
11-03 20:12:37.156 12635 12635 I TRACKERAUDIT: 76handleNewLocation: triggered
11-03 20:12:37.159 12635 12635 I TRACKERAUDIT: 76handleNewLocation: parkNotificationTimer canceled
11-03 20:12:37.160 12635 12635 I TRACKERAUDIT: 76handleNewLocation: calling storeAndTryTransmitLocationPackage || data: {"accuracy":27.872002,"altitude":895.0,"bearing":286.2,"latitude":-19.9296766,"longitude":-43.94907597,"parked":false,"provider":"gps","speed":5.98,"time":1604445158000}
11-03 20:12:37.182 12635 12635 I TRACKERAUDIT: tryTransmitLocationPackage: calling doTheTransmitionOfLocationPackageThroughCloud
11-03 20:12:37.798 12635 12635 I TRACKERAUDIT: doTheTransmitionOfLocationPackageThroughCloud: transmited package successfuly
11-03 20:12:37.798 12635 12635 I TRACKERAUDIT: tryTransmitLocationPackage: doTheTransmitionOfLocationPackageThroughCloud success
11-03 20:12:37.823 12635 12635 I TRACKERAUDIT: 76handleNewLocation: parkNotificationTimer scheduled
11-03 20:12:38.103 12635 12635 I TRACKERAUDIT: transmitOldStoredLocations: reading stored locations to transmit
11-03 20:12:39.156 12635 12635 I TRACKERAUDIT: Device location changed. || data: {"accuracy":26.800001,"altitude":895.0,"bearing":273.8,"latitude":-19.9297062,"longitude":-43.94913033,"parked":false,"provider":"gps","speed":4.34,"time":1604445160000}
11-03 20:12:39.156 12635 12635 I TRACKERAUDIT: 77handleNewLocation: triggered
11-03 20:12:39.158 12635 12635 I TRACKERAUDIT: 77handleNewLocation: parkNotificationTimer canceled
11-03 20:12:39.159 12635 12635 I TRACKERAUDIT: 77handleNewLocation: calling storeAndTryTransmitLocationPackage || data: {"accuracy":26.800001,"altitude":895.0,"bearing":273.8,"latitude":-19.9297062,"longitude":-43.94913033,"parked":false,"provider":"gps","speed":4.34,"time":1604445160000}
11-03 20:12:39.182 12635 12635 I TRACKERAUDIT: tryTransmitLocationPackage: calling doTheTransmitionOfLocationPackageThroughCloud
11-03 20:12:39.804 12635 12635 I TRACKERAUDIT: doTheTransmitionOfLocationPackageThroughCloud: transmited package successfuly
11-03 20:12:39.804 12635 12635 I TRACKERAUDIT: tryTransmitLocationPackage: doTheTransmitionOfLocationPackageThroughCloud success
11-03 20:12:39.831 12635 12635 I TRACKERAUDIT: 77handleNewLocation: parkNotificationTimer scheduled
11-03 20:12:41.157 12635 12635 I TRACKERAUDIT: Device location changed. || data: {"accuracy":19.296001,"altitude":887.0,"bearing":282.1,"latitude":-19.9295357,"longitude":-43.94948317,"parked":false,"provider":"gps","speed":6.67,"time":1604445162000}
11-03 20:12:41.157 12635 12635 I TRACKERAUDIT: 78handleNewLocation: triggered
11-03 20:12:41.159 12635 12635 I TRACKERAUDIT: 78handleNewLocation: parkNotificationTimer canceled
11-03 20:12:41.160 12635 12635 I TRACKERAUDIT: 78handleNewLocation: calling storeAndTryTransmitLocationPackage || data: {"accuracy":19.296001,"altitude":887.0,"bearing":282.1,"latitude":-19.9295357,"longitude":-43.94948317,"parked":false,"provider":"gps","speed":6.67,"time":1604445162000}
11-03 20:12:41.180 12635 12635 I TRACKERAUDIT: tryTransmitLocationPackage: calling doTheTransmitionOfLocationPackageThroughCloud
11-03 20:12:41.806 12635 12635 I TRACKERAUDIT: doTheTransmitionOfLocationPackageThroughCloud: transmited package successfuly
11-03 20:12:41.807 12635 12635 I TRACKERAUDIT: tryTransmitLocationPackage: doTheTransmitionOfLocationPackageThroughCloud success
11-03 20:12:41.828 12635 12635 I TRACKERAUDIT: 78handleNewLocation: parkNotificationTimer scheduled
11-03 20:12:41.854 12635 12635 I TRACKERAUDIT: Device location changed. || data: {"accuracy":55.576,"altitude":892.3999633789062,"latitude":-19.9301313,"longitude":-43.9474736,"parked":false,"provider":"network","time":1604445161336}
11-03 20:12:41.854 12635 12635 I TRACKERAUDIT: 79handleNewLocation: triggered
11-03 20:12:41.856 12635 12635 I TRACKERAUDIT: 79handleNewLocation: parkNotificationTimer canceled
11-03 20:12:41.857 12635 12635 I TRACKERAUDIT: 79handleNewLocation: calling storeAndTryTransmitLocationPackage || data: {"accuracy":55.576,"altitude":892.3999633789062,"latitude":-19.9301313,"longitude":-43.9474736,"parked":false,"provider":"network","time":1604445161336}
11-03 20:12:41.874 12635 12635 I TRACKERAUDIT: tryTransmitLocationPackage: calling doTheTransmitionOfLocationPackageThroughCloud
11-03 20:12:42.486 12635 12635 I TRACKERAUDIT: doTheTransmitionOfLocationPackageThroughCloud: transmited package successfuly
11-03 20:12:42.486 12635 12635 I TRACKERAUDIT: tryTransmitLocationPackage: doTheTransmitionOfLocationPackageThroughCloud success
11-03 20:12:42.515 12635 12635 I TRACKERAUDIT: 79handleNewLocation: parkNotificationTimer scheduled
11-03 20:12:43.126 12635 12635 I TRACKERAUDIT: transmitOldStoredLocations: reading stored locations to transmit
11-03 20:12:43.171 12635 12635 I TRACKERAUDIT: Device location changed. || data: {"accuracy":18.224,"altitude":886.0,"bearing":279.4,"latitude":-19.92950338,"longitude":-43.9496696,"parked":false,"provider":"gps","speed":8.15,"time":1604445164000}
11-03 20:12:43.171 12635 12635 I TRACKERAUDIT: 80handleNewLocation: triggered
11-03 20:12:43.172 12635 12635 I TRACKERAUDIT: 80handleNewLocation: parkNotificationTimer canceled
11-03 20:12:43.174 12635 12635 I TRACKERAUDIT: 80handleNewLocation: calling storeAndTryTransmitLocationPackage || data: {"accuracy":18.224,"altitude":886.0,"bearing":279.4,"latitude":-19.92950338,"longitude":-43.9496696,"parked":false,"provider":"gps","speed":8.15,"time":1604445164000}
11-03 20:12:43.192 12635 12635 I TRACKERAUDIT: tryTransmitLocationPackage: calling doTheTransmitionOfLocationPackageThroughCloud
11-03 20:12:43.790 12635 12635 I TRACKERAUDIT: doTheTransmitionOfLocationPackageThroughCloud: transmited package successfuly
11-03 20:12:43.791 12635 12635 I TRACKERAUDIT: tryTransmitLocationPackage: doTheTransmitionOfLocationPackageThroughCloud success
11-03 20:12:43.814 12635 12635 I TRACKERAUDIT: 80handleNewLocation: parkNotificationTimer scheduled
11-03 20:12:45.163 12635 12635 I TRACKERAUDIT: Device location changed. || data: {"accuracy":16.08,"altitude":883.0,"bearing":275.8,"latitude":-19.92946806,"longitude":-43.94985669,"parked":false,"provider":"gps","speed":7.92,"time":1604445166000}
11-03 20:12:45.163 12635 12635 I TRACKERAUDIT: 81handleNewLocation: triggered
11-03 20:12:45.164 12635 12635 I TRACKERAUDIT: 81handleNewLocation: parkNotificationTimer canceled
11-03 20:12:45.167 12635 12635 I TRACKERAUDIT: 81handleNewLocation: calling storeAndTryTransmitLocationPackage || data: {"accuracy":16.08,"altitude":883.0,"bearing":275.8,"latitude":-19.92946806,"longitude":-43.94985669,"parked":false,"provider":"gps","speed":7.92,"time":1604445166000}
11-03 20:12:45.188 12635 12635 I TRACKERAUDIT: tryTransmitLocationPackage: calling doTheTransmitionOfLocationPackageThroughCloud
11-03 20:12:45.821 12635 12635 I TRACKERAUDIT: doTheTransmitionOfLocationPackageThroughCloud: transmited package successfuly
11-03 20:12:45.821 12635 12635 I TRACKERAUDIT: tryTransmitLocationPackage: doTheTransmitionOfLocationPackageThroughCloud success
11-03 20:12:45.850 12635 12635 I TRACKERAUDIT: 81handleNewLocation: parkNotificationTimer scheduled
11-03 20:12:47.159 12635 12635 I TRACKERAUDIT: Device location changed. || data: {"accuracy":9.648001,"altitude":878.0,"bearing":319.0,"latitude":-19.92942852,"longitude":-43.94980818,"parked":false,"provider":"gps","speed":4.24,"time":1604445168000}
11-03 20:12:47.160 12635 12635 I TRACKERAUDIT: 82handleNewLocation: triggered
11-03 20:12:47.161 12635 12635 I TRACKERAUDIT: 82handleNewLocation: parkNotificationTimer canceled
11-03 20:12:47.163 12635 12635 I TRACKERAUDIT: 82handleNewLocation: calling storeAndTryTransmitLocationPackage || data: {"accuracy":9.648001,"altitude":878.0,"bearing":319.0,"latitude":-19.92942852,"longitude":-43.94980818,"parked":false,"provider":"gps","speed":4.24,"time":1604445168000}
11-03 20:12:47.189 12635 12635 I TRACKERAUDIT: tryTransmitLocationPackage: calling doTheTransmitionOfLocationPackageThroughCloud
11-03 20:12:47.812 12635 12635 I TRACKERAUDIT: doTheTransmitionOfLocationPackageThroughCloud: transmited package successfuly
11-03 20:12:47.812 12635 12635 I TRACKERAUDIT: tryTransmitLocationPackage: doTheTransmitionOfLocationPackageThroughCloud success
11-03 20:12:47.839 12635 12635 I TRACKERAUDIT: 82handleNewLocation: parkNotificationTimer scheduled
11-03 20:12:48.150 12635 12635 I TRACKERAUDIT: transmitOldStoredLocations: reading stored locations to transmit
11-03 20:12:49.164 12635 12635 I TRACKERAUDIT: Device location changed. || data: {"accuracy":9.648001,"altitude":876.0,"bearing":331.7,"latitude":-19.92935985,"longitude":-43.94983569,"parked":false,"provider":"gps","speed":4.69,"time":1604445170000}
11-03 20:12:49.165 12635 12635 I TRACKERAUDIT: 83handleNewLocation: triggered
11-03 20:12:49.166 12635 12635 I TRACKERAUDIT: 83handleNewLocation: parkNotificationTimer canceled
11-03 20:12:49.167 12635 12635 I TRACKERAUDIT: 83handleNewLocation: calling storeAndTryTransmitLocationPackage || data: {"accuracy":9.648001,"altitude":876.0,"bearing":331.7,"latitude":-19.92935985,"longitude":-43.94983569,"parked":false,"provider":"gps","speed":4.69,"time":1604445170000}
11-03 20:12:49.191 12635 12635 I TRACKERAUDIT: tryTransmitLocationPackage: calling doTheTransmitionOfLocationPackageThroughCloud
