11-03 20:05:05.168 12635 12635 I TRACKERAUDIT: 26handleNewLocation: calling storeAndTryTransmitLocationPackage || data: {"accuracy":8.576,"altitude":923.0,"latitude":-19.92997512,"longitude":-43.94713955,"parked":false,"provider":"gps","speed":0.0,"time":1604444706000}
11-03 20:05:05.194 12635 12635 I TRACKERAUDIT: tryTransmitLocationPackage: calling doTheTransmitionOfLocationPackageThroughCloud
11-03 20:05:07.520 12635 12635 I TRACKERAUDIT: doTheTransmitionOfLocationPackageThroughCloud: transmited package successfuly
11-03 20:05:07.520 12635 12635 I TRACKERAUDIT: tryTransmitLocationPackage: doTheTransmitionOfLocationPackageThroughCloud success
11-03 20:05:07.558 12635 12635 I TRACKERAUDIT: 26handleNewLocation: parkNotificationTimer scheduled
11-03 20:05:08.176 12635 12635 I TRACKERAUDIT: Device location changed. || data: {"accuracy":24.472,"altitude":892.5,"latitude":-19.9298586,"longitude":-43.9471486,"parked":false,"provider":"network","time":1604444691339}
11-03 20:05:08.177 12635 12635 I TRACKERAUDIT: 27handleNewLocation: triggered
11-03 20:05:08.178 12635 12635 I TRACKERAUDIT: 27handleNewLocation: parkNotificationTimer canceled
11-03 20:05:08.181 12635 12635 I TRACKERAUDIT: 27handleNewLocation: calling storeAndTryTransmitLocationPackage || data: {"accuracy":24.472,"altitude":892.5,"latitude":-19.9298586,"longitude":-43.9471486,"parked":false,"provider":"network","time":1604444691339}
11-03 20:05:08.227 12635 12635 I TRACKERAUDIT: tryTransmitLocationPackage: calling doTheTransmitionOfLocationPackageThroughCloud
11-03 20:05:08.919 12635 12635 I TRACKERAUDIT: doTheTransmitionOfLocationPackageThroughCloud: transmited package successfuly
11-03 20:05:08.920 12635 12635 I TRACKERAUDIT: tryTransmitLocationPackage: doTheTransmitionOfLocationPackageThroughCloud success
11-03 20:05:08.952 12635 12635 I TRACKERAUDIT: 27handleNewLocation: parkNotificationTimer scheduled
11-03 20:05:09.962 12635 12635 I TRACKERAUDIT: transmitOldStoredLocations: reading stored locations to transmit
11-03 20:05:13.756 12635 12918 I TRACKERAUDIT: 27handleNewLocation: parkNotificationTimer triggered || data: {"accuracy":24.472,"altitude":892.5,"latitude":-19.9298586,"longitude":-43.9471486,"originTime":1604444691339,"parked":true,"provider":"network","speed":0.0,"time":1604444713755}
11-03 20:05:13.794 12635 12918 I TRACKERAUDIT: tryTransmitLocationPackage: calling doTheTransmitionOfLocationPackageThroughCloud
11-03 20:05:14.495 12635 12918 I TRACKERAUDIT: doTheTransmitionOfLocationPackageThroughCloud: transmited package successfuly
11-03 20:05:14.495 12635 12918 I TRACKERAUDIT: tryTransmitLocationPackage: doTheTransmitionOfLocationPackageThroughCloud success
11-03 20:05:14.993 12635 12635 I TRACKERAUDIT: transmitOldStoredLocations: reading stored locations to transmit
11-03 20:05:15.161 12635 12635 I TRACKERAUDIT: Device location changed. || data: {"accuracy":11.792,"altitude":925.0,"latitude":-19.93000176,"longitude":-43.94718675,"parked":false,"provider":"gps","speed":0.0,"time":1604444716000}
11-03 20:05:15.161 12635 12635 I TRACKERAUDIT: 28handleNewLocation: triggered
11-03 20:05:15.163 12635 12635 I TRACKERAUDIT: 28handleNewLocation: parkNotificationTimer canceled
11-03 20:05:15.165 12635 12635 I TRACKERAUDIT: 28handleNewLocation: calling storeAndTryTransmitLocationPackage || data: {"accuracy":11.792,"altitude":925.0,"latitude":-19.93000176,"longitude":-43.94718675,"parked":false,"provider":"gps","speed":0.0,"time":1604444716000}
11-03 20:05:15.191 12635 12635 I TRACKERAUDIT: tryTransmitLocationPackage: calling doTheTransmitionOfLocationPackageThroughCloud
11-03 20:05:15.879 12635 12635 I TRACKERAUDIT: doTheTransmitionOfLocationPackageThroughCloud: transmited package successfuly
11-03 20:05:15.879 12635 12635 I TRACKERAUDIT: tryTransmitLocationPackage: doTheTransmitionOfLocationPackageThroughCloud success
11-03 20:05:15.910 12635 12635 I TRACKERAUDIT: 28handleNewLocation: parkNotificationTimer scheduled
11-03 20:05:20.024 12635 12635 I TRACKERAUDIT: transmitOldStoredLocations: reading stored locations to transmit
11-03 20:05:20.715 12635 12921 I TRACKERAUDIT: 28handleNewLocation: parkNotificationTimer triggered || data: {"accuracy":11.792,"altitude":925.0,"latitude":-19.93000176,"longitude":-43.94718675,"originSpeed":0.0,"originTime":1604444716000,"parked":true,"provider":"gps","speed":0.0,"time":1604444720712}
11-03 20:05:20.746 12635 12921 I TRACKERAUDIT: tryTransmitLocationPackage: calling doTheTransmitionOfLocationPackageThroughCloud
11-03 20:05:21.477 12635 12921 I TRACKERAUDIT: doTheTransmitionOfLocationPackageThroughCloud: transmited package successfuly
11-03 20:05:21.477 12635 12921 I TRACKERAUDIT: tryTransmitLocationPackage: doTheTransmitionOfLocationPackageThroughCloud success
11-03 20:05:25.059 12635 12635 I TRACKERAUDIT: transmitOldStoredLocations: reading stored locations to transmit
11-03 20:05:29.494 12635 12635 I TRACKERAUDIT: Device location changed. || data: {"accuracy":12.607,"altitude":892.3999633789062,"latitude":-19.9299076,"longitude":-43.947286,"parked":false,"provider":"network","time":1604444729375}
11-03 20:05:29.494 12635 12635 I TRACKERAUDIT: 29handleNewLocation: triggered
11-03 20:05:29.496 12635 12635 I TRACKERAUDIT: 29handleNewLocation: parkNotificationTimer canceled
11-03 20:05:29.499 12635 12635 I TRACKERAUDIT: 29handleNewLocation: calling storeAndTryTransmitLocationPackage || data: {"accuracy":12.607,"altitude":892.3999633789062,"latitude":-19.9299076,"longitude":-43.947286,"parked":false,"provider":"network","time":1604444729375}
11-03 20:05:29.520 12635 12635 I TRACKERAUDIT: tryTransmitLocationPackage: calling doTheTransmitionOfLocationPackageThroughCloud
11-03 20:05:30.239 12635 12635 I TRACKERAUDIT: doTheTransmitionOfLocationPackageThroughCloud: transmited package successfuly
11-03 20:05:30.239 12635 12635 I TRACKERAUDIT: tryTransmitLocationPackage: doTheTransmitionOfLocationPackageThroughCloud success
11-03 20:05:30.271 12635 12635 I TRACKERAUDIT: 29handleNewLocation: parkNotificationTimer scheduled
11-03 20:05:30.308 12635 12635 I TRACKERAUDIT: transmitOldStoredLocations: reading stored locations to transmit
11-03 20:05:35.074 12635 12925 I TRACKERAUDIT: 29handleNewLocation: parkNotificationTimer triggered || data: {"accuracy":12.607,"altitude":892.3999633789062,"latitude":-19.9299076,"longitude":-43.947286,"originTime":1604444729375,"parked":true,"provider":"network","speed":0.0,"time":1604444735073}
11-03 20:05:35.111 12635 12925 I TRACKERAUDIT: tryTransmitLocationPackage: calling doTheTransmitionOfLocationPackageThroughCloud
11-03 20:05:35.333 12635 12635 I TRACKERAUDIT: transmitOldStoredLocations: reading stored locations to transmit
11-03 20:05:35.345 12635 12635 I TRACKERAUDIT: transmitOldStoredLocations: calling tryTransmitLocationPackage (ID: 00000175905BC662-0000002C-8663C7DB) || data: {"accuracy":12.607,"altitude":892.3999633789062,"latitude":-19.9299076,"longitude":-43.947286,"parked":true,"provider":"stored:network","speed":0.0,"time":1604444735073}
11-03 20:05:35.345 12635 12635 I TRACKERAUDIT: tryTransmitLocationPackage: calling doTheTransmitionOfLocationPackageThroughCloud
11-03 20:05:35.797 12635 12925 I TRACKERAUDIT: doTheTransmitionOfLocationPackageThroughCloud: transmited package successfuly
11-03 20:05:35.797 12635 12925 I TRACKERAUDIT: tryTransmitLocationPackage: doTheTransmitionOfLocationPackageThroughCloud success
11-03 20:05:36.007 12635 12635 I TRACKERAUDIT: doTheTransmitionOfLocationPackageThroughCloud: transmited package successfuly
11-03 20:05:36.008 12635 12635 I TRACKERAUDIT: tryTransmitLocationPackage: doTheTransmitionOfLocationPackageThroughCloud success
11-03 20:05:41.039 12635 12635 I TRACKERAUDIT: transmitOldStoredLocations: reading stored locations to transmit
11-03 20:05:46.069 12635 12635 I TRACKERAUDIT: transmitOldStoredLocations: reading stored locations to transmit
11-03 20:05:51.084 12635 12635 I TRACKERAUDIT: transmitOldStoredLocations: reading stored locations to transmit
11-03 20:05:56.097 12635 12635 I TRACKERAUDIT: transmitOldStoredLocations: reading stored locations to transmit
11-03 20:06:01.116 12635 12635 I TRACKERAUDIT: transmitOldStoredLocations: reading stored locations to transmit
11-03 20:06:06.135 12635 12635 I TRACKERAUDIT: transmitOldStoredLocations: reading stored locations to transmit
11-03 20:06:07.158 12635 12635 I TRACKERAUDIT: Device location changed. || data: {"accuracy":9.648001,"altitude":923.0,"latitude":-19.9299563,"longitude":-43.94720847,"parked":false,"provider":"gps","speed":0.0,"time":1604444768000}
11-03 20:06:07.159 12635 12635 I TRACKERAUDIT: 30handleNewLocation: triggered
11-03 20:06:07.160 12635 12635 I TRACKERAUDIT: 30handleNewLocation: parkNotificationTimer canceled
11-03 20:06:07.163 12635 12635 I TRACKERAUDIT: 30handleNewLocation: calling storeAndTryTransmitLocationPackage || data: {"accuracy":9.648001,"altitude":923.0,"latitude":-19.9299563,"longitude":-43.94720847,"parked":false,"provider":"gps","speed":0.0,"time":1604444768000}
11-03 20:06:07.193 12635 12635 I TRACKERAUDIT: tryTransmitLocationPackage: calling doTheTransmitionOfLocationPackageThroughCloud
11-03 20:06:08.040 12635 12635 I TRACKERAUDIT: doTheTransmitionOfLocationPackageThroughCloud: transmited package successfuly
11-03 20:06:08.040 12635 12635 I TRACKERAUDIT: tryTransmitLocationPackage: doTheTransmitionOfLocationPackageThroughCloud success
11-03 20:06:08.090 12635 12635 I TRACKERAUDIT: 30handleNewLocation: parkNotificationTimer scheduled
11-03 20:06:09.476 12635 12635 I TRACKERAUDIT: Device location changed. || data: {"accuracy":16.11,"altitude":892.5,"latitude":-19.9299367,"longitude":-43.9472652,"parked":false,"provider":"network","time":1604444769355}
11-03 20:06:09.476 12635 12635 I TRACKERAUDIT: 31handleNewLocation: triggered
11-03 20:06:09.478 12635 12635 I TRACKERAUDIT: 31handleNewLocation: parkNotificationTimer canceled
11-03 20:06:09.481 12635 12635 I TRACKERAUDIT: 31handleNewLocation: calling storeAndTryTransmitLocationPackage || data: {"accuracy":16.11,"altitude":892.5,"latitude":-19.9299367,"longitude":-43.9472652,"parked":false,"provider":"network","time":1604444769355}
11-03 20:06:09.507 12635 12635 I TRACKERAUDIT: tryTransmitLocationPackage: calling doTheTransmitionOfLocationPackageThroughCloud
11-03 20:06:10.242 12635 12635 I TRACKERAUDIT: doTheTransmitionOfLocationPackageThroughCloud: transmited package successfuly
11-03 20:06:10.242 12635 12635 I TRACKERAUDIT: tryTransmitLocationPackage: doTheTransmitionOfLocationPackageThroughCloud success
11-03 20:06:10.273 12635 12635 I TRACKERAUDIT: 31handleNewLocation: parkNotificationTimer scheduled
11-03 20:06:11.148 12635 12635 I TRACKERAUDIT: transmitOldStoredLocations: reading stored locations to transmit
11-03 20:06:15.076 12635 12934 I TRACKERAUDIT: 31handleNewLocation: parkNotificationTimer triggered || data: {"accuracy":16.11,"altitude":892.5,"latitude":-19.9299367,"longitude":-43.9472652,"originTime":1604444769355,"parked":true,"provider":"network","speed":0.0,"time":1604444775074}
11-03 20:06:15.112 12635 12934 I TRACKERAUDIT: tryTransmitLocationPackage: calling doTheTransmitionOfLocationPackageThroughCloud
11-03 20:06:15.774 12635 12934 I TRACKERAUDIT: doTheTransmitionOfLocationPackageThroughCloud: transmited package successfuly
11-03 20:06:15.774 12635 12934 I TRACKERAUDIT: tryTransmitLocationPackage: doTheTransmitionOfLocationPackageThroughCloud success
11-03 20:06:16.180 12635 12635 I TRACKERAUDIT: transmitOldStoredLocations: reading stored locations to transmit
11-03 20:06:21.211 12635 12635 I TRACKERAUDIT: transmitOldStoredLocations: reading stored locations to transmit
11-03 20:06:26.227 12635 12635 I TRACKERAUDIT: transmitOldStoredLocations: reading stored locations to transmit
11-03 20:06:31.245 12635 12635 I TRACKERAUDIT: transmitOldStoredLocations: reading stored locations to transmit
11-03 20:06:36.263 12635 12635 I TRACKERAUDIT: transmitOldStoredLocations: reading stored locations to transmit
11-03 20:06:39.189 12635 12635 I TRACKERAUDIT: Device location changed. || data: {"accuracy":8.576,"altitude":915.0,"latitude":-19.93000116,"longitude":-43.94721472,"parked":false,"provider":"gps","speed":0.0,"time":1604444800000}
11-03 20:06:39.189 12635 12635 I TRACKERAUDIT: 32handleNewLocation: triggered
11-03 20:06:39.190 12635 12635 I TRACKERAUDIT: 32handleNewLocation: parkNotificationTimer canceled
11-03 20:06:39.193 12635 12635 I TRACKERAUDIT: 32handleNewLocation: calling storeAndTryTransmitLocationPackage || data: {"accuracy":8.576,"altitude":915.0,"latitude":-19.93000116,"longitude":-43.94721472,"parked":false,"provider":"gps","speed":0.0,"time":1604444800000}
11-03 20:06:39.223 12635 12635 I TRACKERAUDIT: tryTransmitLocationPackage: calling doTheTransmitionOfLocationPackageThroughCloud
11-03 20:06:40.046 12635 12635 I TRACKERAUDIT: doTheTransmitionOfLocationPackageThroughCloud: transmited package successfuly
11-03 20:06:40.046 12635 12635 I TRACKERAUDIT: tryTransmitLocationPackage: doTheTransmitionOfLocationPackageThroughCloud success
11-03 20:06:40.084 12635 12635 I TRACKERAUDIT: 32handleNewLocation: parkNotificationTimer scheduled
11-03 20:06:41.277 12635 12635 I TRACKERAUDIT: transmitOldStoredLocations: reading stored locations to transmit
11-03 20:06:44.886 12635 12940 I TRACKERAUDIT: 32handleNewLocation: parkNotificationTimer triggered || data: {"accuracy":8.576,"altitude":915.0,"latitude":-19.93000116,"longitude":-43.94721472,"originSpeed":0.0,"originTime":1604444800000,"parked":true,"provider":"gps","speed":0.0,"time":1604444804885}
11-03 20:06:44.915 12635 12940 I TRACKERAUDIT: tryTransmitLocationPackage: calling doTheTransmitionOfLocationPackageThroughCloud
11-03 20:06:45.567 12635 12940 I TRACKERAUDIT: doTheTransmitionOfLocationPackageThroughCloud: transmited package successfuly
11-03 20:06:45.567 12635 12940 I TRACKERAUDIT: tryTransmitLocationPackage: doTheTransmitionOfLocationPackageThroughCloud success
11-03 20:06:46.309 12635 12635 I TRACKERAUDIT: transmitOldStoredLocations: reading stored locations to transmit
11-03 20:06:48.210 12635 12635 I TRACKERAUDIT: Device location changed. || data: {"accuracy":12.079,"altitude":892.5999755859375,"latitude":-19.9298905,"longitude":-43.9472725,"parked":false,"provider":"network","time":1604444791265}
11-03 20:06:48.211 12635 12635 I TRACKERAUDIT: 33handleNewLocation: triggered
11-03 20:06:48.212 12635 12635 I TRACKERAUDIT: 33handleNewLocation: parkNotificationTimer canceled
11-03 20:06:48.214 12635 12635 I TRACKERAUDIT: 33handleNewLocation: calling storeAndTryTransmitLocationPackage || data: {"accuracy":12.079,"altitude":892.5999755859375,"latitude":-19.9298905,"longitude":-43.9472725,"parked":false,"provider":"network","time":1604444791265}
11-03 20:06:48.242 12635 12635 I TRACKERAUDIT: tryTransmitLocationPackage: calling doTheTransmitionOfLocationPackageThroughCloud
11-03 20:06:48.959 12635 12635 I TRACKERAUDIT: doTheTransmitionOfLocationPackageThroughCloud: transmited package successfuly
11-03 20:06:48.960 12635 12635 I TRACKERAUDIT: tryTransmitLocationPackage: doTheTransmitionOfLocationPackageThroughCloud success
11-03 20:06:48.992 12635 12635 I TRACKERAUDIT: 33handleNewLocation: parkNotificationTimer scheduled
11-03 20:06:51.339 12635 12635 I TRACKERAUDIT: transmitOldStoredLocations: reading stored locations to transmit
11-03 20:06:53.793 12635 12945 I TRACKERAUDIT: 33handleNewLocation: parkNotificationTimer triggered || data: {"accuracy":12.079,"altitude":892.5999755859375,"latitude":-19.9298905,"longitude":-43.9472725,"originTime":1604444791265,"parked":true,"provider":"network","speed":0.0,"time":1604444813791}
11-03 20:06:53.824 12635 12945 I TRACKERAUDIT: tryTransmitLocationPackage: calling doTheTransmitionOfLocationPackageThroughCloud
11-03 20:06:54.479 12635 12945 I TRACKERAUDIT: doTheTransmitionOfLocationPackageThroughCloud: transmited package successfuly
11-03 20:06:54.479 12635 12945 I TRACKERAUDIT: tryTransmitLocationPackage: doTheTransmitionOfLocationPackageThroughCloud success
11-03 20:06:56.371 12635 12635 I TRACKERAUDIT: transmitOldStoredLocations: reading stored locations to transmit
11-03 20:07:01.403 12635 12635 I TRACKERAUDIT: transmitOldStoredLocations: reading stored locations to transmit
11-03 20:07:06.420 12635 12635 I TRACKERAUDIT: transmitOldStoredLocations: reading stored locations to transmit
11-03 20:07:11.439 12635 12635 I TRACKERAUDIT: transmitOldStoredLocations: reading stored locations to transmit
11-03 20:07:16.456 12635 12635 I TRACKERAUDIT: transmitOldStoredLocations: reading stored locations to transmit
11-03 20:07:21.156 12635 12635 I TRACKERAUDIT: Device location changed. || data: {"accuracy":11.792,"altitude":904.0,"latitude":-19.92995302,"longitude":-43.94720583,"parked":false,"provider":"gps","speed":0.0,"time":1604444842000}
11-03 20:07:21.157 12635 12635 I TRACKERAUDIT: 34handleNewLocation: triggered
11-03 20:07:21.159 12635 12635 I TRACKERAUDIT: 34handleNewLocation: parkNotificationTimer canceled
11-03 20:07:21.161 12635 12635 I TRACKERAUDIT: 34handleNewLocation: calling storeAndTryTransmitLocationPackage || data: {"accuracy":11.792,"altitude":904.0,"latitude":-19.92995302,"longitude":-43.94720583,"parked":false,"provider":"gps","speed":0.0,"time":1604444842000}
11-03 20:07:21.209 12635 12635 I TRACKERAUDIT: tryTransmitLocationPackage: calling doTheTransmitionOfLocationPackageThroughCloud
11-03 20:07:22.004 12635 12635 I TRACKERAUDIT: doTheTransmitionOfLocationPackageThroughCloud: transmited package successfuly
11-03 20:07:22.004 12635 12635 I TRACKERAUDIT: tryTransmitLocationPackage: doTheTransmitionOfLocationPackageThroughCloud success
11-03 20:07:22.035 12635 12635 I TRACKERAUDIT: 34handleNewLocation: parkNotificationTimer scheduled
11-03 20:07:22.066 12635 12635 I TRACKERAUDIT: transmitOldStoredLocations: reading stored locations to transmit
11-03 20:07:26.840 12635 12952 I TRACKERAUDIT: 34handleNewLocation: parkNotificationTimer triggered || data: {"accuracy":11.792,"altitude":904.0,"latitude":-19.92995302,"longitude":-43.94720583,"originSpeed":0.0,"originTime":1604444842000,"parked":true,"provider":"gps","speed":0.0,"time":1604444846838}
11-03 20:07:26.927 12635 12952 I TRACKERAUDIT: tryTransmitLocationPackage: calling doTheTransmitionOfLocationPackageThroughCloud
11-03 20:07:27.091 12635 12635 I TRACKERAUDIT: transmitOldStoredLocations: reading stored locations to transmit
11-03 20:07:27.102 12635 12635 I TRACKERAUDIT: transmitOldStoredLocations: calling tryTransmitLocationPackage (ID: 00000175905D7AF8-00000035-020363B6) || data: {"accuracy":11.792,"altitude":904.0,"latitude":-19.92995302,"longitude":-43.94720583,"parked":true,"provider":"stored:gps","speed":0.0,"time":1604444846838}
11-03 20:07:27.103 12635 12635 I TRACKERAUDIT: tryTransmitLocationPackage: calling doTheTransmitionOfLocationPackageThroughCloud
11-03 20:07:27.559 12635 12952 I TRACKERAUDIT: doTheTransmitionOfLocationPackageThroughCloud: transmited package successfuly
11-03 20:07:27.559 12635 12952 I TRACKERAUDIT: tryTransmitLocationPackage: doTheTransmitionOfLocationPackageThroughCloud success
11-03 20:07:27.798 12635 12635 I TRACKERAUDIT: doTheTransmitionOfLocationPackageThroughCloud: transmited package successfuly
11-03 20:07:27.799 12635 12635 I TRACKERAUDIT: tryTransmitLocationPackage: doTheTransmitionOfLocationPackageThroughCloud success
11-03 20:07:32.830 12635 12635 I TRACKERAUDIT: transmitOldStoredLocations: reading stored locations to transmit
11-03 20:07:37.157 12635 12635 I TRACKERAUDIT: Device location changed. || data: {"accuracy":8.576,"altitude":909.0,"latitude":-19.92996688,"longitude":-43.94715651,"parked":false,"provider":"gps","speed":0.0,"time":1604444858000}
11-03 20:07:37.157 12635 12635 I TRACKERAUDIT: 35handleNewLocation: triggered
11-03 20:07:37.162 12635 12635 I TRACKERAUDIT: 35handleNewLocation: parkNotificationTimer canceled
11-03 20:07:37.165 12635 12635 I TRACKERAUDIT: 35handleNewLocation: calling storeAndTryTransmitLocationPackage || data: {"accuracy":8.576,"altitude":909.0,"latitude":-19.92996688,"longitude":-43.94715651,"parked":false,"provider":"gps","speed":0.0,"time":1604444858000}
11-03 20:07:37.239 12635 12635 I TRACKERAUDIT: tryTransmitLocationPackage: calling doTheTransmitionOfLocationPackageThroughCloud
11-03 20:07:37.893 12635 12635 I TRACKERAUDIT: doTheTransmitionOfLocationPackageThroughCloud: transmited package successfuly
11-03 20:07:37.893 12635 12635 I TRACKERAUDIT: tryTransmitLocationPackage: doTheTransmitionOfLocationPackageThroughCloud success
11-03 20:07:37.924 12635 12635 I TRACKERAUDIT: 35handleNewLocation: parkNotificationTimer scheduled
11-03 20:07:37.951 12635 12635 I TRACKERAUDIT: transmitOldStoredLocations: reading stored locations to transmit
11-03 20:07:42.726 12635 12959 I TRACKERAUDIT: 35handleNewLocation: parkNotificationTimer triggered || data: {"accuracy":8.576,"altitude":909.0,"latitude":-19.92996688,"longitude":-43.94715651,"originSpeed":0.0,"originTime":1604444858000,"parked":true,"provider":"gps","speed":0.0,"time":1604444862725}
11-03 20:07:42.822 12635 12959 I TRACKERAUDIT: tryTransmitLocationPackage: calling doTheTransmitionOfLocationPackageThroughCloud
11-03 20:07:42.977 12635 12635 I TRACKERAUDIT: transmitOldStoredLocations: reading stored locations to transmit
11-03 20:07:42.987 12635 12635 I TRACKERAUDIT: transmitOldStoredLocations: calling tryTransmitLocationPackage (ID: 00000175905DB906-00000037-89293C31) || data: {"accuracy":8.576,"altitude":909.0,"latitude":-19.92996688,"longitude":-43.94715651,"parked":true,"provider":"stored:gps","speed":0.0,"time":1604444862725}
11-03 20:07:42.988 12635 12635 I TRACKERAUDIT: tryTransmitLocationPackage: calling doTheTransmitionOfLocationPackageThroughCloud
11-03 20:07:43.440 12635 12959 I TRACKERAUDIT: doTheTransmitionOfLocationPackageThroughCloud: transmited package successfuly
11-03 20:07:43.440 12635 12959 I TRACKERAUDIT: tryTransmitLocationPackage: doTheTransmitionOfLocationPackageThroughCloud success
11-03 20:07:43.639 12635 12635 I TRACKERAUDIT: doTheTransmitionOfLocationPackageThroughCloud: transmited package successfuly
11-03 20:07:43.639 12635 12635 I TRACKERAUDIT: tryTransmitLocationPackage: doTheTransmitionOfLocationPackageThroughCloud success
11-03 20:07:48.669 12635 12635 I TRACKERAUDIT: transmitOldStoredLocations: reading stored locations to transmit
11-03 20:07:53.695 12635 12635 I TRACKERAUDIT: transmitOldStoredLocations: reading stored locations to transmit
11-03 20:07:57.165 12635 12635 I TRACKERAUDIT: Device location changed. || data: {"accuracy":8.576,"altitude":907.0,"latitude":-19.92997189,"longitude":-43.94710293,"parked":false,"provider":"gps","speed":0.0,"time":1604444878000}
11-03 20:07:57.165 12635 12635 I TRACKERAUDIT: 36handleNewLocation: triggered
11-03 20:07:57.167 12635 12635 I TRACKERAUDIT: 36handleNewLocation: parkNotificationTimer canceled
11-03 20:07:57.169 12635 12635 I TRACKERAUDIT: 36handleNewLocation: calling storeAndTryTransmitLocationPackage || data: {"accuracy":8.576,"altitude":907.0,"latitude":-19.92997189,"longitude":-43.94710293,"parked":false,"provider":"gps","speed":0.0,"time":1604444878000}
11-03 20:07:57.197 12635 12635 I TRACKERAUDIT: tryTransmitLocationPackage: calling doTheTransmitionOfLocationPackageThroughCloud
11-03 20:07:57.836 12635 12635 I TRACKERAUDIT: doTheTransmitionOfLocationPackageThroughCloud: transmited package successfuly
11-03 20:07:57.836 12635 12635 I TRACKERAUDIT: tryTransmitLocationPackage: doTheTransmitionOfLocationPackageThroughCloud success
11-03 20:07:57.867 12635 12635 I TRACKERAUDIT: 36handleNewLocation: parkNotificationTimer scheduled
11-03 20:07:58.707 12635 12635 I TRACKERAUDIT: transmitOldStoredLocations: reading stored locations to transmit
11-03 20:08:02.669 12635 13115 I TRACKERAUDIT: 36handleNewLocation: parkNotificationTimer triggered || data: {"accuracy":8.576,"altitude":907.0,"latitude":-19.92997189,"longitude":-43.94710293,"originSpeed":0.0,"originTime":1604444878000,"parked":true,"provider":"gps","speed":0.0,"time":1604444882667}
11-03 20:08:02.685 12635 13115 I TRACKERAUDIT: tryTransmitLocationPackage: calling doTheTransmitionOfLocationPackageThroughCloud
11-03 20:08:03.358 12635 13115 I TRACKERAUDIT: doTheTransmitionOfLocationPackageThroughCloud: transmited package successfuly
11-03 20:08:03.358 12635 13115 I TRACKERAUDIT: tryTransmitLocationPackage: doTheTransmitionOfLocationPackageThroughCloud success
11-03 20:08:03.731 12635 12635 I TRACKERAUDIT: transmitOldStoredLocations: reading stored locations to transmit
11-03 20:08:08.753 12635 12635 I TRACKERAUDIT: transmitOldStoredLocations: reading stored locations to transmit
11-03 20:08:13.767 12635 12635 I TRACKERAUDIT: transmitOldStoredLocations: reading stored locations to transmit
11-03 20:08:18.778 12635 12635 I TRACKERAUDIT: transmitOldStoredLocations: reading stored locations to transmit
11-03 20:08:23.159 12635 12635 I TRACKERAUDIT: Device location changed. || data: {"accuracy":11.792,"altitude":905.0,"latitude":-19.93001404,"longitude":-43.94707029,"parked":false,"provider":"gps","speed":0.0,"time":1604444904000}
11-03 20:08:23.159 12635 12635 I TRACKERAUDIT: 37handleNewLocation: triggered
11-03 20:08:23.161 12635 12635 I TRACKERAUDIT: 37handleNewLocation: parkNotificationTimer canceled
11-03 20:08:23.163 12635 12635 I TRACKERAUDIT: 37handleNewLocation: calling storeAndTryTransmitLocationPackage || data: {"accuracy":11.792,"altitude":905.0,"latitude":-19.93001404,"longitude":-43.94707029,"parked":false,"provider":"gps","speed":0.0,"time":1604444904000}
11-03 20:08:23.195 12635 12635 I TRACKERAUDIT: tryTransmitLocationPackage: calling doTheTransmitionOfLocationPackageThroughCloud
11-03 20:08:23.995 12635 12635 I TRACKERAUDIT: doTheTransmitionOfLocationPackageThroughCloud: transmited package successfuly
11-03 20:08:23.995 12635 12635 I TRACKERAUDIT: tryTransmitLocationPackage: doTheTransmitionOfLocationPackageThroughCloud success
11-03 20:08:24.023 12635 12635 I TRACKERAUDIT: 37handleNewLocation: parkNotificationTimer scheduled
11-03 20:08:24.049 12635 12635 I TRACKERAUDIT: transmitOldStoredLocations: reading stored locations to transmit
11-03 20:08:28.827 12635 13121 I TRACKERAUDIT: 37handleNewLocation: parkNotificationTimer triggered || data: {"accuracy":11.792,"altitude":905.0,"latitude":-19.93001404,"longitude":-43.94707029,"originSpeed":0.0,"originTime":1604444904000,"parked":true,"provider":"gps","speed":0.0,"time":1604444908825}
11-03 20:08:28.857 12635 13121 I TRACKERAUDIT: tryTransmitLocationPackage: calling doTheTransmitionOfLocationPackageThroughCloud
11-03 20:08:29.072 12635 12635 I TRACKERAUDIT: transmitOldStoredLocations: reading stored locations to transmit
11-03 20:08:29.084 12635 12635 I TRACKERAUDIT: transmitOldStoredLocations: calling tryTransmitLocationPackage (ID: 00000175905E6D1B-0000003B-564F99C5) || data: {"accuracy":11.792,"altitude":905.0,"latitude":-19.93001404,"longitude":-43.94707029,"parked":true,"provider":"stored:gps","speed":0.0,"time":1604444908825}
11-03 20:08:29.085 12635 12635 I TRACKERAUDIT: tryTransmitLocationPackage: calling doTheTransmitionOfLocationPackageThroughCloud
11-03 20:08:29.527 12635 13121 I TRACKERAUDIT: doTheTransmitionOfLocationPackageThroughCloud: transmited package successfuly
11-03 20:08:29.527 12635 13121 I TRACKERAUDIT: tryTransmitLocationPackage: doTheTransmitionOfLocationPackageThroughCloud success
11-03 20:08:29.774 12635 12635 I TRACKERAUDIT: doTheTransmitionOfLocationPackageThroughCloud: transmited package successfuly
11-03 20:08:29.774 12635 12635 I TRACKERAUDIT: tryTransmitLocationPackage: doTheTransmitionOfLocationPackageThroughCloud success
11-03 20:08:30.539 12635 12635 I TRACKERAUDIT: Device location changed. || data: {"accuracy":21.274,"altitude":892.699951171875,"latitude":-19.9298077,"longitude":-43.947137,"parked":false,"provider":"network","time":1604444910404}
11-03 20:08:30.539 12635 12635 I TRACKERAUDIT: 38handleNewLocation: triggered
11-03 20:08:30.541 12635 12635 I TRACKERAUDIT: 38handleNewLocation: parkNotificationTimer canceled
11-03 20:08:30.544 12635 12635 I TRACKERAUDIT: 38handleNewLocation: calling storeAndTryTransmitLocationPackage || data: {"accuracy":21.274,"altitude":892.699951171875,"latitude":-19.9298077,"longitude":-43.947137,"parked":false,"provider":"network","time":1604444910404}
11-03 20:08:30.573 12635 12635 I TRACKERAUDIT: tryTransmitLocationPackage: calling doTheTransmitionOfLocationPackageThroughCloud
11-03 20:08:31.245 12635 12635 I TRACKERAUDIT: doTheTransmitionOfLocationPackageThroughCloud: transmited package successfuly
11-03 20:08:31.245 12635 12635 I TRACKERAUDIT: tryTransmitLocationPackage: doTheTransmitionOfLocationPackageThroughCloud success
11-03 20:08:31.277 12635 12635 I TRACKERAUDIT: 38handleNewLocation: parkNotificationTimer scheduled
11-03 20:08:34.797 12635 12635 I TRACKERAUDIT: transmitOldStoredLocations: reading stored locations to transmit
11-03 20:08:36.079 12635 13126 I TRACKERAUDIT: 38handleNewLocation: parkNotificationTimer triggered || data: {"accuracy":21.274,"altitude":892.699951171875,"latitude":-19.9298077,"longitude":-43.947137,"originTime":1604444910404,"parked":true,"provider":"network","speed":0.0,"time":1604444916078}
11-03 20:08:36.103 12635 13126 I TRACKERAUDIT: tryTransmitLocationPackage: calling doTheTransmitionOfLocationPackageThroughCloud
11-03 20:08:36.758 12635 13126 I TRACKERAUDIT: doTheTransmitionOfLocationPackageThroughCloud: transmited package successfuly
11-03 20:08:36.758 12635 13126 I TRACKERAUDIT: tryTransmitLocationPackage: doTheTransmitionOfLocationPackageThroughCloud success
11-03 20:08:39.833 12635 12635 I TRACKERAUDIT: transmitOldStoredLocations: reading stored locations to transmit
11-03 20:08:41.165 12635 12635 I TRACKERAUDIT: Device location changed. || data: {"accuracy":5.36,"altitude":904.0,"bearing":236.5,"latitude":-19.93005971,"longitude":-43.9470991,"parked":false,"provider":"gps","speed":0.75,"time":1604444922000}
11-03 20:08:41.165 12635 12635 I TRACKERAUDIT: 39handleNewLocation: triggered
11-03 20:08:41.166 12635 12635 I TRACKERAUDIT: 39handleNewLocation: parkNotificationTimer canceled
11-03 20:08:41.168 12635 12635 I TRACKERAUDIT: 39handleNewLocation: calling storeAndTryTransmitLocationPackage || data: {"accuracy":5.36,"altitude":904.0,"bearing":236.5,"latitude":-19.93005971,"longitude":-43.9470991,"parked":false,"provider":"gps","speed":0.75,"time":1604444922000}
11-03 20:08:41.191 12635 12635 I TRACKERAUDIT: tryTransmitLocationPackage: calling doTheTransmitionOfLocationPackageThroughCloud
11-03 20:08:41.933 12635 12635 I TRACKERAUDIT: doTheTransmitionOfLocationPackageThroughCloud: transmited package successfuly
11-03 20:08:41.933 12635 12635 I TRACKERAUDIT: tryTransmitLocationPackage: doTheTransmitionOfLocationPackageThroughCloud success
11-03 20:08:41.966 12635 12635 I TRACKERAUDIT: 39handleNewLocation: parkNotificationTimer scheduled
11-03 20:08:44.863 12635 12635 I TRACKERAUDIT: transmitOldStoredLocations: reading stored locations to transmit
11-03 20:08:45.161 12635 12635 I TRACKERAUDIT: Device location changed. || data: {"accuracy":5.36,"altitude":908.0,"bearing":173.0,"latitude":-19.93009753,"longitude":-43.94712826,"parked":false,"provider":"gps","speed":0.45,"time":1604444926000}
11-03 20:08:45.161 12635 12635 I TRACKERAUDIT: 40handleNewLocation: triggered
11-03 20:08:45.162 12635 12635 I TRACKERAUDIT: 40handleNewLocation: parkNotificationTimer canceled
11-03 20:08:45.164 12635 12635 I TRACKERAUDIT: 40handleNewLocation: calling storeAndTryTransmitLocationPackage || data: {"accuracy":5.36,"altitude":908.0,"bearing":173.0,"latitude":-19.93009753,"longitude":-43.94712826,"parked":false,"provider":"gps","speed":0.45,"time":1604444926000}
11-03 20:08:45.190 12635 12635 I TRACKERAUDIT: tryTransmitLocationPackage: calling doTheTransmitionOfLocationPackageThroughCloud
11-03 20:08:45.878 12635 12635 I TRACKERAUDIT: doTheTransmitionOfLocationPackageThroughCloud: transmited package successfuly
11-03 20:08:45.879 12635 12635 I TRACKERAUDIT: tryTransmitLocationPackage: doTheTransmitionOfLocationPackageThroughCloud success
11-03 20:08:45.910 12635 12635 I TRACKERAUDIT: 40handleNewLocation: parkNotificationTimer scheduled
11-03 20:08:49.893 12635 12635 I TRACKERAUDIT: transmitOldStoredLocations: reading stored locations to transmit
11-03 20:08:50.713 12635 13136 I TRACKERAUDIT: 40handleNewLocation: parkNotificationTimer triggered || data: {"accuracy":5.36,"altitude":908.0,"bearing":173.0,"latitude":-19.93009753,"longitude":-43.94712826,"originSpeed":0.45,"originTime":1604444926000,"parked":true,"provider":"gps","speed":0.0,"time":1604444930712}
11-03 20:08:50.743 12635 13136 I TRACKERAUDIT: tryTransmitLocationPackage: calling doTheTransmitionOfLocationPackageThroughCloud
11-03 20:08:51.159 12635 12635 I TRACKERAUDIT: Device location changed. || data: {"accuracy":8.576,"altitude":899.0,"bearing":199.8,"latitude":-19.93009599,"longitude":-43.9471981,"parked":false,"provider":"gps","speed":0.37,"time":1604444932000}
11-03 20:08:51.159 12635 12635 I TRACKERAUDIT: 41handleNewLocation: triggered
11-03 20:08:51.398 12635 13136 I TRACKERAUDIT: doTheTransmitionOfLocationPackageThroughCloud: transmited package successfuly
11-03 20:08:51.398 12635 13136 I TRACKERAUDIT: tryTransmitLocationPackage: doTheTransmitionOfLocationPackageThroughCloud success
11-03 20:08:51.421 12635 12635 I TRACKERAUDIT: 41handleNewLocation: parkNotificationTimer canceled
11-03 20:08:51.423 12635 12635 I TRACKERAUDIT: 41handleNewLocation: calling storeAndTryTransmitLocationPackage || data: {"accuracy":8.576,"altitude":899.0,"bearing":199.8,"latitude":-19.93009599,"longitude":-43.9471981,"parked":false,"provider":"gps","speed":0.37,"time":1604444932000}
11-03 20:08:51.444 12635 12635 I TRACKERAUDIT: tryTransmitLocationPackage: calling doTheTransmitionOfLocationPackageThroughCloud
11-03 20:08:52.077 12635 12635 I TRACKERAUDIT: doTheTransmitionOfLocationPackageThroughCloud: transmited package successfuly
11-03 20:08:52.077 12635 12635 I TRACKERAUDIT: tryTransmitLocationPackage: doTheTransmitionOfLocationPackageThroughCloud success
11-03 20:08:52.107 12635 12635 I TRACKERAUDIT: 41handleNewLocation: parkNotificationTimer scheduled
11-03 20:08:54.988 12635 12635 I TRACKERAUDIT: transmitOldStoredLocations: reading stored locations to transmit
11-03 20:08:55.164 12635 12635 I TRACKERAUDIT: Device location changed. || data: {"accuracy":9.648001,"altitude":899.0,"latitude":-19.93005034,"longitude":-43.94723854,"parked":false,"provider":"gps","speed":0.0,"time":1604444936000}
11-03 20:08:55.165 12635 12635 I TRACKERAUDIT: 42handleNewLocation: triggered
11-03 20:08:55.169 12635 12635 I TRACKERAUDIT: 42handleNewLocation: parkNotificationTimer canceled
11-03 20:08:55.172 12635 12635 I TRACKERAUDIT: 42handleNewLocation: calling storeAndTryTransmitLocationPackage || data: {"accuracy":9.648001,"altitude":899.0,"latitude":-19.93005034,"longitude":-43.94723854,"parked":false,"provider":"gps","speed":0.0,"time":1604444936000}
11-03 20:08:55.194 12635 12635 I TRACKERAUDIT: tryTransmitLocationPackage: calling doTheTransmitionOfLocationPackageThroughCloud
11-03 20:08:56.886 12635 12635 I TRACKERAUDIT: doTheTransmitionOfLocationPackageThroughCloud: transmited package successfuly
11-03 20:08:56.886 12635 12635 I TRACKERAUDIT: tryTransmitLocationPackage: doTheTransmitionOfLocationPackageThroughCloud success
11-03 20:08:56.917 12635 12635 I TRACKERAUDIT: 42handleNewLocation: parkNotificationTimer scheduled
11-03 20:09:00.015 12635 12635 I TRACKERAUDIT: transmitOldStoredLocations: reading stored locations to transmit
11-03 20:09:01.721 12635 13142 I TRACKERAUDIT: 42handleNewLocation: parkNotificationTimer triggered || data: {"accuracy":9.648001,"altitude":899.0,"latitude":-19.93005034,"longitude":-43.94723854,"originSpeed":0.0,"originTime":1604444936000,"parked":true,"provider":"gps","speed":0.0,"time":1604444941720}
11-03 20:09:01.747 12635 13142 I TRACKERAUDIT: tryTransmitLocationPackage: calling doTheTransmitionOfLocationPackageThroughCloud
11-03 20:09:02.398 12635 13142 I TRACKERAUDIT: doTheTransmitionOfLocationPackageThroughCloud: transmited package successfuly
11-03 20:09:02.398 12635 13142 I TRACKERAUDIT: tryTransmitLocationPackage: doTheTransmitionOfLocationPackageThroughCloud success
11-03 20:09:03.159 12635 12635 I TRACKERAUDIT: Device location changed. || data: {"accuracy":11.792,"altitude":902.0,"latitude":-19.93000617,"longitude":-43.94726684,"parked":false,"provider":"gps","speed":0.0,"time":1604444944000}
11-03 20:09:03.159 12635 12635 I TRACKERAUDIT: 43handleNewLocation: triggered
11-03 20:09:03.160 12635 12635 I TRACKERAUDIT: 43handleNewLocation: parkNotificationTimer canceled
11-03 20:09:03.162 12635 12635 I TRACKERAUDIT: 43handleNewLocation: calling storeAndTryTransmitLocationPackage || data: {"accuracy":11.792,"altitude":902.0,"latitude":-19.93000617,"longitude":-43.94726684,"parked":false,"provider":"gps","speed":0.0,"time":1604444944000}
11-03 20:09:03.187 12635 12635 I TRACKERAUDIT: tryTransmitLocationPackage: calling doTheTransmitionOfLocationPackageThroughCloud
11-03 20:09:03.839 12635 12635 I TRACKERAUDIT: doTheTransmitionOfLocationPackageThroughCloud: transmited package successfuly
11-03 20:09:03.839 12635 12635 I TRACKERAUDIT: tryTransmitLocationPackage: doTheTransmitionOfLocationPackageThroughCloud success
11-03 20:09:03.873 12635 12635 I TRACKERAUDIT: 43handleNewLocation: parkNotificationTimer scheduled
11-03 20:09:05.041 12635 12635 I TRACKERAUDIT: transmitOldStoredLocations: reading stored locations to transmit
11-03 20:09:08.673 12635 13147 I TRACKERAUDIT: 43handleNewLocation: parkNotificationTimer triggered || data: {"accuracy":11.792,"altitude":902.0,"latitude":-19.93000617,"longitude":-43.94726684,"originSpeed":0.0,"originTime":1604444944000,"parked":true,"provider":"gps","speed":0.0,"time":1604444948672}
11-03 20:09:08.713 12635 13147 I TRACKERAUDIT: tryTransmitLocationPackage: calling doTheTransmitionOfLocationPackageThroughCloud
11-03 20:09:09.191 12635 12635 I TRACKERAUDIT: Device location changed. || data: {"accuracy":11.792,"altitude":900.0,"bearing":11.2,"latitude":-19.92995822,"longitude":-43.94726812,"parked":false,"provider":"gps","speed":0.44,"time":1604444950000}
11-03 20:09:09.191 12635 12635 I TRACKERAUDIT: 44handleNewLocation: triggered
11-03 20:09:09.358 12635 13147 I TRACKERAUDIT: doTheTransmitionOfLocationPackageThroughCloud: transmited package successfuly
11-03 20:09:09.358 12635 13147 I TRACKERAUDIT: tryTransmitLocationPackage: doTheTransmitionOfLocationPackageThroughCloud success
11-03 20:09:09.382 12635 12635 I TRACKERAUDIT: 44handleNewLocation: parkNotificationTimer canceled
11-03 20:09:09.383 12635 12635 I TRACKERAUDIT: 44handleNewLocation: calling storeAndTryTransmitLocationPackage || data: {"accuracy":11.792,"altitude":900.0,"bearing":11.2,"latitude":-19.92995822,"longitude":-43.94726812,"parked":false,"provider":"gps","speed":0.44,"time":1604444950000}
11-03 20:09:09.404 12635 12635 I TRACKERAUDIT: tryTransmitLocationPackage: calling doTheTransmitionOfLocationPackageThroughCloud
11-03 20:09:10.036 12635 12635 I TRACKERAUDIT: doTheTransmitionOfLocationPackageThroughCloud: transmited package successfuly
11-03 20:09:10.036 12635 12635 I TRACKERAUDIT: tryTransmitLocationPackage: doTheTransmitionOfLocationPackageThroughCloud success
11-03 20:09:10.063 12635 12635 I TRACKERAUDIT: 44handleNewLocation: parkNotificationTimer scheduled
11-03 20:09:10.089 12635 12635 I TRACKERAUDIT: transmitOldStoredLocations: reading stored locations to transmit
11-03 20:09:10.647 12635 12635 I TRACKERAUDIT: Device location changed. || data: {"accuracy":26.291,"altitude":892.7999877929688,"latitude":-19.929872,"longitude":-43.9471301,"parked":false,"provider":"network","time":1604444950429}
11-03 20:09:10.648 12635 12635 I TRACKERAUDIT: 45handleNewLocation: triggered
11-03 20:09:10.649 12635 12635 I TRACKERAUDIT: 45handleNewLocation: parkNotificationTimer canceled
11-03 20:09:10.650 12635 12635 I TRACKERAUDIT: 45handleNewLocation: calling storeAndTryTransmitLocationPackage || data: {"accuracy":26.291,"altitude":892.7999877929688,"latitude":-19.929872,"longitude":-43.9471301,"parked":false,"provider":"network","time":1604444950429}
11-03 20:09:10.682 12635 12635 I TRACKERAUDIT: tryTransmitLocationPackage: calling doTheTransmitionOfLocationPackageThroughCloud
11-03 20:09:11.318 12635 12635 I TRACKERAUDIT: doTheTransmitionOfLocationPackageThroughCloud: transmited package successfuly
11-03 20:09:11.318 12635 12635 I TRACKERAUDIT: tryTransmitLocationPackage: doTheTransmitionOfLocationPackageThroughCloud success
11-03 20:09:11.339 12635 12635 I TRACKERAUDIT: 45handleNewLocation: parkNotificationTimer scheduled
11-03 20:09:15.112 12635 12635 I TRACKERAUDIT: transmitOldStoredLocations: reading stored locations to transmit
11-03 20:09:16.141 12635 13152 I TRACKERAUDIT: 45handleNewLocation: parkNotificationTimer triggered || data: {"accuracy":26.291,"altitude":892.7999877929688,"latitude":-19.929872,"longitude":-43.9471301,"originTime":1604444950429,"parked":true,"provider":"network","speed":0.0,"time":1604444956140}
11-03 20:09:16.162 12635 13152 I TRACKERAUDIT: tryTransmitLocationPackage: calling doTheTransmitionOfLocationPackageThroughCloud
11-03 20:09:16.838 12635 13152 I TRACKERAUDIT: doTheTransmitionOfLocationPackageThroughCloud: transmited package successfuly
11-03 20:09:16.838 12635 13152 I TRACKERAUDIT: tryTransmitLocationPackage: doTheTransmitionOfLocationPackageThroughCloud success
11-03 20:09:20.202 12635 12635 I TRACKERAUDIT: transmitOldStoredLocations: reading stored locations to transmit
11-03 20:09:25.234 12635 12635 I TRACKERAUDIT: transmitOldStoredLocations: reading stored locations to transmit
11-03 20:09:30.249 12635 12635 I TRACKERAUDIT: transmitOldStoredLocations: reading stored locations to transmit
11-03 20:09:33.154 12635 12635 I TRACKERAUDIT: Device location changed. || data: {"accuracy":8.576,"altitude":902.0,"latitude":-19.9299901,"longitude":-43.94730399,"parked":false,"provider":"gps","speed":0.0,"time":1604444974000}
11-03 20:09:33.155 12635 12635 I TRACKERAUDIT: 46handleNewLocation: triggered
11-03 20:09:33.156 12635 12635 I TRACKERAUDIT: 46handleNewLocation: parkNotificationTimer canceled
11-03 20:09:33.159 12635 12635 I TRACKERAUDIT: 46handleNewLocation: calling storeAndTryTransmitLocationPackage || data: {"accuracy":8.576,"altitude":902.0,"latitude":-19.9299901,"longitude":-43.94730399,"parked":false,"provider":"gps","speed":0.0,"time":1604444974000}
11-03 20:09:33.186 12635 12635 I TRACKERAUDIT: tryTransmitLocationPackage: calling doTheTransmitionOfLocationPackageThroughCloud
11-03 20:09:34.039 12635 12635 I TRACKERAUDIT: doTheTransmitionOfLocationPackageThroughCloud: transmited package successfuly
11-03 20:09:34.040 12635 12635 I TRACKERAUDIT: tryTransmitLocationPackage: doTheTransmitionOfLocationPackageThroughCloud success
11-03 20:09:34.069 12635 12635 I TRACKERAUDIT: 46handleNewLocation: parkNotificationTimer scheduled
11-03 20:09:35.262 12635 12635 I TRACKERAUDIT: transmitOldStoredLocations: reading stored locations to transmit
11-03 20:09:38.873 12635 13158 I TRACKERAUDIT: 46handleNewLocation: parkNotificationTimer triggered || data: {"accuracy":8.576,"altitude":902.0,"latitude":-19.9299901,"longitude":-43.94730399,"originSpeed":0.0,"originTime":1604444974000,"parked":true,"provider":"gps","speed":0.0,"time":1604444978872}
11-03 20:09:38.904 12635 13158 I TRACKERAUDIT: tryTransmitLocationPackage: calling doTheTransmitionOfLocationPackageThroughCloud
11-03 20:09:39.564 12635 13158 I TRACKERAUDIT: doTheTransmitionOfLocationPackageThroughCloud: transmited package successfuly
11-03 20:09:39.564 12635 13158 I TRACKERAUDIT: tryTransmitLocationPackage: doTheTransmitionOfLocationPackageThroughCloud success
11-03 20:09:40.292 12635 12635 I TRACKERAUDIT: transmitOldStoredLocations: reading stored locations to transmit
11-03 20:09:41.158 12635 12635 I TRACKERAUDIT: Device location changed. || data: {"accuracy":11.792,"altitude":897.0,"latitude":-19.92992818,"longitude":-43.94729896,"parked":false,"provider":"gps","speed":0.0,"time":1604444982000}
11-03 20:09:41.158 12635 12635 I TRACKERAUDIT: 47handleNewLocation: triggered
11-03 20:09:41.159 12635 12635 I TRACKERAUDIT: 47handleNewLocation: parkNotificationTimer canceled
11-03 20:09:41.161 12635 12635 I TRACKERAUDIT: 47handleNewLocation: calling storeAndTryTransmitLocationPackage || data: {"accuracy":11.792,"altitude":897.0,"latitude":-19.92992818,"longitude":-43.94729896,"parked":false,"provider":"gps","speed":0.0,"time":1604444982000}
11-03 20:09:41.187 12635 12635 I TRACKERAUDIT: tryTransmitLocationPackage: calling doTheTransmitionOfLocationPackageThroughCloud
11-03 20:09:41.839 12635 12635 I TRACKERAUDIT: doTheTransmitionOfLocationPackageThroughCloud: transmited package successfuly
11-03 20:09:41.839 12635 12635 I TRACKERAUDIT: tryTransmitLocationPackage: doTheTransmitionOfLocationPackageThroughCloud success
11-03 20:09:41.869 12635 12635 I TRACKERAUDIT: 47handleNewLocation: parkNotificationTimer scheduled
11-03 20:09:45.320 12635 12635 I TRACKERAUDIT: transmitOldStoredLocations: reading stored locations to transmit
11-03 20:09:46.673 12635 13161 I TRACKERAUDIT: 47handleNewLocation: parkNotificationTimer triggered || data: {"accuracy":11.792,"altitude":897.0,"latitude":-19.92992818,"longitude":-43.94729896,"originSpeed":0.0,"originTime":1604444982000,"parked":true,"provider":"gps","speed":0.0,"time":1604444986672}
11-03 20:09:46.705 12635 13161 I TRACKERAUDIT: tryTransmitLocationPackage: calling doTheTransmitionOfLocationPackageThroughCloud
11-03 20:09:48.118 12635 13161 I TRACKERAUDIT: doTheTransmitionOfLocationPackageThroughCloud: transmited package successfuly
11-03 20:09:48.118 12635 13161 I TRACKERAUDIT: tryTransmitLocationPackage: doTheTransmitionOfLocationPackageThroughCloud success
11-03 20:09:49.279 12635 12635 I TRACKERAUDIT: Device location changed. || data: {"accuracy":26.002,"altitude":892.699951171875,"latitude":-19.9299935,"longitude":-43.9473432,"parked":false,"provider":"network","time":1604444972407}
11-03 20:09:49.279 12635 12635 I TRACKERAUDIT: 48handleNewLocation: triggered
11-03 20:09:49.281 12635 12635 I TRACKERAUDIT: 48handleNewLocation: parkNotificationTimer canceled
11-03 20:09:49.282 12635 12635 I TRACKERAUDIT: 48handleNewLocation: calling storeAndTryTransmitLocationPackage || data: {"accuracy":26.002,"altitude":892.699951171875,"latitude":-19.9299935,"longitude":-43.9473432,"parked":false,"provider":"network","time":1604444972407}
11-03 20:09:49.307 12635 12635 I TRACKERAUDIT: tryTransmitLocationPackage: calling doTheTransmitionOfLocationPackageThroughCloud
11-03 20:09:49.966 12635 12635 I TRACKERAUDIT: doTheTransmitionOfLocationPackageThroughCloud: transmited package successfuly
11-03 20:09:49.966 12635 12635 I TRACKERAUDIT: tryTransmitLocationPackage: doTheTransmitionOfLocationPackageThroughCloud success
11-03 20:09:49.993 12635 12635 I TRACKERAUDIT: 48handleNewLocation: parkNotificationTimer scheduled
11-03 20:09:50.417 12635 12635 I TRACKERAUDIT: transmitOldStoredLocations: reading stored locations to transmit
11-03 20:09:51.156 12635 12635 I TRACKERAUDIT: Device location changed. || data: {"accuracy":11.792,"altitude":893.0,"latitude":-19.92987657,"longitude":-43.94730541,"parked":false,"provider":"gps","speed":0.0,"time":1604444992000}
11-03 20:09:51.156 12635 12635 I TRACKERAUDIT: 49handleNewLocation: triggered
11-03 20:09:51.159 12635 12635 I TRACKERAUDIT: 49handleNewLocation: parkNotificationTimer canceled
11-03 20:09:51.161 12635 12635 I TRACKERAUDIT: 49handleNewLocation: calling storeAndTryTransmitLocationPackage || data: {"accuracy":11.792,"altitude":893.0,"latitude":-19.92987657,"longitude":-43.94730541,"parked":false,"provider":"gps","speed":0.0,"time":1604444992000}
11-03 20:09:51.188 12635 12635 I TRACKERAUDIT: tryTransmitLocationPackage: calling doTheTransmitionOfLocationPackageThroughCloud
11-03 20:09:51.829 12635 12635 I TRACKERAUDIT: doTheTransmitionOfLocationPackageThroughCloud: transmited package successfuly
11-03 20:09:51.829 12635 12635 I TRACKERAUDIT: tryTransmitLocationPackage: doTheTransmitionOfLocationPackageThroughCloud success
11-03 20:09:51.856 12635 12635 I TRACKERAUDIT: 49handleNewLocation: parkNotificationTimer scheduled
11-03 20:09:55.444 12635 12635 I TRACKERAUDIT: transmitOldStoredLocations: reading stored locations to transmit
11-03 20:09:56.658 12635 13171 I TRACKERAUDIT: 49handleNewLocation: parkNotificationTimer triggered || data: {"accuracy":11.792,"altitude":893.0,"latitude":-19.92987657,"longitude":-43.94730541,"originSpeed":0.0,"originTime":1604444992000,"parked":true,"provider":"gps","speed":0.0,"time":1604444996657}
11-03 20:09:56.684 12635 13171 I TRACKERAUDIT: tryTransmitLocationPackage: calling doTheTransmitionOfLocationPackageThroughCloud
11-03 20:09:57.354 12635 13171 I TRACKERAUDIT: doTheTransmitionOfLocationPackageThroughCloud: transmited package successfuly
11-03 20:09:57.354 12635 13171 I TRACKERAUDIT: tryTransmitLocationPackage: doTheTransmitionOfLocationPackageThroughCloud success
11-03 20:09:59.537 12635 12635 I TRACKERAUDIT: Device location changed. || data: {"accuracy":23.765,"altitude":892.5999755859375,"latitude":-19.930063,"longitude":-43.9473251,"parked":false,"provider":"network","time":1604444999427}
11-03 20:09:59.537 12635 12635 I TRACKERAUDIT: 50handleNewLocation: triggered
11-03 20:09:59.539 12635 12635 I TRACKERAUDIT: 50handleNewLocation: parkNotificationTimer canceled
11-03 20:09:59.540 12635 12635 I TRACKERAUDIT: 50handleNewLocation: calling storeAndTryTransmitLocationPackage || data: {"accuracy":23.765,"altitude":892.5999755859375,"latitude":-19.930063,"longitude":-43.9473251,"parked":false,"provider":"network","time":1604444999427}
11-03 20:09:59.560 12635 12635 I TRACKERAUDIT: tryTransmitLocationPackage: calling doTheTransmitionOfLocationPackageThroughCloud
